Archive member included to satisfy reference by file (symbol)

/home/palatrauss/optee_with_ftpm_ta/optee_os/out/arm/export-ta_arm32/lib/libutils.a(stack_check.o)
                              out/acipher_ta.o (__stack_chk_guard)
/home/palatrauss/optee_with_ftpm_ta/optee_os/out/arm/export-ta_arm32/lib/libutils.a(trace.o)
                              out/acipher_ta.o (trace_printf)
/home/palatrauss/optee_with_ftpm_ta/optee_os/out/arm/export-ta_arm32/lib/libutils.a(aeabi_unwind.o)
                              out/acipher_ta.o (__aeabi_unwind_cpp_pr0)
/home/palatrauss/optee_with_ftpm_ta/optee_os/out/arm/export-ta_arm32/lib/libutils.a(snprintk.o)
                              /home/palatrauss/optee_with_ftpm_ta/optee_os/out/arm/export-ta_arm32/lib/libutils.a(trace.o) (snprintk)
/home/palatrauss/optee_with_ftpm_ta/optee_os/out/arm/export-ta_arm32/lib/libutils.a(memchr.o)
                              /home/palatrauss/optee_with_ftpm_ta/optee_os/out/arm/export-ta_arm32/lib/libutils.a(snprintk.o) (memchr)
/home/palatrauss/optee_with_ftpm_ta/optee_os/out/arm/export-ta_arm32/lib/libutils.a(strlen.o)
                              /home/palatrauss/optee_with_ftpm_ta/optee_os/out/arm/export-ta_arm32/lib/libutils.a(snprintk.o) (strlen)
/home/palatrauss/optee_with_ftpm_ta/optee_os/out/arm/export-ta_arm32/lib/libutils.a(arm32_aeabi_ldivmod_a32.o)
                              /home/palatrauss/optee_with_ftpm_ta/optee_os/out/arm/export-ta_arm32/lib/libutils.a(snprintk.o) (__aeabi_uldivmod)
/home/palatrauss/optee_with_ftpm_ta/optee_os/out/arm/export-ta_arm32/lib/libutils.a(arm32_aeabi_ldivmod.o)
                              /home/palatrauss/optee_with_ftpm_ta/optee_os/out/arm/export-ta_arm32/lib/libutils.a(arm32_aeabi_ldivmod_a32.o) (__ul_divmod)
/home/palatrauss/optee_with_ftpm_ta/optee_os/out/arm/export-ta_arm32/lib/libutee.a(trace_ext.o)
                              /home/palatrauss/optee_with_ftpm_ta/optee_os/out/arm/export-ta_arm32/lib/libutils.a(trace.o) (trace_ext_puts)
/home/palatrauss/optee_with_ftpm_ta/optee_os/out/arm/export-ta_arm32/lib/libutee.a(tee_api.o)
                              out/acipher_ta.o (__GP11_TEE_Malloc)
/home/palatrauss/optee_with_ftpm_ta/optee_os/out/arm/export-ta_arm32/lib/libutee.a(tee_api_objects.o)
                              out/acipher_ta.o (__GP11_TEE_GetObjectInfo1)
/home/palatrauss/optee_with_ftpm_ta/optee_os/out/arm/export-ta_arm32/lib/libutee.a(tee_api_operations.o)
                              out/acipher_ta.o (TEE_AllocateOperation)
/home/palatrauss/optee_with_ftpm_ta/optee_os/out/arm/export-ta_arm32/lib/libutee.a(tee_api_panic.o)
                              /home/palatrauss/optee_with_ftpm_ta/optee_os/out/arm/export-ta_arm32/lib/libutee.a(tee_api.o) (TEE_Panic)
/home/palatrauss/optee_with_ftpm_ta/optee_os/out/arm/export-ta_arm32/lib/libutee.a(tee_system_pta.o)
                              /home/palatrauss/optee_with_ftpm_ta/optee_os/out/arm/export-ta_arm32/lib/libutee.a(tee_api.o) (tee_map_zi)
/home/palatrauss/optee_with_ftpm_ta/optee_os/out/arm/export-ta_arm32/lib/libutee.a(user_ta_entry.o)
                              /home/palatrauss/optee_with_ftpm_ta/optee_os/out/arm/export-ta_arm32/lib/libutee.a(tee_api.o) (ta_param_types)
/home/palatrauss/optee_with_ftpm_ta/optee_os/out/arm/export-ta_arm32/lib/libutee.a(user_ta_entry_compat.o)
                              out/user_ta_header.o (__ta_open_sess)
/home/palatrauss/optee_with_ftpm_ta/optee_os/out/arm/export-ta_arm32/lib/libutee.a(utee_syscalls_a32.o)
                              /home/palatrauss/optee_with_ftpm_ta/optee_os/out/arm/export-ta_arm32/lib/libutils.a(stack_check.o) (_utee_panic)
/home/palatrauss/optee_with_ftpm_ta/optee_os/out/arm/export-ta_arm32/lib/libutee.a(abort.o)
                              /home/palatrauss/optee_with_ftpm_ta/optee_os/out/arm/export-ta_arm32/lib/libutee.a(user_ta_entry.o) (abort)
/home/palatrauss/optee_with_ftpm_ta/optee_os/out/arm/export-ta_arm32/lib/libutee.a(assert.o)
                              /home/palatrauss/optee_with_ftpm_ta/optee_os/out/arm/export-ta_arm32/lib/libutee.a(tee_api_operations.o) (_assert_log)
/home/palatrauss/optee_with_ftpm_ta/optee_os/out/arm/export-ta_arm32/lib/libutee.a(tee_api_arith_mpi.o)
                              /home/palatrauss/optee_with_ftpm_ta/optee_os/out/arm/export-ta_arm32/lib/libutee.a(user_ta_entry.o) (_TEE_MathAPI_Init)
/home/palatrauss/optee_with_ftpm_ta/optee_os/out/arm/export-ta_arm32/lib/libutee.a(tee_api_property.o)
                              /home/palatrauss/optee_with_ftpm_ta/optee_os/out/arm/export-ta_arm32/lib/libutee.a(user_ta_entry.o) (TEE_GetPropertyAsU32)
/home/palatrauss/optee_with_ftpm_ta/optee_os/out/arm/export-ta_arm32/lib/libutee.a(tcb.o)
                              /home/palatrauss/optee_with_ftpm_ta/optee_os/out/arm/export-ta_arm32/lib/libutee.a(user_ta_entry.o) (__utee_tcb_init)
/home/palatrauss/optee_with_ftpm_ta/optee_os/out/arm/export-ta_arm32/lib/libmbedtls.a(bignum.o)
[...]
Memory Configuration

Name             Origin             Length             Attributes
*default*        0x0000000000000000 0xffffffffffffffff

Linker script and memory map


.text           0x0000000000000000    0x1a27e
                0x0000000000000000                __text_start = .
 *(SORT_BY_ALIGNMENT(.text) SORT_BY_ALIGNMENT(.text.*))
 .text          0x0000000000000000      0x400 out/acipher_ta.o
                0x00000000000002f8                TA_CreateEntryPoint
                0x000000000000030c                TA_DestroyEntryPoint
                0x000000000000031c                __GP11_TA_OpenSessionEntryPoint
                0x0000000000000364                TA_CloseSessionEntryPoint
                0x000000000000038c                __GP11_TA_InvokeCommandEntryPoint
 .text          0x0000000000000400       0xcc out/user_ta_header.o
                0x0000000000000400                __ta_entry_c
                0x0000000000000448                tahead_get_trace_level
                0x000000000000045c                TA_OpenSessionEntryPoint
                0x0000000000000490                TA_InvokeCommandEntryPoint
 .text.__ta_entry
                0x00000000000004cc        0x4 out/ta_entry_a32.o
                0x00000000000004cc                __ta_entry
 .text          0x00000000000004d0       0x34 /home/palatrauss/optee_with_ftpm_ta/optee_os/out/arm/export-ta_arm32/lib/libutils.a(stack_check.o)
                0x00000000000004d0                __stack_chk_fail
 .text          0x0000000000000504      0x704 /home/palatrauss/optee_with_ftpm_ta/optee_os/out/arm/export-ta_arm32/lib/libutils.a(trace.o)
                0x0000000000000504                trace_set_level
                0x000000000000054c                trace_get_level
                0x0000000000000660                trace_printf
                0x00000000000006d0                trace_vprintf
                0x0000000000000be8                dhex_dump
 .text          0x0000000000000c08     0x10a0 /home/palatrauss/optee_with_ftpm_ta/optee_os/out/arm/export-ta_arm32/lib/libutils.a(snprintk.o)
                0x0000000000000c08                snprintk
                0x0000000000000c78                vsnprintk
                0x0000000000000ca6                __vsnprintf
                0x0000000000000d4c                __vsprintf
 .text.__aeabi_ldivmod
                0x0000000000001ca8       0x18 /home/palatrauss/optee_with_ftpm_ta/optee_os/out/arm/export-ta_arm32/lib/libutils.a(arm32_aeabi_ldivmod_a32.o)
                0x0000000000001ca8                __aeabi_ldivmod
 .text.__aeabi_uldivmod
                0x0000000000001cc0       0x18 /home/palatrauss/optee_with_ftpm_ta/optee_os/out/arm/export-ta_arm32/lib/libutils.a(arm32_aeabi_ldivmod_a32.o)
                0x0000000000001cc0                __aeabi_uldivmod
 .text          0x0000000000001cd8      0x350 /home/palatrauss/optee_with_ftpm_ta/optee_os/out/arm/export-ta_arm32/lib/libutils.a(arm32_aeabi_ldivmod.o)
                0x0000000000001e7e                __ul_divmod
                0x0000000000001f14                __l_divmod
 .text          0x0000000000002028      0x1bc /home/palatrauss/optee_with_ftpm_ta/optee_os/out/arm/export-ta_arm32/lib/libutee.a(trace_ext.o)
                0x0000000000002028                trace_ext_puts
                0x000000000000204c                trace_ext_get_thread_id
                0x0000000000002060                printf
                0x0000000000002140                puts
                0x0000000000002178                putchar
 .text          0x00000000000021e4     0x16fc /home/palatrauss/optee_with_ftpm_ta/optee_os/out/arm/export-ta_arm32/lib/libutee.a(tee_api.o)
                0x0000000000002b98                TEE_OpenTASession
                0x0000000000002ce4                __GP11_TEE_OpenTASession
                0x0000000000002e28                TEE_CloseTASession
                0x0000000000002e58                TEE_InvokeTACommand
                0x0000000000002fd4                __GP11_TEE_InvokeTACommand
                0x0000000000003148                TEE_GetCancellationFlag
                0x00000000000031b4                TEE_UnmaskCancellation
                0x0000000000003220                TEE_MaskCancellation
                0x000000000000328c                TEE_CheckMemoryAccessRights
                0x0000000000003320                __GP11_TEE_CheckMemoryAccessRights
                0x0000000000003344                TEE_SetInstanceData
                0x0000000000003368                TEE_GetInstanceData
                0x0000000000003384                TEE_MemMove
                0x00000000000033a8                __GP11_TEE_MemMove
                0x00000000000033cc                TEE_MemCompare
                0x00000000000033f0                __GP11_TEE_MemCompare
                0x0000000000003414                TEE_MemFill
                0x0000000000003438                __GP11_TEE_MemFill
                0x000000000000345a                TEE_GetSystemTime
                0x0000000000003486                TEE_Wait
                0x00000000000034be                TEE_GetTAPersistentTime
                0x0000000000003542                TEE_SetTAPersistentTime
                0x0000000000003588                TEE_GetREETime
                0x00000000000035b4                TEE_Malloc
                0x00000000000036dc                __GP11_TEE_Malloc
                0x000000000000371c                TEE_Realloc
                0x00000000000037f4                __GP11_TEE_Realloc
                0x0000000000003814                TEE_Free
                0x0000000000003874                TEE_CacheClean
                0x0000000000003898                TEE_CacheFlush
                0x00000000000038bc                TEE_CacheInvalidate
 .text          0x00000000000038e0     0x212c /home/palatrauss/optee_with_ftpm_ta/optee_os/out/arm/export-ta_arm32/lib/libutee.a(tee_api_objects.o)
                0x00000000000038e0                __utee_from_attr
                0x0000000000003a5e                __utee_from_gp11_attr
                0x0000000000003be2                TEE_GetObjectInfo
                0x0000000000003cd0                __GP11_TEE_GetObjectInfo
                0x0000000000003dc0                TEE_GetObjectInfo1
                0x0000000000003e8c                __GP11_TEE_GetObjectInfo1
                0x0000000000003f58                TEE_RestrictObjectUsage
                0x0000000000003ff8                TEE_RestrictObjectUsage1
                0x0000000000004044                TEE_GetObjectBufferAttribute
                0x000000000000416c                __GP11_TEE_GetObjectBufferAttribute
                0x00000000000041f0                TEE_GetObjectValueAttribute
                0x0000000000004334                TEE_CloseObject
                0x0000000000004366                TEE_AllocateTransientObject
                0x00000000000043a2                __GP11_TEE_AllocateTransientObject
                0x0000000000004440                TEE_FreeTransientObject
                0x00000000000044f4                TEE_ResetTransientObject
                0x00000000000045a8                TEE_PopulateTransientObject
                0x0000000000004760                __GP11_TEE_PopulateTransientObject
                0x0000000000004918                TEE_InitRefAttribute
                0x0000000000004960                __GP11_TEE_InitRefAttribute
                0x00000000000049a8                TEE_InitValueAttribute
                0x00000000000049f0                __GP11_TEE_InitValueAttribute
                0x0000000000004a38                TEE_CopyObjectAttributes
                0x0000000000004ad8                TEE_CopyObjectAttributes1
                0x0000000000004bfc                TEE_GenerateKey
                0x0000000000004d58                __GP11_TEE_GenerateKey
                0x0000000000004eb8                TEE_OpenPersistentObject
                0x0000000000004f98                __GP11_TEE_OpenPersistentObject
                0x0000000000004fc4                TEE_CreatePersistentObject
                0x00000000000050f0                __GP11_TEE_CreatePersistentObject
                0x0000000000005132                TEE_CloseAndDeletePersistentObject
                0x0000000000005164                TEE_CloseAndDeletePersistentObject1
                0x00000000000051aa                TEE_RenamePersistentObject
                0x000000000000521a                __GP11_TEE_RenamePersistentObject
                0x000000000000523e                TEE_AllocatePersistentObjectEnumerator
                0x00000000000052cc                TEE_FreePersistentObjectEnumerator
                0x00000000000052fe                TEE_ResetPersistentObjectEnumerator
                0x0000000000005330                TEE_StartPersistentObjectEnumerator
                0x000000000000538a                TEE_GetNextPersistentObject
                0x00000000000054c8                __GP11_TEE_GetNextPersistentObject
                0x0000000000005604                TEE_ReadObjectData
                0x00000000000056cc                __GP11_TEE_ReadObjectData
                0x0000000000005750                TEE_WriteObjectData
                0x00000000000057ce                __GP11_TEE_WriteObjectData
                0x00000000000057f2                TEE_TruncateObjectData
                0x000000000000585e                __GP11_TEE_TruncateObjectData
                0x000000000000587e                TEE_SeekObjectData
                0x00000000000059d0                __GP11_TEE_SeekObjectData
 .text          0x0000000000005a0c     0x59d0 /home/palatrauss/optee_with_ftpm_ta/optee_os/out/arm/export-ta_arm32/lib/libutee.a(tee_api_operations.o)
                0x0000000000005f88                TEE_AllocateOperation
                0x0000000000006f1a                TEE_FreeOperation
                0x0000000000006f5e                __GP11_TEE_FreeOperation
                0x0000000000006f86                TEE_GetOperationInfo
                0x0000000000006ff4                TEE_GetOperationInfoMultiple
                0x00000000000071f0                __GP11_TEE_GetOperationInfoMultiple
                0x00000000000072ce                TEE_ResetOperation
                0x000000000000730a                TEE_SetOperationKey
                0x0000000000007494                __GP11_TEE_SetOperationKey
                0x000000000000773c                TEE_SetOperationKey2
                0x000000000000777e                __GP11_TEE_SetOperationKey2
                0x00000000000077b8                TEE_CopyOperation
                0x000000000000795a                TEE_DigestUpdate
                0x00000000000079b6                __GP11_TEE_DigestUpdate
                0x00000000000079d6                TEE_DigestDoFinal
                0x0000000000007b48                __GP11_TEE_DigestDoFinal
                0x0000000000007bd4                TEE_DigestExtract
                0x0000000000007dbc                TEE_CipherInit
                0x0000000000007ea8                __GP11_TEE_CipherInit
                0x0000000000008244                TEE_CipherUpdate
                0x0000000000008458                __GP11_TEE_CipherUpdate
                0x00000000000084e4                TEE_CipherDoFinal
                0x00000000000087d4                __GP11_TEE_CipherDoFinal
                0x000000000000886c                TEE_MACInit
                0x00000000000088de                __GP11_TEE_MACInit
                0x00000000000088fe                TEE_MACUpdate
                0x0000000000008980                __GP11_TEE_MACUpdate
                0x00000000000089a0                TEE_MACComputeFinal
                0x0000000000008acc                __GP11_TEE_MACComputeFinal
                0x0000000000008b58                TEE_MACCompareFinal
                0x0000000000008c80                __GP11_TEE_MACCompareFinal
                0x0000000000008cac                TEE_AEInit
                0x0000000000008d9a                __GP11_TEE_AEInit
                0x0000000000008dca                TEE_AEUpdateAAD
                0x0000000000008e52                __GP11_TEE_AEUpdateAAD
                0x000000000000902c                TEE_AEUpdate
                0x00000000000090ec                __GP11_TEE_AEUpdate
                0x00000000000091ec                TEE_AEEncryptFinal
                0x000000000000946c                __GP11_TEE_AEEncryptFinal
                0x0000000000009524                TEE_AEDecryptFinal
                0x0000000000009754                __GP11_TEE_AEDecryptFinal
                0x00000000000097ec                TEE_AsymmetricEncrypt
                0x0000000000009a10                __GP11_TEE_AsymmetricEncrypt
                0x0000000000009c18                TEE_AsymmetricDecrypt
                0x0000000000009e3c                __GP11_TEE_AsymmetricDecrypt
                0x000000000000a044                TEE_AsymmetricSignDigest
                0x000000000000a23c                __GP11_TEE_AsymmetricSignDigest
                0x000000000000a434                TEE_AsymmetricVerifyDigest
                0x000000000000a5f8                __GP11_TEE_AsymmetricVerifyDigest
                0x000000000000a7c0                TEE_DeriveKey
                0x000000000000a9d8                __GP11_TEE_DeriveKey
                0x000000000000abf0                TEE_GenerateRandom
                0x000000000000ac1c                __GP11_TEE_GenerateRandom
                0x000000000000ac3a                rand
                0x000000000000ac94                TEE_IsAlgorithmSupported
 .text          0x000000000000b3dc      0x310 /home/palatrauss/optee_with_ftpm_ta/optee_os/out/arm/export-ta_arm32/lib/libutee.a(tee_api_panic.o)
                0x000000000000b3dc                TEE_Panic
                0x000000000000b45a                __utee_check_outbuf_annotation
                0x000000000000b4b4                __utee_check_gp11_outbuf_annotation
                0x000000000000b50c                __utee_check_instring_annotation
                0x000000000000b54c                __utee_check_outstring_annotation
                0x000000000000b5a4                __utee_check_gp11_outstring_annotation
                0x000000000000b5fc                __utee_check_out_annotation
                0x000000000000b630                __utee_check_attr_in_annotation
                0x000000000000b674                __utee_check_gp11_attr_in_annotation
                0x000000000000b6b8                __utee_check_inout_annotation
 .text          0x000000000000b6ec      0x414 /home/palatrauss/optee_with_ftpm_ta/optee_os/out/arm/export-ta_arm32/lib/libutee.a(tee_system_pta.o)
                0x000000000000b84c                tee_map_zi
                0x000000000000b918                tee_unmap
                0x000000000000b9fc                tee_invoke_supp_plugin
 .text          0x000000000000bb00      0xc40 /home/palatrauss/optee_with_ftpm_ta/optee_os/out/arm/export-ta_arm32/lib/libutee.a(user_ta_entry.o)
                0x000000000000bd00                __utee_call_elf_init_fn
                0x000000000000bf24                __utee_call_elf_fini_fn
                0x000000000000c6cc                __utee_entry
 .text          0x000000000000c740      0x2cc /home/palatrauss/optee_with_ftpm_ta/optee_os/out/arm/export-ta_arm32/lib/libutee.a(user_ta_entry_compat.o)
                0x000000000000c8c8                __ta_open_sess
                0x000000000000c960                __ta_invoke_cmd
 .text          0x000000000000ca0c        0x0 /home/palatrauss/optee_with_ftpm_ta/optee_os/out/arm/export-ta_arm32/lib/libutee.a(utee_syscalls_a32.o)
 .text._utee_panic
                0x000000000000ca0c       0x14 /home/palatrauss/optee_with_ftpm_ta/optee_os/out/arm/export-ta_arm32/lib/libutee.a(utee_syscalls_a32.o)
                0x000000000000ca0c                _utee_panic
 .text._utee_return
                0x000000000000ca20       0x14 /home/palatrauss/optee_with_ftpm_ta/optee_os/out/arm/export-ta_arm32/lib/libutee.a(utee_syscalls_a32.o)
                0x000000000000ca20                _utee_return
 .text._utee_log
                0x000000000000ca34       0x14 /home/palatrauss/optee_with_ftpm_ta/optee_os/out/arm/export-ta_arm32/lib/libutee.a(utee_syscalls_a32.o)
                0x000000000000ca34                _utee_log
 .text.__utee_panic
                0x000000000000ca48       0x14 /home/palatrauss/optee_with_ftpm_ta/optee_os/out/arm/export-ta_arm32/lib/libutee.a(utee_syscalls_a32.o)
                0x000000000000ca48                __utee_panic
 .text._utee_get_property
                0x000000000000ca5c       0x18 /home/palatrauss/optee_with_ftpm_ta/optee_os/out/arm/export-ta_arm32/lib/libutee.a(utee_syscalls_a32.o)
                0x000000000000ca5c                _utee_get_property
 .text._utee_get_property_name_to_index
                0x000000000000ca74       0x14 /home/palatrauss/optee_with_ftpm_ta/optee_os/out/arm/export-ta_arm32/lib/libutee.a(utee_syscalls_a32.o)
                0x000000000000ca74                _utee_get_property_name_to_index
 .text._utee_open_ta_session
                0x000000000000ca88       0x18 /home/palatrauss/optee_with_ftpm_ta/optee_os/out/arm/export-ta_arm32/lib/libutee.a(utee_syscalls_a32.o)
                0x000000000000ca88                _utee_open_ta_session
 .text._utee_close_ta_session
                0x000000000000caa0       0x14 /home/palatrauss/optee_with_ftpm_ta/optee_os/out/arm/export-ta_arm32/lib/libutee.a(utee_syscalls_a32.o)
                0x000000000000caa0                _utee_close_ta_session
 .text._utee_invoke_ta_command
                0x000000000000cab4       0x18 /home/palatrauss/optee_with_ftpm_ta/optee_os/out/arm/export-ta_arm32/lib/libutee.a(utee_syscalls_a32.o)
                0x000000000000cab4                _utee_invoke_ta_command
 .text._utee_get_cancellation_flag
                0x000000000000cacc       0x14 /home/palatrauss/optee_with_ftpm_ta/optee_os/out/arm/export-ta_arm32/lib/libutee.a(utee_syscalls_a32.o)
                0x000000000000cacc                _utee_get_cancellation_flag
 .text._utee_check_access_rights
                0x000000000000cae0       0x14 /home/palatrauss/optee_with_ftpm_ta/optee_os/out/arm/export-ta_arm32/lib/libutee.a(utee_syscalls_a32.o)
                0x000000000000cae0                _utee_check_access_rights
 .text._utee_unmask_cancellation
                0x000000000000caf4       0x14 /home/palatrauss/optee_with_ftpm_ta/optee_os/out/arm/export-ta_arm32/lib/libutee.a(utee_syscalls_a32.o)
                0x000000000000caf4                _utee_unmask_cancellation
 .text._utee_mask_cancellation
                0x000000000000cb08       0x14 /home/palatrauss/optee_with_ftpm_ta/optee_os/out/arm/export-ta_arm32/lib/libutee.a(utee_syscalls_a32.o)
                0x000000000000cb08                _utee_mask_cancellation
 .text._utee_wait
                0x000000000000cb1c       0x14 /home/palatrauss/optee_with_ftpm_ta/optee_os/out/arm/export-ta_arm32/lib/libutee.a(utee_syscalls_a32.o)
                0x000000000000cb1c                _utee_wait
 .text._utee_get_time
                0x000000000000cb30       0x14 /home/palatrauss/optee_with_ftpm_ta/optee_os/out/arm/export-ta_arm32/lib/libutee.a(utee_syscalls_a32.o)
                0x000000000000cb30                _utee_get_time
 .text._utee_set_ta_time
                0x000000000000cb44       0x14 /home/palatrauss/optee_with_ftpm_ta/optee_os/out/arm/export-ta_arm32/lib/libutee.a(utee_syscalls_a32.o)
                0x000000000000cb44                _utee_set_ta_time
 .text._utee_cryp_state_alloc
                0x000000000000cb58       0x18 /home/palatrauss/optee_with_ftpm_ta/optee_os/out/arm/export-ta_arm32/lib/libutee.a(utee_syscalls_a32.o)
                0x000000000000cb58                _utee_cryp_state_alloc
 .text._utee_cryp_state_copy
                0x000000000000cb70       0x14 /home/palatrauss/optee_with_ftpm_ta/optee_os/out/arm/export-ta_arm32/lib/libutee.a(utee_syscalls_a32.o)
                0x000000000000cb70                _utee_cryp_state_copy
 .text._utee_cryp_state_free
                0x000000000000cb84       0x14 /home/palatrauss/optee_with_ftpm_ta/optee_os/out/arm/export-ta_arm32/lib/libutee.a(utee_syscalls_a32.o)
                0x000000000000cb84                _utee_cryp_state_free
 .text._utee_hash_init
                0x000000000000cb98       0x14 /home/palatrauss/optee_with_ftpm_ta/optee_os/out/arm/export-ta_arm32/lib/libutee.a(utee_syscalls_a32.o)
                0x000000000000cb98                _utee_hash_init
 .text._utee_hash_update
                0x000000000000cbac       0x14 /home/palatrauss/optee_with_ftpm_ta/optee_os/out/arm/export-ta_arm32/lib/libutee.a(utee_syscalls_a32.o)
                0x000000000000cbac                _utee_hash_update
 .text._utee_hash_final
                0x000000000000cbc0       0x18 /home/palatrauss/optee_with_ftpm_ta/optee_os/out/arm/export-ta_arm32/lib/libutee.a(utee_syscalls_a32.o)
                0x000000000000cbc0                _utee_hash_final
 .text._utee_cipher_init
                0x000000000000cbd8       0x14 /home/palatrauss/optee_with_ftpm_ta/optee_os/out/arm/export-ta_arm32/lib/libutee.a(utee_syscalls_a32.o)
                0x000000000000cbd8                _utee_cipher_init
 .text._utee_cipher_update
                0x000000000000cbec       0x18 /home/palatrauss/optee_with_ftpm_ta/optee_os/out/arm/export-ta_arm32/lib/libutee.a(utee_syscalls_a32.o)
                0x000000000000cbec                _utee_cipher_update
 .text._utee_cipher_final
                0x000000000000cc04       0x18 /home/palatrauss/optee_with_ftpm_ta/optee_os/out/arm/export-ta_arm32/lib/libutee.a(utee_syscalls_a32.o)
                0x000000000000cc04                _utee_cipher_final
 .text._utee_cryp_obj_get_info
                0x000000000000cc1c       0x14 /home/palatrauss/optee_with_ftpm_ta/optee_os/out/arm/export-ta_arm32/lib/libutee.a(utee_syscalls_a32.o)
                0x000000000000cc1c                _utee_cryp_obj_get_info
 .text._utee_cryp_obj_restrict_usage
                0x000000000000cc30       0x14 /home/palatrauss/optee_with_ftpm_ta/optee_os/out/arm/export-ta_arm32/lib/libutee.a(utee_syscalls_a32.o)
                0x000000000000cc30                _utee_cryp_obj_restrict_usage
 .text._utee_cryp_obj_get_attr
                0x000000000000cc44       0x14 /home/palatrauss/optee_with_ftpm_ta/optee_os/out/arm/export-ta_arm32/lib/libutee.a(utee_syscalls_a32.o)
                0x000000000000cc44                _utee_cryp_obj_get_attr
 .text._utee_cryp_obj_alloc
                0x000000000000cc58       0x14 /home/palatrauss/optee_with_ftpm_ta/optee_os/out/arm/export-ta_arm32/lib/libutee.a(utee_syscalls_a32.o)
                0x000000000000cc58                _utee_cryp_obj_alloc
 .text._utee_cryp_obj_close
                0x000000000000cc6c       0x14 /home/palatrauss/optee_with_ftpm_ta/optee_os/out/arm/export-ta_arm32/lib/libutee.a(utee_syscalls_a32.o)
                0x000000000000cc6c                _utee_cryp_obj_close
 .text._utee_cryp_obj_reset
                0x000000000000cc80       0x14 /home/palatrauss/optee_with_ftpm_ta/optee_os/out/arm/export-ta_arm32/lib/libutee.a(utee_syscalls_a32.o)
                0x000000000000cc80                _utee_cryp_obj_reset
 .text._utee_cryp_obj_populate
                0x000000000000cc94       0x14 /home/palatrauss/optee_with_ftpm_ta/optee_os/out/arm/export-ta_arm32/lib/libutee.a(utee_syscalls_a32.o)
                0x000000000000cc94                _utee_cryp_obj_populate
 .text._utee_cryp_obj_copy
                0x000000000000cca8       0x14 /home/palatrauss/optee_with_ftpm_ta/optee_os/out/arm/export-ta_arm32/lib/libutee.a(utee_syscalls_a32.o)
                0x000000000000cca8                _utee_cryp_obj_copy
 .text._utee_cryp_derive_key
                0x000000000000ccbc       0x14 /home/palatrauss/optee_with_ftpm_ta/optee_os/out/arm/export-ta_arm32/lib/libutee.a(utee_syscalls_a32.o)
                0x000000000000ccbc                _utee_cryp_derive_key
 .text._utee_cryp_random_number_generate
                0x000000000000ccd0       0x14 /home/palatrauss/optee_with_ftpm_ta/optee_os/out/arm/export-ta_arm32/lib/libutee.a(utee_syscalls_a32.o)
                0x000000000000ccd0                _utee_cryp_random_number_generate
 .text._utee_authenc_init
                0x000000000000cce4       0x18 /home/palatrauss/optee_with_ftpm_ta/optee_os/out/arm/export-ta_arm32/lib/libutee.a(utee_syscalls_a32.o)
                0x000000000000cce4                _utee_authenc_init
 .text._utee_authenc_update_aad
                0x000000000000ccfc       0x14 /home/palatrauss/optee_with_ftpm_ta/optee_os/out/arm/export-ta_arm32/lib/libutee.a(utee_syscalls_a32.o)
                0x000000000000ccfc                _utee_authenc_update_aad
 .text._utee_authenc_update_payload
                0x000000000000cd10       0x18 /home/palatrauss/optee_with_ftpm_ta/optee_os/out/arm/export-ta_arm32/lib/libutee.a(utee_syscalls_a32.o)
                0x000000000000cd10                _utee_authenc_update_payload
 .text._utee_authenc_enc_final
                0x000000000000cd28       0x18 /home/palatrauss/optee_with_ftpm_ta/optee_os/out/arm/export-ta_arm32/lib/libutee.a(utee_syscalls_a32.o)
                0x000000000000cd28                _utee_authenc_enc_final
 .text._utee_authenc_dec_final
                0x000000000000cd40       0x18 /home/palatrauss/optee_with_ftpm_ta/optee_os/out/arm/export-ta_arm32/lib/libutee.a(utee_syscalls_a32.o)
                0x000000000000cd40                _utee_authenc_dec_final
 .text._utee_asymm_operate
                0x000000000000cd58       0x18 /home/palatrauss/optee_with_ftpm_ta/optee_os/out/arm/export-ta_arm32/lib/libutee.a(utee_syscalls_a32.o)
                0x000000000000cd58                _utee_asymm_operate
 .text._utee_asymm_verify
                0x000000000000cd70       0x18 /home/palatrauss/optee_with_ftpm_ta/optee_os/out/arm/export-ta_arm32/lib/libutee.a(utee_syscalls_a32.o)
                0x000000000000cd70                _utee_asymm_verify
 .text._utee_storage_obj_open
                0x000000000000cd88       0x18 /home/palatrauss/optee_with_ftpm_ta/optee_os/out/arm/export-ta_arm32/lib/libutee.a(utee_syscalls_a32.o)
                0x000000000000cd88                _utee_storage_obj_open
 .text._utee_storage_obj_create
                0x000000000000cda0       0x18 /home/palatrauss/optee_with_ftpm_ta/optee_os/out/arm/export-ta_arm32/lib/libutee.a(utee_syscalls_a32.o)
                0x000000000000cda0                _utee_storage_obj_create
 .text._utee_storage_obj_del
                0x000000000000cdb8       0x14 /home/palatrauss/optee_with_ftpm_ta/optee_os/out/arm/export-ta_arm32/lib/libutee.a(utee_syscalls_a32.o)
                0x000000000000cdb8                _utee_storage_obj_del
 .text._utee_storage_obj_rename
                0x000000000000cdcc       0x14 /home/palatrauss/optee_with_ftpm_ta/optee_os/out/arm/export-ta_arm32/lib/libutee.a(utee_syscalls_a32.o)
                0x000000000000cdcc                _utee_storage_obj_rename
 .text._utee_storage_alloc_enum
                0x000000000000cde0       0x14 /home/palatrauss/optee_with_ftpm_ta/optee_os/out/arm/export-ta_arm32/lib/libutee.a(utee_syscalls_a32.o)
                0x000000000000cde0                _utee_storage_alloc_enum
 .text._utee_storage_free_enum
                0x000000000000cdf4       0x14 /home/palatrauss/optee_with_ftpm_ta/optee_os/out/arm/export-ta_arm32/lib/libutee.a(utee_syscalls_a32.o)
                0x000000000000cdf4                _utee_storage_free_enum
 .text._utee_storage_reset_enum
                0x000000000000ce08       0x14 /home/palatrauss/optee_with_ftpm_ta/optee_os/out/arm/export-ta_arm32/lib/libutee.a(utee_syscalls_a32.o)
                0x000000000000ce08                _utee_storage_reset_enum
 .text._utee_storage_start_enum
                0x000000000000ce1c       0x14 /home/palatrauss/optee_with_ftpm_ta/optee_os/out/arm/export-ta_arm32/lib/libutee.a(utee_syscalls_a32.o)
                0x000000000000ce1c                _utee_storage_start_enum
 .text._utee_storage_next_enum
                0x000000000000ce30       0x14 /home/palatrauss/optee_with_ftpm_ta/optee_os/out/arm/export-ta_arm32/lib/libutee.a(utee_syscalls_a32.o)
                0x000000000000ce30                _utee_storage_next_enum
 .text._utee_storage_obj_read
                0x000000000000ce44       0x14 /home/palatrauss/optee_with_ftpm_ta/optee_os/out/arm/export-ta_arm32/lib/libutee.a(utee_syscalls_a32.o)
                0x000000000000ce44                _utee_storage_obj_read
 .text._utee_storage_obj_write
                0x000000000000ce58       0x14 /home/palatrauss/optee_with_ftpm_ta/optee_os/out/arm/export-ta_arm32/lib/libutee.a(utee_syscalls_a32.o)
                0x000000000000ce58                _utee_storage_obj_write
 .text._utee_storage_obj_trunc
                0x000000000000ce6c       0x14 /home/palatrauss/optee_with_ftpm_ta/optee_os/out/arm/export-ta_arm32/lib/libutee.a(utee_syscalls_a32.o)
                0x000000000000ce6c                _utee_storage_obj_trunc
 .text._utee_storage_obj_seek
                0x000000000000ce80       0x14 /home/palatrauss/optee_with_ftpm_ta/optee_os/out/arm/export-ta_arm32/lib/libutee.a(utee_syscalls_a32.o)
                0x000000000000ce80                _utee_storage_obj_seek
 .text._utee_cryp_obj_generate_key
                0x000000000000ce94       0x14 /home/palatrauss/optee_with_ftpm_ta/optee_os/out/arm/export-ta_arm32/lib/libutee.a(utee_syscalls_a32.o)
                0x000000000000ce94                _utee_cryp_obj_generate_key
 .text._utee_cache_operation
                0x000000000000cea8       0x14 /home/palatrauss/optee_with_ftpm_ta/optee_os/out/arm/export-ta_arm32/lib/libutee.a(utee_syscalls_a32.o)
                0x000000000000cea8                _utee_cache_operation
 .text          0x000000000000cebc       0x20 /home/palatrauss/optee_with_ftpm_ta/optee_os/out/arm/export-ta_arm32/lib/libutee.a(abort.o)
                0x000000000000cebc                abort
 .text          0x000000000000cedc       0x5c /home/palatrauss/optee_with_ftpm_ta/optee_os/out/arm/export-ta_arm32/lib/libutee.a(assert.o)
                0x000000000000cedc                _assert_log
                0x000000000000cf24                _assert_break
 .text          0x000000000000cf38     0x2690 /home/palatrauss/optee_with_ftpm_ta/optee_os/out/arm/export-ta_arm32/lib/libutee.a(tee_api_arith_mpi.o)
                0x000000000000cf98                _TEE_MathAPI_Init
                0x000000000000d130                TEE_BigIntInit
                0x000000000000d198                __GP11_TEE_BigIntInit
                0x000000000000d1b6                TEE_BigIntConvertFromOctetString
                0x000000000000d264                __GP11_TEE_BigIntConvertFromOctetString
                0x000000000000d28c                TEE_BigIntConvertToOctetString
                0x000000000000d348                __GP11_TEE_BigIntConvertToOctetString
                0x000000000000d3b8                TEE_BigIntConvertFromS32
                0x000000000000d46c                TEE_BigIntConvertToS32
                0x000000000000d574                TEE_BigIntCmp
                0x000000000000d600                TEE_BigIntCmpS32
                0x000000000000d670                TEE_BigIntShiftRight
                0x000000000000d85c                __GP11_TEE_BigIntShiftRight
                0x000000000000d87e                TEE_BigIntGetBit
                0x000000000000d8f8                TEE_BigIntGetBitCount
                0x000000000000d964                TEE_BigIntSetBit
                0x000000000000da18                TEE_BigIntAssign
                0x000000000000da88                TEE_BigIntAbs
                0x000000000000dda4                TEE_BigIntAdd
                0x000000000000ddd8                TEE_BigIntSub
                0x000000000000de0c                TEE_BigIntNeg
                0x000000000000def0                TEE_BigIntMul
                0x000000000000e004                TEE_BigIntSquare
                0x000000000000e024                TEE_BigIntDiv
                0x000000000000e1c4                TEE_BigIntMod
                0x000000000000e230                TEE_BigIntAddMod
                0x000000000000e268                TEE_BigIntSubMod
                0x000000000000e2a0                TEE_BigIntMulMod
                0x000000000000e2d8                TEE_BigIntSquareMod
                0x000000000000e2fc                TEE_BigIntInvMod
                0x000000000000e43c                TEE_BigIntRelativePrime
                0x000000000000e590                TEE_BigIntExpMod
                0x000000000000eee4                TEE_BigIntComputeExtendedGcd
                0x000000000000f1dc                TEE_BigIntIsProbablePrime
                0x000000000000f278                TEE_BigIntInitFMM
                0x000000000000f296                __GP11_TEE_BigIntInitFMM
                0x000000000000f2b4                TEE_BigIntInitFMMContext
                0x000000000000f2d0                __GP11_TEE_BigIntInitFMMContext
                0x000000000000f2f2                TEE_BigIntInitFMMContext1
                0x000000000000f312                TEE_BigIntFMMSizeInU32
                0x000000000000f338                __GP11_TEE_BigIntFMMSizeInU32
                0x000000000000f354                TEE_BigIntFMMContextSizeInU32
                0x000000000000f370                __GP11_TEE_BigIntFMMContextSizeInU32
                0x000000000000f38c                TEE_BigIntConvertToFMM
                0x000000000000f3b0                TEE_BigIntConvertFromFMM
                0x000000000000f480                TEE_BigIntComputeFMM
 .text          0x000000000000f5c8     0x101c /home/palatrauss/optee_with_ftpm_ta/optee_os/out/arm/export-ta_arm32/lib/libutee.a(tee_api_property.o)
                0x000000000000f9e8                TEE_GetPropertyAsString
                0x000000000000fc7c                __GP11_TEE_GetPropertyAsString
                0x000000000000fcfc                TEE_GetPropertyAsBool
                0x000000000000fdc8                TEE_GetPropertyAsU32
                0x000000000000fe90                TEE_GetPropertyAsU64
                0x000000000000ff58                __GP11_TEE_GetPropertyAsBinaryBlock
                0x0000000000010030                TEE_GetPropertyAsBinaryBlock
                0x00000000000100b0                TEE_GetPropertyAsUUID
                0x0000000000010178                TEE_GetPropertyAsIdentity
                0x0000000000010240                TEE_AllocatePropertyEnumerator
                0x00000000000102b0                TEE_ResetPropertyEnumerator
                0x00000000000102d4                TEE_FreePropertyEnumerator
                0x00000000000102f2                TEE_StartPropertyEnumerator
                0x0000000000010326                __GP11_TEE_GetPropertyName
                0x0000000000010464                TEE_GetPropertyName
                0x00000000000104e4                TEE_GetNextProperty
 .text          0x00000000000105e4      0x468 /home/palatrauss/optee_with_ftpm_ta/optee_os/out/arm/export-ta_arm32/lib/libutee.a(tcb.o)
                0x0000000000010604                __utee_tcb_init
                0x000000000001090c                __tls_get_addr
                0x0000000000010944                dl_iterate_phdr
 .text          0x0000000000010a4c     0x467c /home/palatrauss/optee_with_ftpm_ta/optee_os/out/arm/export-ta_arm32/lib/libmbedtls.a(bignum.o)
                0x0000000000010caa                mbedtls_mpi_lt_mpi_ct
                0x0000000000010dc4                mbedtls_mpi_safe_cond_assign
                0x0000000000010e8c                mbedtls_mpi_safe_cond_swap
                0x0000000000010f7a                mbedtls_mpi_init
                0x0000000000010f98                mbedtls_mpi_init_mempool
                0x0000000000010fd4                mbedtls_mpi_free
                0x0000000000011070                mbedtls_mpi_grow
                0x0000000000011188                mbedtls_mpi_shrink
                0x0000000000011356                mbedtls_mpi_copy
                0x0000000000011452                mbedtls_mpi_swap
                0x00000000000114f0                mbedtls_mpi_lset
                0x000000000001156e                mbedtls_mpi_get_bit
                0x00000000000115bc                mbedtls_mpi_set_bit
                0x0000000000011686                mbedtls_mpi_lsb
                0x00000000000116f0                mbedtls_mpi_bitlen
                0x0000000000011716                mbedtls_mpi_size
                0x00000000000117bc                mbedtls_mpi_read_string
                0x0000000000011adc                mbedtls_mpi_write_string
                0x0000000000011d04                mbedtls_mpi_read_binary_le
                0x0000000000011d68                mbedtls_mpi_read_binary
                0x0000000000011dcc                mbedtls_mpi_write_binary_le
                0x0000000000011df8                mbedtls_mpi_write_binary
                0x0000000000011e24                mbedtls_mpi_shift_l
                0x0000000000011e9c                mbedtls_mpi_shift_r
                0x0000000000011ece                mbedtls_mpi_cmp_abs
                0x0000000000011fea                mbedtls_mpi_cmp_mpi
                0x000000000001215c                mbedtls_mpi_cmp_int
                0x00000000000121e8                mbedtls_mpi_add_abs
                0x0000000000012316                mbedtls_mpi_sub_abs
                0x0000000000012526                mbedtls_mpi_add_mpi
                0x000000000001254e                mbedtls_mpi_sub_mpi
                0x0000000000012576                mbedtls_mpi_add_int
                0x0000000000012604                mbedtls_mpi_sub_int
                0x0000000000012694                mbedtls_mpi_mul_mpi
                0x0000000000012848                mbedtls_mpi_mul_int
                0x00000000000129ca                mbedtls_mpi_div_mpi
                0x0000000000012ff4                mbedtls_mpi_div_int
                0x0000000000013084                mbedtls_mpi_mod_mpi
                0x0000000000013118                mbedtls_mpi_mod_int
                0x000000000001323a                mbedtls_mpi_montg_init
                0x0000000000013260                mbedtls_mpi_montmul
                0x00000000000132c0                mbedtls_mpi_montred
                0x00000000000133b8                mbedtls_mpi_exp_mod
                0x0000000000013c5c                mbedtls_mpi_gcd
                0x0000000000013e50                mbedtls_mpi_fill_random
                0x0000000000013ec0                mbedtls_mpi_random
                0x0000000000013f3e                mbedtls_mpi_inv_mod
                0x00000000000147a0                mbedtls_mpi_is_prime_ext
                0x0000000000014880                mbedtls_mpi_gen_prime
                0x0000000000014bac                mbedtls_mpi_self_test
 .text          0x00000000000150c8     0x1f04 /home/palatrauss/optee_with_ftpm_ta/optee_os/out/arm/export-ta_arm32/lib/libmbedtls.a(bignum_core.o)
                0x0000000000015344                mbedtls_mpi_core_clz
                0x0000000000015362                mbedtls_mpi_core_bitlen
                0x00000000000153e8                mbedtls_mpi_core_bigendian_to_host
                0x000000000001545a                mbedtls_mpi_core_uint_le_mpi
                0x00000000000154ca                mbedtls_mpi_core_lt_ct
                0x00000000000155a6                mbedtls_mpi_core_cond_assign
                0x000000000001561e                mbedtls_mpi_core_cond_swap
                0x00000000000156ca                mbedtls_mpi_core_read_le
                0x0000000000015778                mbedtls_mpi_core_read_be
                0x000000000001580c                mbedtls_mpi_core_write_le
                0x00000000000158de                mbedtls_mpi_core_write_be
                0x00000000000159be                mbedtls_mpi_core_shift_r
                0x0000000000015b10                mbedtls_mpi_core_shift_l
                0x0000000000015c28                mbedtls_mpi_core_add
                0x0000000000015cd2                mbedtls_mpi_core_add_if
                0x0000000000015d82                mbedtls_mpi_core_sub
                0x0000000000015e2c                mbedtls_mpi_core_mla
                0x00000000000167c0                mbedtls_mpi_core_mul
                0x0000000000016832                mbedtls_mpi_core_montmul_init
                0x0000000000016898                mbedtls_mpi_core_montmul
                0x0000000000016974                mbedtls_mpi_core_get_mont_r2_unsafe
                0x0000000000016a38                mbedtls_mpi_core_fill_random
                0x0000000000016ade                mbedtls_mpi_core_random
                0x0000000000016be6                mbedtls_mpi_core_exp_mod_working_limbs
                0x0000000000016cf0                mbedtls_mpi_core_exp_mod
                0x0000000000016e5a                mbedtls_mpi_core_sub_int
                0x0000000000016ec8                mbedtls_mpi_core_check_zero_ct
                0x0000000000016f1c                mbedtls_mpi_core_to_mont_rep
                0x0000000000016f52                mbedtls_mpi_core_from_mont_rep
 .text          0x0000000000016fcc      0x520 /home/palatrauss/optee_with_ftpm_ta/optee_os/out/arm/export-ta_arm32/lib/libmbedtls.a(constant_time.o)
                0x00000000000171e4                mbedtls_ct_memcmp
                0x000000000001725c                mbedtls_ct_memcmp_partial
                0x0000000000017304                mbedtls_ct_memmove_left
                0x00000000000173be                mbedtls_ct_memcpy_if
                0x0000000000017440                mbedtls_ct_memcpy_offset
                0x000000000001748e                mbedtls_ct_zeroize_if
 .text          0x00000000000174ec       0x90 /home/palatrauss/optee_with_ftpm_ta/optee_os/out/arm/export-ta_arm32/lib/libmbedtls.a(platform_util.o)
                0x00000000000174ec                mbedtls_platform_zeroize
                0x0000000000017550                mbedtls_zeroize_and_free
 .text          0x000000000001757c     0x1e80 /home/palatrauss/optee_with_ftpm_ta/optee_os/out/arm/export-ta_arm32/lib/libutils.a(bget_malloc.o)
                0x0000000000017674                bget
                0x0000000000017a08                bgetz
                0x0000000000017aac                bgetr
                0x0000000000017b70                brel
                0x0000000000017e80                bpool
                0x0000000000017f70                bstats
                0x000000000001815a                bget_main_test
                0x0000000000018758                malloc_reset_stats
                0x00000000000187a2                malloc_get_stats
                0x0000000000018988                raw_memalign
                0x0000000000018a60                raw_malloc
                0x0000000000018a8e                raw_free
                0x0000000000018ac4                raw_calloc
                0x0000000000018bc8                raw_realloc
                0x0000000000018d14                malloc
                0x0000000000018db0                calloc
                0x0000000000018e32                realloc
                0x0000000000018e80                memalign
                0x0000000000018ed4                aligned_alloc
                0x0000000000018f36                free
                0x0000000000018f54                free_wipe
                0x0000000000019020                raw_malloc_get_ctx_size
                0x0000000000019034                raw_malloc_init_ctx
                0x0000000000019062                raw_malloc_add_pool
                0x0000000000019198                raw_malloc_buffer_overlaps_heap
                0x0000000000019254                raw_malloc_buffer_is_within_alloced
                0x0000000000019348                raw_malloc_get_stats
                0x000000000001937a                malloc_add_pool
                0x00000000000193a4                malloc_buffer_is_within_alloced
                0x00000000000193d0                malloc_buffer_overlaps_heap
 .text          0x00000000000193fc       0xa4 /home/palatrauss/optee_with_ftpm_ta/optee_os/out/arm/export-ta_arm32/lib/libutils.a(snprintf.o)
                0x00000000000193fc                snprintf
                0x0000000000019470                vsnprintf
 .text          0x00000000000194a0      0x2a8 /home/palatrauss/optee_with_ftpm_ta/optee_os/out/arm/export-ta_arm32/lib/libutils.a(mempool.o)
                0x0000000000019584                mempool_alloc_pool
                0x00000000000195f4                mempool_alloc
                0x0000000000019664                mempool_calloc
                0x0000000000019714                mempool_free
 .text          0x0000000000019748      0x438 /home/palatrauss/optee_with_ftpm_ta/optee_os/out/arm/export-ta_arm32/lib/libutils.a(base64.o)
                0x0000000000019748                base64_enc_len
                0x000000000001977e                base64_enc
                0x0000000000019984                base64_dec
 .text          0x0000000000019b80       0x30 /home/palatrauss/optee_with_ftpm_ta/optee_os/out/arm/export-ta_arm32/lib/libutils.a(aeabi_unwind.o)
                0x0000000000019b80                __aeabi_unwind_cpp_pr0
                0x0000000000019b90                __aeabi_unwind_cpp_pr1
                0x0000000000019ba0                __aeabi_unwind_cpp_pr2
 .text          0x0000000000019bb0      0x114 /home/palatrauss/optee_with_ftpm_ta/optee_os/out/arm/export-ta_arm32/lib/libutils.a(memchr.o)
                0x0000000000019bb0                memchr
 .text          0x0000000000019cc4       0x8a /home/palatrauss/optee_with_ftpm_ta/optee_os/out/arm/export-ta_arm32/lib/libutils.a(strlen.o)
                0x0000000000019cc4                strlen
 .text          0x0000000000019d4e       0xf2 /home/palatrauss/optee_with_ftpm_ta/optee_os/out/arm/export-ta_arm32/lib/libutils.a(memcpy.o)
                0x0000000000019d4e                memcpy
 .text          0x0000000000019e40      0x13e /home/palatrauss/optee_with_ftpm_ta/optee_os/out/arm/export-ta_arm32/lib/libutils.a(memmove.o)
                0x0000000000019e40                memmove
 .text          0x0000000000019f7e      0x11c /home/palatrauss/optee_with_ftpm_ta/optee_os/out/arm/export-ta_arm32/lib/libutils.a(memset.o)
                0x0000000000019f7e                memset
 .text          0x000000000001a09a       0xae /home/palatrauss/optee_with_ftpm_ta/optee_os/out/arm/export-ta_arm32/lib/libutils.a(strcmp.o)
                0x000000000001a09a                strcmp
 .text          0x000000000001a148       0x82 /home/palatrauss/optee_with_ftpm_ta/optee_os/out/arm/export-ta_arm32/lib/libutils.a(strlcpy.o)
                0x000000000001a148                strlcpy
 .text          0x000000000001a1ca       0xb4 /home/palatrauss/optee_with_ftpm_ta/optee_os/out/arm/export-ta_arm32/lib/libutils.a(consttime_memcmp.o)
                0x000000000001a1ca                consttime_memcmp
 .text          0x000000000001a27e        0x0 out/ta_entry_a32.o
 .text          0x000000000001a27e        0x0 /home/palatrauss/optee_with_ftpm_ta/optee_os/out/arm/export-ta_arm32/lib/libutils.a(arm32_aeabi_ldivmod_a32.o)
 *(SORT_BY_ALIGNMENT(.stub))
 *(SORT_BY_ALIGNMENT(.glue_7))
 .glue_7        0x000000000001a27e        0x0 linker stubs
 *(SORT_BY_ALIGNMENT(.glue_7t))
 .glue_7t       0x000000000001a27e        0x0 linker stubs
 *(SORT_BY_ALIGNMENT(.gnu.linkonce.t.*))
 *(SORT_BY_ALIGNMENT(.vfp11_veneer))
 .vfp11_veneer  0x000000000001a27e        0x0 linker stubs
                0x000000000001a27e                __text_end = .

.v4_bx          0x000000000001a280        0x0
 .v4_bx         0x000000000001a280        0x0 linker stubs

.iplt           0x000000000001a280        0x0
 .iplt          0x000000000001a280        0x0 out/acipher_ta.o

.note.gnu.property
 *(SORT_BY_ALIGNMENT(.note.gnu.property))

.plt            0x000000000001a280        0x0
 *(SORT_BY_ALIGNMENT(.plt))
 .plt           0x000000000001a280        0x0 out/acipher_ta.o

.eh_frame_hdr
 *(SORT_BY_ALIGNMENT(.eh_frame_hdr))
 *(SORT_BY_ALIGNMENT(.eh_frame_entry) SORT_BY_ALIGNMENT(.eh_frame_entry.*))

.eh_frame
 *(SORT_BY_ALIGNMENT(.eh_frame))
 *(SORT_BY_ALIGNMENT(.eh_frame.*))

.gcc_except_table
 *(SORT_BY_ALIGNMENT(.gcc_except_table) SORT_BY_ALIGNMENT(.gcc_except_table.*))

.rodata         0x000000000001a280     0x13cd
 *(SORT_BY_ALIGNMENT(.gnu.linkonce.r.*))
 *(SORT_BY_ALIGNMENT(.rodata) SORT_BY_ALIGNMENT(.rodata.*))
 .rodata.acipher_ta.c
                0x000000000001a280      0x12e out/acipher_ta.o
 *fill*         0x000000000001a3ae        0x2 
 .rodata.user_ta_header.c
                0x000000000001a3b0      0x16c out/user_ta_header.o
                0x000000000001a3b0                trace_ext_prefix
                0x000000000001a3b4                ta_heap_size
                0x000000000001a3b8                __ta_no_share_heap_size
                0x000000000001a518                ta_num_props
 .rodata.lib/libutils/isoc/stack_check.c
                0x000000000001a51c       0x18 /home/palatrauss/optee_with_ftpm_ta/optee_os/out/arm/export-ta_arm32/lib/libutils.a(stack_check.o)
 .rodata.lib/libutils/ext/trace.c
                0x000000000001a534       0x29 /home/palatrauss/optee_with_ftpm_ta/optee_os/out/arm/export-ta_arm32/lib/libutils.a(trace.o)
 *fill*         0x000000000001a55d        0x3 
 .rodata.lib/libutils/ext/snprintk.c
                0x000000000001a560       0x7d /home/palatrauss/optee_with_ftpm_ta/optee_os/out/arm/export-ta_arm32/lib/libutils.a(snprintk.o)
 *fill*         0x000000000001a5dd        0x3 
 .rodata.lib/libutee/trace_ext.c
                0x000000000001a5e0        0x2 /home/palatrauss/optee_with_ftpm_ta/optee_os/out/arm/export-ta_arm32/lib/libutee.a(trace_ext.o)
 *fill*         0x000000000001a5e2        0x2 
 .rodata.lib/libutee/tee_api.c
                0x000000000001a5e4       0x23 /home/palatrauss/optee_with_ftpm_ta/optee_os/out/arm/export-ta_arm32/lib/libutee.a(tee_api.o)
 *fill*         0x000000000001a607        0x1 
 .rodata.lib/libutee/tee_api_operations.c
                0x000000000001a608       0x4e /home/palatrauss/optee_with_ftpm_ta/optee_os/out/arm/export-ta_arm32/lib/libutee.a(tee_api_operations.o)
 *fill*         0x000000000001a656        0x2 
 .rodata.lib/libutee/tee_api_panic.c
                0x000000000001a658       0x68 /home/palatrauss/optee_with_ftpm_ta/optee_os/out/arm/export-ta_arm32/lib/libutee.a(tee_api_panic.o)
 .rodata.lib/libutee/tee_system_pta.c
                0x000000000001a6c0       0x8b /home/palatrauss/optee_with_ftpm_ta/optee_os/out/arm/export-ta_arm32/lib/libutee.a(tee_system_pta.o)
 *fill*         0x000000000001a74b        0x1 
 .rodata.lib/libutee/user_ta_entry.c
                0x000000000001a74c       0x6a /home/palatrauss/optee_with_ftpm_ta/optee_os/out/arm/export-ta_arm32/lib/libutee.a(user_ta_entry.o)
 *fill*         0x000000000001a7b6        0x2 
 .rodata.lib/libutee/abort.c
                0x000000000001a7b8        0x7 /home/palatrauss/optee_with_ftpm_ta/optee_os/out/arm/export-ta_arm32/lib/libutee.a(abort.o)
 *fill*         0x000000000001a7bf        0x1 
 .rodata.lib/libutee/assert.c
                0x000000000001a7c0       0x27 /home/palatrauss/optee_with_ftpm_ta/optee_os/out/arm/export-ta_arm32/lib/libutee.a(assert.o)
 *fill*         0x000000000001a7e7        0x1 
 .rodata.lib/libutee/tee_api_arith_mpi.c
                0x000000000001a7e8      0x249 /home/palatrauss/optee_with_ftpm_ta/optee_os/out/arm/export-ta_arm32/lib/libutee.a(tee_api_arith_mpi.o)
 *fill*         0x000000000001aa31        0x3 
 .rodata.lib/libutee/tee_api_property.c
                0x000000000001aa34       0xa4 /home/palatrauss/optee_with_ftpm_ta/optee_os/out/arm/export-ta_arm32/lib/libutee.a(tee_api_property.o)
 .rodata.lib/libutee/tcb.c
                0x000000000001aad8       0xb4 /home/palatrauss/optee_with_ftpm_ta/optee_os/out/arm/export-ta_arm32/lib/libutee.a(tcb.o)
 .rodata.lib/libmbedtls/mbedtls/library/bignum.c
                0x000000000001ab8c      0x54a /home/palatrauss/optee_with_ftpm_ta/optee_os/out/arm/export-ta_arm32/lib/libmbedtls.a(bignum.o)
 *fill*         0x000000000001b0d6        0x2 
 .rodata.lib/libutils/isoc/bget_malloc.c
                0x000000000001b0d8      0x478 /home/palatrauss/optee_with_ftpm_ta/optee_os/out/arm/export-ta_arm32/lib/libutils.a(bget_malloc.o)
 .rodata.lib/libutils/ext/mempool.c
                0x000000000001b550       0xba /home/palatrauss/optee_with_ftpm_ta/optee_os/out/arm/export-ta_arm32/lib/libutils.a(mempool.o)
 *fill*         0x000000000001b60a        0x2 
 .rodata.lib/libutils/ext/base64.c
                0x000000000001b60c       0x41 /home/palatrauss/optee_with_ftpm_ta/optee_os/out/arm/export-ta_arm32/lib/libutils.a(base64.o)

.gnu.version_d  0x000000000001b650        0x0
 .gnu.version_d
                0x000000000001b650        0x0 out/acipher_ta.o

.gnu.version    0x000000000001b64e        0x0
 .gnu.version   0x000000000001b64e        0x0 out/acipher_ta.o

.gnu.version_r  0x000000000001b650        0x0
 .gnu.version_r
                0x000000000001b650        0x0 out/acipher_ta.o

.gnu.hash       0x000000000001b650       0x30
 .gnu.hash      0x000000000001b650       0x30 out/acipher_ta.o

.ta_head        0x000000000001b680       0x20
 .ta_head       0x000000000001b680       0x20 out/user_ta_header.o
                0x000000000001b680                ta_head

.ARM.extab      0x000000000001b6a0     0x178c
 *(SORT_BY_ALIGNMENT(.ARM.extab*) SORT_BY_ALIGNMENT(.gnu.linkonce.armextab.*))
 .ARM.extab     0x000000000001b6a0       0x3c out/acipher_ta.o
 .ARM.extab     0x000000000001b6dc       0x24 out/user_ta_header.o
 .ARM.extab     0x000000000001b700       0x60 /home/palatrauss/optee_with_ftpm_ta/optee_os/out/arm/export-ta_arm32/lib/libutils.a(trace.o)
 .ARM.extab     0x000000000001b760       0x3c /home/palatrauss/optee_with_ftpm_ta/optee_os/out/arm/export-ta_arm32/lib/libutils.a(snprintk.o)
 .ARM.extab     0x000000000001b79c        0xc /home/palatrauss/optee_with_ftpm_ta/optee_os/out/arm/export-ta_arm32/lib/libutils.a(memchr.o)
 .ARM.extab     0x000000000001b7a8        0xc /home/palatrauss/optee_with_ftpm_ta/optee_os/out/arm/export-ta_arm32/lib/libutils.a(strlen.o)
 .ARM.extab.text.__aeabi_ldivmod
                0x000000000001b7b4        0xc /home/palatrauss/optee_with_ftpm_ta/optee_os/out/arm/export-ta_arm32/lib/libutils.a(arm32_aeabi_ldivmod_a32.o)
 .ARM.extab.text.__aeabi_uldivmod
                0x000000000001b7c0        0xc /home/palatrauss/optee_with_ftpm_ta/optee_os/out/arm/export-ta_arm32/lib/libutils.a(arm32_aeabi_ldivmod_a32.o)
 .ARM.extab     0x000000000001b7cc       0x30 /home/palatrauss/optee_with_ftpm_ta/optee_os/out/arm/export-ta_arm32/lib/libutils.a(arm32_aeabi_ldivmod.o)
 .ARM.extab     0x000000000001b7fc       0x34 /home/palatrauss/optee_with_ftpm_ta/optee_os/out/arm/export-ta_arm32/lib/libutee.a(trace_ext.o)
 .ARM.extab     0x000000000001b830      0x1e0 /home/palatrauss/optee_with_ftpm_ta/optee_os/out/arm/export-ta_arm32/lib/libutee.a(tee_api.o)
 .ARM.extab     0x000000000001ba10      0x210 /home/palatrauss/optee_with_ftpm_ta/optee_os/out/arm/export-ta_arm32/lib/libutee.a(tee_api_objects.o)
 .ARM.extab     0x000000000001bc20      0x258 /home/palatrauss/optee_with_ftpm_ta/optee_os/out/arm/export-ta_arm32/lib/libutee.a(tee_api_operations.o)
 .ARM.extab     0x000000000001be78       0x90 /home/palatrauss/optee_with_ftpm_ta/optee_os/out/arm/export-ta_arm32/lib/libutee.a(tee_api_panic.o)
 .ARM.extab     0x000000000001bf08       0x60 /home/palatrauss/optee_with_ftpm_ta/optee_os/out/arm/export-ta_arm32/lib/libutee.a(tee_system_pta.o)
 .ARM.extab     0x000000000001bf68       0xcc /home/palatrauss/optee_with_ftpm_ta/optee_os/out/arm/export-ta_arm32/lib/libutee.a(user_ta_entry.o)
 .ARM.extab     0x000000000001c034       0x30 /home/palatrauss/optee_with_ftpm_ta/optee_os/out/arm/export-ta_arm32/lib/libutee.a(user_ta_entry_compat.o)
 .ARM.extab.text._utee_panic
                0x000000000001c064        0xc /home/palatrauss/optee_with_ftpm_ta/optee_os/out/arm/export-ta_arm32/lib/libutee.a(utee_syscalls_a32.o)
 .ARM.extab     0x000000000001c070        0xc /home/palatrauss/optee_with_ftpm_ta/optee_os/out/arm/export-ta_arm32/lib/libutee.a(assert.o)
 .ARM.extab     0x000000000001c07c      0x2a0 /home/palatrauss/optee_with_ftpm_ta/optee_os/out/arm/export-ta_arm32/lib/libutee.a(tee_api_arith_mpi.o)
 .ARM.extab     0x000000000001c31c       0xf0 /home/palatrauss/optee_with_ftpm_ta/optee_os/out/arm/export-ta_arm32/lib/libutee.a(tee_api_property.o)
 .ARM.extab     0x000000000001c40c       0x30 /home/palatrauss/optee_with_ftpm_ta/optee_os/out/arm/export-ta_arm32/lib/libutee.a(tcb.o)
 .ARM.extab     0x000000000001c43c      0x360 /home/palatrauss/optee_with_ftpm_ta/optee_os/out/arm/export-ta_arm32/lib/libmbedtls.a(bignum.o)
 .ARM.extab     0x000000000001c79c      0x228 /home/palatrauss/optee_with_ftpm_ta/optee_os/out/arm/export-ta_arm32/lib/libmbedtls.a(bignum_core.o)
 .ARM.extab     0x000000000001c9c4       0xcc /home/palatrauss/optee_with_ftpm_ta/optee_os/out/arm/export-ta_arm32/lib/libmbedtls.a(constant_time.o)
 .ARM.extab     0x000000000001ca90       0x18 /home/palatrauss/optee_with_ftpm_ta/optee_os/out/arm/export-ta_arm32/lib/libmbedtls.a(platform_util.o)
 .ARM.extab     0x000000000001caa8      0x2a0 /home/palatrauss/optee_with_ftpm_ta/optee_os/out/arm/export-ta_arm32/lib/libutils.a(bget_malloc.o)
 .ARM.extab     0x000000000001cd48       0x18 /home/palatrauss/optee_with_ftpm_ta/optee_os/out/arm/export-ta_arm32/lib/libutils.a(snprintf.o)
 .ARM.extab     0x000000000001cd60        0xc /home/palatrauss/optee_with_ftpm_ta/optee_os/out/arm/export-ta_arm32/lib/libutils.a(memcpy.o)
 .ARM.extab     0x000000000001cd6c        0xc /home/palatrauss/optee_with_ftpm_ta/optee_os/out/arm/export-ta_arm32/lib/libutils.a(memmove.o)
 .ARM.extab     0x000000000001cd78        0xc /home/palatrauss/optee_with_ftpm_ta/optee_os/out/arm/export-ta_arm32/lib/libutils.a(memset.o)
 .ARM.extab     0x000000000001cd84        0xc /home/palatrauss/optee_with_ftpm_ta/optee_os/out/arm/export-ta_arm32/lib/libutils.a(strcmp.o)
 .ARM.extab     0x000000000001cd90       0x60 /home/palatrauss/optee_with_ftpm_ta/optee_os/out/arm/export-ta_arm32/lib/libutils.a(mempool.o)
 .ARM.extab     0x000000000001cdf0        0xc /home/palatrauss/optee_with_ftpm_ta/optee_os/out/arm/export-ta_arm32/lib/libutils.a(consttime_memcmp.o)
 .ARM.extab     0x000000000001cdfc       0x30 /home/palatrauss/optee_with_ftpm_ta/optee_os/out/arm/export-ta_arm32/lib/libutils.a(base64.o)
 .ARM.extab.text.__ta_entry
                0x000000000001ce2c        0x0 out/ta_entry_a32.o
 .ARM.extab     0x000000000001ce2c        0x0 /home/palatrauss/optee_with_ftpm_ta/optee_os/out/arm/export-ta_arm32/lib/libutils.a(stack_check.o)
 .ARM.extab     0x000000000001ce2c        0x0 /home/palatrauss/optee_with_ftpm_ta/optee_os/out/arm/export-ta_arm32/lib/libutils.a(aeabi_unwind.o)
 .ARM.extab.text._utee_return
                0x000000000001ce2c        0x0 /home/palatrauss/optee_with_ftpm_ta/optee_os/out/arm/export-ta_arm32/lib/libutee.a(utee_syscalls_a32.o)
 .ARM.extab.text._utee_log
                0x000000000001ce2c        0x0 /home/palatrauss/optee_with_ftpm_ta/optee_os/out/arm/export-ta_arm32/lib/libutee.a(utee_syscalls_a32.o)
 .ARM.extab.text.__utee_panic
                0x000000000001ce2c        0x0 /home/palatrauss/optee_with_ftpm_ta/optee_os/out/arm/export-ta_arm32/lib/libutee.a(utee_syscalls_a32.o)
 .ARM.extab.text._utee_get_property
                0x000000000001ce2c        0x0 /home/palatrauss/optee_with_ftpm_ta/optee_os/out/arm/export-ta_arm32/lib/libutee.a(utee_syscalls_a32.o)
 .ARM.extab.text._utee_get_property_name_to_index
                0x000000000001ce2c        0x0 /home/palatrauss/optee_with_ftpm_ta/optee_os/out/arm/export-ta_arm32/lib/libutee.a(utee_syscalls_a32.o)
 .ARM.extab.text._utee_open_ta_session
                0x000000000001ce2c        0x0 /home/palatrauss/optee_with_ftpm_ta/optee_os/out/arm/export-ta_arm32/lib/libutee.a(utee_syscalls_a32.o)
 .ARM.extab.text._utee_close_ta_session
                0x000000000001ce2c        0x0 /home/palatrauss/optee_with_ftpm_ta/optee_os/out/arm/export-ta_arm32/lib/libutee.a(utee_syscalls_a32.o)
 .ARM.extab.text._utee_invoke_ta_command
                0x000000000001ce2c        0x0 /home/palatrauss/optee_with_ftpm_ta/optee_os/out/arm/export-ta_arm32/lib/libutee.a(utee_syscalls_a32.o)
 .ARM.extab.text._utee_get_cancellation_flag
                0x000000000001ce2c        0x0 /home/palatrauss/optee_with_ftpm_ta/optee_os/out/arm/export-ta_arm32/lib/libutee.a(utee_syscalls_a32.o)
 .ARM.extab.text._utee_check_access_rights
                0x000000000001ce2c        0x0 /home/palatrauss/optee_with_ftpm_ta/optee_os/out/arm/export-ta_arm32/lib/libutee.a(utee_syscalls_a32.o)
 .ARM.extab.text._utee_unmask_cancellation
                0x000000000001ce2c        0x0 /home/palatrauss/optee_with_ftpm_ta/optee_os/out/arm/export-ta_arm32/lib/libutee.a(utee_syscalls_a32.o)
 .ARM.extab.text._utee_mask_cancellation
                0x000000000001ce2c        0x0 /home/palatrauss/optee_with_ftpm_ta/optee_os/out/arm/export-ta_arm32/lib/libutee.a(utee_syscalls_a32.o)
 .ARM.extab.text._utee_wait
                0x000000000001ce2c        0x0 /home/palatrauss/optee_with_ftpm_ta/optee_os/out/arm/export-ta_arm32/lib/libutee.a(utee_syscalls_a32.o)
 .ARM.extab.text._utee_get_time
                0x000000000001ce2c        0x0 /home/palatrauss/optee_with_ftpm_ta/optee_os/out/arm/export-ta_arm32/lib/libutee.a(utee_syscalls_a32.o)
 .ARM.extab.text._utee_set_ta_time
                0x000000000001ce2c        0x0 /home/palatrauss/optee_with_ftpm_ta/optee_os/out/arm/export-ta_arm32/lib/libutee.a(utee_syscalls_a32.o)
 .ARM.extab.text._utee_cryp_state_alloc
                0x000000000001ce2c        0x0 /home/palatrauss/optee_with_ftpm_ta/optee_os/out/arm/export-ta_arm32/lib/libutee.a(utee_syscalls_a32.o)
 .ARM.extab.text._utee_cryp_state_copy
                0x000000000001ce2c        0x0 /home/palatrauss/optee_with_ftpm_ta/optee_os/out/arm/export-ta_arm32/lib/libutee.a(utee_syscalls_a32.o)
 .ARM.extab.text._utee_cryp_state_free
                0x000000000001ce2c        0x0 /home/palatrauss/optee_with_ftpm_ta/optee_os/out/arm/export-ta_arm32/lib/libutee.a(utee_syscalls_a32.o)
 .ARM.extab.text._utee_hash_init
                0x000000000001ce2c        0x0 /home/palatrauss/optee_with_ftpm_ta/optee_os/out/arm/export-ta_arm32/lib/libutee.a(utee_syscalls_a32.o)
 .ARM.extab.text._utee_hash_update
                0x000000000001ce2c        0x0 /home/palatrauss/optee_with_ftpm_ta/optee_os/out/arm/export-ta_arm32/lib/libutee.a(utee_syscalls_a32.o)
 .ARM.extab.text._utee_hash_final
                0x000000000001ce2c        0x0 /home/palatrauss/optee_with_ftpm_ta/optee_os/out/arm/export-ta_arm32/lib/libutee.a(utee_syscalls_a32.o)
 .ARM.extab.text._utee_cipher_init
                0x000000000001ce2c        0x0 /home/palatrauss/optee_with_ftpm_ta/optee_os/out/arm/export-ta_arm32/lib/libutee.a(utee_syscalls_a32.o)
 .ARM.extab.text._utee_cipher_update
                0x000000000001ce2c        0x0 /home/palatrauss/optee_with_ftpm_ta/optee_os/out/arm/export-ta_arm32/lib/libutee.a(utee_syscalls_a32.o)
 .ARM.extab.text._utee_cipher_final
                0x000000000001ce2c        0x0 /home/palatrauss/optee_with_ftpm_ta/optee_os/out/arm/export-ta_arm32/lib/libutee.a(utee_syscalls_a32.o)
 .ARM.extab.text._utee_cryp_obj_get_info
                0x000000000001ce2c        0x0 /home/palatrauss/optee_with_ftpm_ta/optee_os/out/arm/export-ta_arm32/lib/libutee.a(utee_syscalls_a32.o)
 .ARM.extab.text._utee_cryp_obj_restrict_usage
                0x000000000001ce2c        0x0 /home/palatrauss/optee_with_ftpm_ta/optee_os/out/arm/export-ta_arm32/lib/libutee.a(utee_syscalls_a32.o)
 .ARM.extab.text._utee_cryp_obj_get_attr
                0x000000000001ce2c        0x0 /home/palatrauss/optee_with_ftpm_ta/optee_os/out/arm/export-ta_arm32/lib/libutee.a(utee_syscalls_a32.o)
 .ARM.extab.text._utee_cryp_obj_alloc
                0x000000000001ce2c        0x0 /home/palatrauss/optee_with_ftpm_ta/optee_os/out/arm/export-ta_arm32/lib/libutee.a(utee_syscalls_a32.o)
 .ARM.extab.text._utee_cryp_obj_close
                0x000000000001ce2c        0x0 /home/palatrauss/optee_with_ftpm_ta/optee_os/out/arm/export-ta_arm32/lib/libutee.a(utee_syscalls_a32.o)
 .ARM.extab.text._utee_cryp_obj_reset
                0x000000000001ce2c        0x0 /home/palatrauss/optee_with_ftpm_ta/optee_os/out/arm/export-ta_arm32/lib/libutee.a(utee_syscalls_a32.o)
 .ARM.extab.text._utee_cryp_obj_populate
                0x000000000001ce2c        0x0 /home/palatrauss/optee_with_ftpm_ta/optee_os/out/arm/export-ta_arm32/lib/libutee.a(utee_syscalls_a32.o)
 .ARM.extab.text._utee_cryp_obj_copy
                0x000000000001ce2c        0x0 /home/palatrauss/optee_with_ftpm_ta/optee_os/out/arm/export-ta_arm32/lib/libutee.a(utee_syscalls_a32.o)
 .ARM.extab.text._utee_cryp_derive_key
                0x000000000001ce2c        0x0 /home/palatrauss/optee_with_ftpm_ta/optee_os/out/arm/export-ta_arm32/lib/libutee.a(utee_syscalls_a32.o)
 .ARM.extab.text._utee_cryp_random_number_generate
                0x000000000001ce2c        0x0 /home/palatrauss/optee_with_ftpm_ta/optee_os/out/arm/export-ta_arm32/lib/libutee.a(utee_syscalls_a32.o)
 .ARM.extab.text._utee_authenc_init
                0x000000000001ce2c        0x0 /home/palatrauss/optee_with_ftpm_ta/optee_os/out/arm/export-ta_arm32/lib/libutee.a(utee_syscalls_a32.o)
 .ARM.extab.text._utee_authenc_update_aad
                0x000000000001ce2c        0x0 /home/palatrauss/optee_with_ftpm_ta/optee_os/out/arm/export-ta_arm32/lib/libutee.a(utee_syscalls_a32.o)
 .ARM.extab.text._utee_authenc_update_payload
                0x000000000001ce2c        0x0 /home/palatrauss/optee_with_ftpm_ta/optee_os/out/arm/export-ta_arm32/lib/libutee.a(utee_syscalls_a32.o)
 .ARM.extab.text._utee_authenc_enc_final
                0x000000000001ce2c        0x0 /home/palatrauss/optee_with_ftpm_ta/optee_os/out/arm/export-ta_arm32/lib/libutee.a(utee_syscalls_a32.o)
 .ARM.extab.text._utee_authenc_dec_final
                0x000000000001ce2c        0x0 /home/palatrauss/optee_with_ftpm_ta/optee_os/out/arm/export-ta_arm32/lib/libutee.a(utee_syscalls_a32.o)
 .ARM.extab.text._utee_asymm_operate
                0x000000000001ce2c        0x0 /home/palatrauss/optee_with_ftpm_ta/optee_os/out/arm/export-ta_arm32/lib/libutee.a(utee_syscalls_a32.o)
 .ARM.extab.text._utee_asymm_verify
                0x000000000001ce2c        0x0 /home/palatrauss/optee_with_ftpm_ta/optee_os/out/arm/export-ta_arm32/lib/libutee.a(utee_syscalls_a32.o)
 .ARM.extab.text._utee_storage_obj_open
                0x000000000001ce2c        0x0 /home/palatrauss/optee_with_ftpm_ta/optee_os/out/arm/export-ta_arm32/lib/libutee.a(utee_syscalls_a32.o)
 .ARM.extab.text._utee_storage_obj_create
                0x000000000001ce2c        0x0 /home/palatrauss/optee_with_ftpm_ta/optee_os/out/arm/export-ta_arm32/lib/libutee.a(utee_syscalls_a32.o)
 .ARM.extab.text._utee_storage_obj_del
                0x000000000001ce2c        0x0 /home/palatrauss/optee_with_ftpm_ta/optee_os/out/arm/export-ta_arm32/lib/libutee.a(utee_syscalls_a32.o)
 .ARM.extab.text._utee_storage_obj_rename
                0x000000000001ce2c        0x0 /home/palatrauss/optee_with_ftpm_ta/optee_os/out/arm/export-ta_arm32/lib/libutee.a(utee_syscalls_a32.o)
 .ARM.extab.text._utee_storage_alloc_enum
                0x000000000001ce2c        0x0 /home/palatrauss/optee_with_ftpm_ta/optee_os/out/arm/export-ta_arm32/lib/libutee.a(utee_syscalls_a32.o)
 .ARM.extab.text._utee_storage_free_enum
                0x000000000001ce2c        0x0 /home/palatrauss/optee_with_ftpm_ta/optee_os/out/arm/export-ta_arm32/lib/libutee.a(utee_syscalls_a32.o)
 .ARM.extab.text._utee_storage_reset_enum
                0x000000000001ce2c        0x0 /home/palatrauss/optee_with_ftpm_ta/optee_os/out/arm/export-ta_arm32/lib/libutee.a(utee_syscalls_a32.o)
 .ARM.extab.text._utee_storage_start_enum
                0x000000000001ce2c        0x0 /home/palatrauss/optee_with_ftpm_ta/optee_os/out/arm/export-ta_arm32/lib/libutee.a(utee_syscalls_a32.o)
 .ARM.extab.text._utee_storage_next_enum
                0x000000000001ce2c        0x0 /home/palatrauss/optee_with_ftpm_ta/optee_os/out/arm/export-ta_arm32/lib/libutee.a(utee_syscalls_a32.o)
 .ARM.extab.text._utee_storage_obj_read
                0x000000000001ce2c        0x0 /home/palatrauss/optee_with_ftpm_ta/optee_os/out/arm/export-ta_arm32/lib/libutee.a(utee_syscalls_a32.o)
 .ARM.extab.text._utee_storage_obj_write
                0x000000000001ce2c        0x0 /home/palatrauss/optee_with_ftpm_ta/optee_os/out/arm/export-ta_arm32/lib/libutee.a(utee_syscalls_a32.o)
 .ARM.extab.text._utee_storage_obj_trunc
                0x000000000001ce2c        0x0 /home/palatrauss/optee_with_ftpm_ta/optee_os/out/arm/export-ta_arm32/lib/libutee.a(utee_syscalls_a32.o)
 .ARM.extab.text._utee_storage_obj_seek
                0x000000000001ce2c        0x0 /home/palatrauss/optee_with_ftpm_ta/optee_os/out/arm/export-ta_arm32/lib/libutee.a(utee_syscalls_a32.o)
 .ARM.extab.text._utee_cryp_obj_generate_key
                0x000000000001ce2c        0x0 /home/palatrauss/optee_with_ftpm_ta/optee_os/out/arm/export-ta_arm32/lib/libutee.a(utee_syscalls_a32.o)
 .ARM.extab.text._utee_cache_operation
                0x000000000001ce2c        0x0 /home/palatrauss/optee_with_ftpm_ta/optee_os/out/arm/export-ta_arm32/lib/libutee.a(utee_syscalls_a32.o)
 .ARM.extab     0x000000000001ce2c        0x0 /home/palatrauss/optee_with_ftpm_ta/optee_os/out/arm/export-ta_arm32/lib/libutee.a(abort.o)
 .ARM.extab     0x000000000001ce2c        0x0 /home/palatrauss/optee_with_ftpm_ta/optee_os/out/arm/export-ta_arm32/lib/libutils.a(strlcpy.o)
                [!provide]                        PROVIDE (__exidx_start = .)

.ARM.exidx      0x000000000001ce2c     0x10b0
 *(SORT_BY_ALIGNMENT(.ARM.exidx*) SORT_BY_ALIGNMENT(.gnu.linkonce.armexidx.*))
 .ARM.exidx     0x000000000001ce2c       0x30 out/acipher_ta.o
                                         0x38 (size before relaxing)
 .ARM.exidx     0x000000000001ce5c       0x20 out/user_ta_header.o
 .ARM.exidx.text.__ta_entry
                0x000000000001ce7c        0x8 out/ta_entry_a32.o
 .ARM.exidx     0x000000000001ce84        0x8 /home/palatrauss/optee_with_ftpm_ta/optee_os/out/arm/export-ta_arm32/lib/libutils.a(stack_check.o)
 .ARM.exidx     0x000000000001ce8c       0x48 /home/palatrauss/optee_with_ftpm_ta/optee_os/out/arm/export-ta_arm32/lib/libutils.a(trace.o)
 .ARM.exidx     0x000000000001ced4       0x30 /home/palatrauss/optee_with_ftpm_ta/optee_os/out/arm/export-ta_arm32/lib/libutils.a(snprintk.o)
 .ARM.exidx.text.__aeabi_ldivmod
                0x000000000001cf04        0x8 /home/palatrauss/optee_with_ftpm_ta/optee_os/out/arm/export-ta_arm32/lib/libutils.a(arm32_aeabi_ldivmod_a32.o)
 .ARM.exidx.text.__aeabi_uldivmod
                0x000000000001cf0c        0x8 /home/palatrauss/optee_with_ftpm_ta/optee_os/out/arm/export-ta_arm32/lib/libutils.a(arm32_aeabi_ldivmod_a32.o)
 .ARM.exidx     0x000000000001cf14       0x20 /home/palatrauss/optee_with_ftpm_ta/optee_os/out/arm/export-ta_arm32/lib/libutils.a(arm32_aeabi_ldivmod.o)
 .ARM.exidx     0x000000000001cf34       0x28 /home/palatrauss/optee_with_ftpm_ta/optee_os/out/arm/export-ta_arm32/lib/libutee.a(trace_ext.o)
 .ARM.exidx     0x000000000001cf5c      0x148 /home/palatrauss/optee_with_ftpm_ta/optee_os/out/arm/export-ta_arm32/lib/libutee.a(tee_api.o)
 .ARM.exidx     0x000000000001d0a4      0x170 /home/palatrauss/optee_with_ftpm_ta/optee_os/out/arm/export-ta_arm32/lib/libutee.a(tee_api_objects.o)
                                        0x180 (size before relaxing)
 .ARM.exidx     0x000000000001d214      0x1d0 /home/palatrauss/optee_with_ftpm_ta/optee_os/out/arm/export-ta_arm32/lib/libutee.a(tee_api_operations.o)
                                        0x208 (size before relaxing)
 .ARM.exidx     0x000000000001d3e4       0x60 /home/palatrauss/optee_with_ftpm_ta/optee_os/out/arm/export-ta_arm32/lib/libutee.a(tee_api_panic.o)
 .ARM.exidx     0x000000000001d444       0x40 /home/palatrauss/optee_with_ftpm_ta/optee_os/out/arm/export-ta_arm32/lib/libutee.a(tee_system_pta.o)
 .ARM.exidx     0x000000000001d484       0xa0 /home/palatrauss/optee_with_ftpm_ta/optee_os/out/arm/export-ta_arm32/lib/libutee.a(user_ta_entry.o)
                                         0xa8 (size before relaxing)
 .ARM.exidx     0x000000000001d524       0x20 /home/palatrauss/optee_with_ftpm_ta/optee_os/out/arm/export-ta_arm32/lib/libutee.a(user_ta_entry_compat.o)
 .ARM.exidx.text._utee_panic
                0x000000000001d544        0x8 /home/palatrauss/optee_with_ftpm_ta/optee_os/out/arm/export-ta_arm32/lib/libutee.a(utee_syscalls_a32.o)
 .ARM.exidx.text._utee_return
                0x000000000001d54c        0x8 /home/palatrauss/optee_with_ftpm_ta/optee_os/out/arm/export-ta_arm32/lib/libutee.a(utee_syscalls_a32.o)
 .ARM.exidx.text._utee_log
                0x000000000001d554        0x0 /home/palatrauss/optee_with_ftpm_ta/optee_os/out/arm/export-ta_arm32/lib/libutee.a(utee_syscalls_a32.o)
                                          0x8 (size before relaxing)
 .ARM.exidx.text.__utee_panic
                0x000000000001d554        0x0 /home/palatrauss/optee_with_ftpm_ta/optee_os/out/arm/export-ta_arm32/lib/libutee.a(utee_syscalls_a32.o)
                                          0x8 (size before relaxing)
 .ARM.exidx.text._utee_get_property
                0x000000000001d554        0x0 /home/palatrauss/optee_with_ftpm_ta/optee_os/out/arm/export-ta_arm32/lib/libutee.a(utee_syscalls_a32.o)
                                          0x8 (size before relaxing)
 .ARM.exidx.text._utee_get_property_name_to_index
                0x000000000001d554        0x0 /home/palatrauss/optee_with_ftpm_ta/optee_os/out/arm/export-ta_arm32/lib/libutee.a(utee_syscalls_a32.o)
                                          0x8 (size before relaxing)
 .ARM.exidx.text._utee_open_ta_session
                0x000000000001d554        0x0 /home/palatrauss/optee_with_ftpm_ta/optee_os/out/arm/export-ta_arm32/lib/libutee.a(utee_syscalls_a32.o)
                                          0x8 (size before relaxing)
 .ARM.exidx.text._utee_close_ta_session
                0x000000000001d554        0x0 /home/palatrauss/optee_with_ftpm_ta/optee_os/out/arm/export-ta_arm32/lib/libutee.a(utee_syscalls_a32.o)
                                          0x8 (size before relaxing)
 .ARM.exidx.text._utee_invoke_ta_command
                0x000000000001d554        0x0 /home/palatrauss/optee_with_ftpm_ta/optee_os/out/arm/export-ta_arm32/lib/libutee.a(utee_syscalls_a32.o)
                                          0x8 (size before relaxing)
 .ARM.exidx.text._utee_get_cancellation_flag
                0x000000000001d554        0x0 /home/palatrauss/optee_with_ftpm_ta/optee_os/out/arm/export-ta_arm32/lib/libutee.a(utee_syscalls_a32.o)
                                          0x8 (size before relaxing)
 .ARM.exidx.text._utee_check_access_rights
                0x000000000001d554        0x0 /home/palatrauss/optee_with_ftpm_ta/optee_os/out/arm/export-ta_arm32/lib/libutee.a(utee_syscalls_a32.o)
                                          0x8 (size before relaxing)
 .ARM.exidx.text._utee_unmask_cancellation
                0x000000000001d554        0x0 /home/palatrauss/optee_with_ftpm_ta/optee_os/out/arm/export-ta_arm32/lib/libutee.a(utee_syscalls_a32.o)
                                          0x8 (size before relaxing)
 .ARM.exidx.text._utee_mask_cancellation
                0x000000000001d554        0x0 /home/palatrauss/optee_with_ftpm_ta/optee_os/out/arm/export-ta_arm32/lib/libutee.a(utee_syscalls_a32.o)
                                          0x8 (size before relaxing)
 .ARM.exidx.text._utee_wait
                0x000000000001d554        0x0 /home/palatrauss/optee_with_ftpm_ta/optee_os/out/arm/export-ta_arm32/lib/libutee.a(utee_syscalls_a32.o)
                                          0x8 (size before relaxing)
 .ARM.exidx.text._utee_get_time
                0x000000000001d554        0x0 /home/palatrauss/optee_with_ftpm_ta/optee_os/out/arm/export-ta_arm32/lib/libutee.a(utee_syscalls_a32.o)
                                          0x8 (size before relaxing)
 .ARM.exidx.text._utee_set_ta_time
                0x000000000001d554        0x0 /home/palatrauss/optee_with_ftpm_ta/optee_os/out/arm/export-ta_arm32/lib/libutee.a(utee_syscalls_a32.o)
                                          0x8 (size before relaxing)
 .ARM.exidx.text._utee_cryp_state_alloc
                0x000000000001d554        0x0 /home/palatrauss/optee_with_ftpm_ta/optee_os/out/arm/export-ta_arm32/lib/libutee.a(utee_syscalls_a32.o)
                                          0x8 (size before relaxing)
 .ARM.exidx.text._utee_cryp_state_copy
                0x000000000001d554        0x0 /home/palatrauss/optee_with_ftpm_ta/optee_os/out/arm/export-ta_arm32/lib/libutee.a(utee_syscalls_a32.o)
                                          0x8 (size before relaxing)
 .ARM.exidx.text._utee_cryp_state_free
                0x000000000001d554        0x0 /home/palatrauss/optee_with_ftpm_ta/optee_os/out/arm/export-ta_arm32/lib/libutee.a(utee_syscalls_a32.o)
                                          0x8 (size before relaxing)
 .ARM.exidx.text._utee_hash_init
                0x000000000001d554        0x0 /home/palatrauss/optee_with_ftpm_ta/optee_os/out/arm/export-ta_arm32/lib/libutee.a(utee_syscalls_a32.o)
                                          0x8 (size before relaxing)
 .ARM.exidx.text._utee_hash_update
                0x000000000001d554        0x0 /home/palatrauss/optee_with_ftpm_ta/optee_os/out/arm/export-ta_arm32/lib/libutee.a(utee_syscalls_a32.o)
                                          0x8 (size before relaxing)
 .ARM.exidx.text._utee_hash_final
                0x000000000001d554        0x0 /home/palatrauss/optee_with_ftpm_ta/optee_os/out/arm/export-ta_arm32/lib/libutee.a(utee_syscalls_a32.o)
                                          0x8 (size before relaxing)
 .ARM.exidx.text._utee_cipher_init
                0x000000000001d554        0x0 /home/palatrauss/optee_with_ftpm_ta/optee_os/out/arm/export-ta_arm32/lib/libutee.a(utee_syscalls_a32.o)
                                          0x8 (size before relaxing)
 .ARM.exidx.text._utee_cipher_update
                0x000000000001d554        0x0 /home/palatrauss/optee_with_ftpm_ta/optee_os/out/arm/export-ta_arm32/lib/libutee.a(utee_syscalls_a32.o)
                                          0x8 (size before relaxing)
 .ARM.exidx.text._utee_cipher_final
                0x000000000001d554        0x0 /home/palatrauss/optee_with_ftpm_ta/optee_os/out/arm/export-ta_arm32/lib/libutee.a(utee_syscalls_a32.o)
                                          0x8 (size before relaxing)
 .ARM.exidx.text._utee_cryp_obj_get_info
                0x000000000001d554        0x0 /home/palatrauss/optee_with_ftpm_ta/optee_os/out/arm/export-ta_arm32/lib/libutee.a(utee_syscalls_a32.o)
                                          0x8 (size before relaxing)
 .ARM.exidx.text._utee_cryp_obj_restrict_usage
                0x000000000001d554        0x0 /home/palatrauss/optee_with_ftpm_ta/optee_os/out/arm/export-ta_arm32/lib/libutee.a(utee_syscalls_a32.o)
                                          0x8 (size before relaxing)
 .ARM.exidx.text._utee_cryp_obj_get_attr
                0x000000000001d554        0x0 /home/palatrauss/optee_with_ftpm_ta/optee_os/out/arm/export-ta_arm32/lib/libutee.a(utee_syscalls_a32.o)
                                          0x8 (size before relaxing)
 .ARM.exidx.text._utee_cryp_obj_alloc
                0x000000000001d554        0x0 /home/palatrauss/optee_with_ftpm_ta/optee_os/out/arm/export-ta_arm32/lib/libutee.a(utee_syscalls_a32.o)
                                          0x8 (size before relaxing)
 .ARM.exidx.text._utee_cryp_obj_close
                0x000000000001d554        0x0 /home/palatrauss/optee_with_ftpm_ta/optee_os/out/arm/export-ta_arm32/lib/libutee.a(utee_syscalls_a32.o)
                                          0x8 (size before relaxing)
 .ARM.exidx.text._utee_cryp_obj_reset
                0x000000000001d554        0x0 /home/palatrauss/optee_with_ftpm_ta/optee_os/out/arm/export-ta_arm32/lib/libutee.a(utee_syscalls_a32.o)
                                          0x8 (size before relaxing)
 .ARM.exidx.text._utee_cryp_obj_populate
                0x000000000001d554        0x0 /home/palatrauss/optee_with_ftpm_ta/optee_os/out/arm/export-ta_arm32/lib/libutee.a(utee_syscalls_a32.o)
                                          0x8 (size before relaxing)
 .ARM.exidx.text._utee_cryp_obj_copy
                0x000000000001d554        0x0 /home/palatrauss/optee_with_ftpm_ta/optee_os/out/arm/export-ta_arm32/lib/libutee.a(utee_syscalls_a32.o)
                                          0x8 (size before relaxing)
 .ARM.exidx.text._utee_cryp_derive_key
                0x000000000001d554        0x0 /home/palatrauss/optee_with_ftpm_ta/optee_os/out/arm/export-ta_arm32/lib/libutee.a(utee_syscalls_a32.o)
                                          0x8 (size before relaxing)
 .ARM.exidx.text._utee_cryp_random_number_generate
                0x000000000001d554        0x0 /home/palatrauss/optee_with_ftpm_ta/optee_os/out/arm/export-ta_arm32/lib/libutee.a(utee_syscalls_a32.o)
                                          0x8 (size before relaxing)
 .ARM.exidx.text._utee_authenc_init
                0x000000000001d554        0x0 /home/palatrauss/optee_with_ftpm_ta/optee_os/out/arm/export-ta_arm32/lib/libutee.a(utee_syscalls_a32.o)
                                          0x8 (size before relaxing)
 .ARM.exidx.text._utee_authenc_update_aad
                0x000000000001d554        0x0 /home/palatrauss/optee_with_ftpm_ta/optee_os/out/arm/export-ta_arm32/lib/libutee.a(utee_syscalls_a32.o)
                                          0x8 (size before relaxing)
 .ARM.exidx.text._utee_authenc_update_payload
                0x000000000001d554        0x0 /home/palatrauss/optee_with_ftpm_ta/optee_os/out/arm/export-ta_arm32/lib/libutee.a(utee_syscalls_a32.o)
                                          0x8 (size before relaxing)
 .ARM.exidx.text._utee_authenc_enc_final
                0x000000000001d554        0x0 /home/palatrauss/optee_with_ftpm_ta/optee_os/out/arm/export-ta_arm32/lib/libutee.a(utee_syscalls_a32.o)
                                          0x8 (size before relaxing)
 .ARM.exidx.text._utee_authenc_dec_final
                0x000000000001d554        0x0 /home/palatrauss/optee_with_ftpm_ta/optee_os/out/arm/export-ta_arm32/lib/libutee.a(utee_syscalls_a32.o)
                                          0x8 (size before relaxing)
 .ARM.exidx.text._utee_asymm_operate
                0x000000000001d554        0x0 /home/palatrauss/optee_with_ftpm_ta/optee_os/out/arm/export-ta_arm32/lib/libutee.a(utee_syscalls_a32.o)
                                          0x8 (size before relaxing)
 .ARM.exidx.text._utee_asymm_verify
                0x000000000001d554        0x0 /home/palatrauss/optee_with_ftpm_ta/optee_os/out/arm/export-ta_arm32/lib/libutee.a(utee_syscalls_a32.o)
                                          0x8 (size before relaxing)
 .ARM.exidx.text._utee_storage_obj_open
                0x000000000001d554        0x0 /home/palatrauss/optee_with_ftpm_ta/optee_os/out/arm/export-ta_arm32/lib/libutee.a(utee_syscalls_a32.o)
                                          0x8 (size before relaxing)
 .ARM.exidx.text._utee_storage_obj_create
                0x000000000001d554        0x0 /home/palatrauss/optee_with_ftpm_ta/optee_os/out/arm/export-ta_arm32/lib/libutee.a(utee_syscalls_a32.o)
                                          0x8 (size before relaxing)
 .ARM.exidx.text._utee_storage_obj_del
                0x000000000001d554        0x0 /home/palatrauss/optee_with_ftpm_ta/optee_os/out/arm/export-ta_arm32/lib/libutee.a(utee_syscalls_a32.o)
                                          0x8 (size before relaxing)
 .ARM.exidx.text._utee_storage_obj_rename
                0x000000000001d554        0x0 /home/palatrauss/optee_with_ftpm_ta/optee_os/out/arm/export-ta_arm32/lib/libutee.a(utee_syscalls_a32.o)
                                          0x8 (size before relaxing)
 .ARM.exidx.text._utee_storage_alloc_enum
                0x000000000001d554        0x0 /home/palatrauss/optee_with_ftpm_ta/optee_os/out/arm/export-ta_arm32/lib/libutee.a(utee_syscalls_a32.o)
                                          0x8 (size before relaxing)
 .ARM.exidx.text._utee_storage_free_enum
                0x000000000001d554        0x0 /home/palatrauss/optee_with_ftpm_ta/optee_os/out/arm/export-ta_arm32/lib/libutee.a(utee_syscalls_a32.o)
                                          0x8 (size before relaxing)
 .ARM.exidx.text._utee_storage_reset_enum
                0x000000000001d554        0x0 /home/palatrauss/optee_with_ftpm_ta/optee_os/out/arm/export-ta_arm32/lib/libutee.a(utee_syscalls_a32.o)
                                          0x8 (size before relaxing)
 .ARM.exidx.text._utee_storage_start_enum
                0x000000000001d554        0x0 /home/palatrauss/optee_with_ftpm_ta/optee_os/out/arm/export-ta_arm32/lib/libutee.a(utee_syscalls_a32.o)
                                          0x8 (size before relaxing)
 .ARM.exidx.text._utee_storage_next_enum
                0x000000000001d554        0x0 /home/palatrauss/optee_with_ftpm_ta/optee_os/out/arm/export-ta_arm32/lib/libutee.a(utee_syscalls_a32.o)
                                          0x8 (size before relaxing)
 .ARM.exidx.text._utee_storage_obj_read
                0x000000000001d554        0x0 /home/palatrauss/optee_with_ftpm_ta/optee_os/out/arm/export-ta_arm32/lib/libutee.a(utee_syscalls_a32.o)
                                          0x8 (size before relaxing)
 .ARM.exidx.text._utee_storage_obj_write
                0x000000000001d554        0x0 /home/palatrauss/optee_with_ftpm_ta/optee_os/out/arm/export-ta_arm32/lib/libutee.a(utee_syscalls_a32.o)
                                          0x8 (size before relaxing)
 .ARM.exidx.text._utee_storage_obj_trunc
                0x000000000001d554        0x0 /home/palatrauss/optee_with_ftpm_ta/optee_os/out/arm/export-ta_arm32/lib/libutee.a(utee_syscalls_a32.o)
                                          0x8 (size before relaxing)
 .ARM.exidx.text._utee_storage_obj_seek
                0x000000000001d554        0x0 /home/palatrauss/optee_with_ftpm_ta/optee_os/out/arm/export-ta_arm32/lib/libutee.a(utee_syscalls_a32.o)
                                          0x8 (size before relaxing)
 .ARM.exidx.text._utee_cryp_obj_generate_key
                0x000000000001d554        0x0 /home/palatrauss/optee_with_ftpm_ta/optee_os/out/arm/export-ta_arm32/lib/libutee.a(utee_syscalls_a32.o)
                                          0x8 (size before relaxing)
 .ARM.exidx.text._utee_cache_operation
                0x000000000001d554        0x0 /home/palatrauss/optee_with_ftpm_ta/optee_os/out/arm/export-ta_arm32/lib/libutee.a(utee_syscalls_a32.o)
                                          0x8 (size before relaxing)
 .ARM.exidx     0x000000000001d554        0x8 /home/palatrauss/optee_with_ftpm_ta/optee_os/out/arm/export-ta_arm32/lib/libutee.a(abort.o)
 .ARM.exidx     0x000000000001d55c       0x10 /home/palatrauss/optee_with_ftpm_ta/optee_os/out/arm/export-ta_arm32/lib/libutee.a(assert.o)
 .ARM.exidx     0x000000000001d56c      0x1c0 /home/palatrauss/optee_with_ftpm_ta/optee_os/out/arm/export-ta_arm32/lib/libutee.a(tee_api_arith_mpi.o)
 .ARM.exidx     0x000000000001d72c       0xa0 /home/palatrauss/optee_with_ftpm_ta/optee_os/out/arm/export-ta_arm32/lib/libutee.a(tee_api_property.o)
 .ARM.exidx     0x000000000001d7cc       0x20 /home/palatrauss/optee_with_ftpm_ta/optee_os/out/arm/export-ta_arm32/lib/libutee.a(tcb.o)
 .ARM.exidx     0x000000000001d7ec      0x250 /home/palatrauss/optee_with_ftpm_ta/optee_os/out/arm/export-ta_arm32/lib/libmbedtls.a(bignum.o)
 .ARM.exidx     0x000000000001da3c      0x170 /home/palatrauss/optee_with_ftpm_ta/optee_os/out/arm/export-ta_arm32/lib/libmbedtls.a(bignum_core.o)
 .ARM.exidx     0x000000000001dbac       0x88 /home/palatrauss/optee_with_ftpm_ta/optee_os/out/arm/export-ta_arm32/lib/libmbedtls.a(constant_time.o)
 .ARM.exidx     0x000000000001dc34       0x10 /home/palatrauss/optee_with_ftpm_ta/optee_os/out/arm/export-ta_arm32/lib/libmbedtls.a(platform_util.o)
 .ARM.exidx     0x000000000001dc44      0x1d8 /home/palatrauss/optee_with_ftpm_ta/optee_os/out/arm/export-ta_arm32/lib/libutils.a(bget_malloc.o)
 .ARM.exidx     0x000000000001de1c       0x10 /home/palatrauss/optee_with_ftpm_ta/optee_os/out/arm/export-ta_arm32/lib/libutils.a(snprintf.o)
 .ARM.exidx     0x000000000001de2c       0x40 /home/palatrauss/optee_with_ftpm_ta/optee_os/out/arm/export-ta_arm32/lib/libutils.a(mempool.o)
 .ARM.exidx     0x000000000001de6c       0x20 /home/palatrauss/optee_with_ftpm_ta/optee_os/out/arm/export-ta_arm32/lib/libutils.a(base64.o)
 .ARM.exidx     0x000000000001de8c        0x8 /home/palatrauss/optee_with_ftpm_ta/optee_os/out/arm/export-ta_arm32/lib/libutils.a(aeabi_unwind.o)
                                         0x18 (size before relaxing)
 .ARM.exidx     0x000000000001de94        0x8 /home/palatrauss/optee_with_ftpm_ta/optee_os/out/arm/export-ta_arm32/lib/libutils.a(memchr.o)
 .ARM.exidx     0x000000000001de9c        0x8 /home/palatrauss/optee_with_ftpm_ta/optee_os/out/arm/export-ta_arm32/lib/libutils.a(strlen.o)
 .ARM.exidx     0x000000000001dea4        0x8 /home/palatrauss/optee_with_ftpm_ta/optee_os/out/arm/export-ta_arm32/lib/libutils.a(memcpy.o)
 .ARM.exidx     0x000000000001deac        0x8 /home/palatrauss/optee_with_ftpm_ta/optee_os/out/arm/export-ta_arm32/lib/libutils.a(memmove.o)
 .ARM.exidx     0x000000000001deb4        0x8 /home/palatrauss/optee_with_ftpm_ta/optee_os/out/arm/export-ta_arm32/lib/libutils.a(memset.o)
 .ARM.exidx     0x000000000001debc        0x8 /home/palatrauss/optee_with_ftpm_ta/optee_os/out/arm/export-ta_arm32/lib/libutils.a(strcmp.o)
 .ARM.exidx     0x000000000001dec4        0x8 /home/palatrauss/optee_with_ftpm_ta/optee_os/out/arm/export-ta_arm32/lib/libutils.a(strlcpy.o)
 .ARM.exidx     0x000000000001decc       0x10 /home/palatrauss/optee_with_ftpm_ta/optee_os/out/arm/export-ta_arm32/lib/libutils.a(consttime_memcmp.o)
                                          0x8 (size before relaxing)
                [!provide]                        PROVIDE (__exidx_end = .)

.ctors
 *(SORT_BY_ALIGNMENT(.ctors))

.dtors
 *(SORT_BY_ALIGNMENT(.dtors))

.dynsym         0x000000000001dedc       0x70
 *(SORT_BY_ALIGNMENT(.dynsym))
 .dynsym        0x000000000001dedc       0x70 out/acipher_ta.o

.dynstr         0x000000000001df4c       0x36
 *(SORT_BY_ALIGNMENT(.dynstr))
 .dynstr        0x000000000001df4c       0x36 out/acipher_ta.o

.hash           0x000000000001df84       0x30
 *(SORT_BY_ALIGNMENT(.hash))
 .hash          0x000000000001df84       0x30 out/acipher_ta.o
                0x000000000001e000                . = ALIGN (0x1000)

.dynamic        0x000000000001e000       0x88
 *(SORT_BY_ALIGNMENT(.dynamic))
 .dynamic       0x000000000001e000       0x88 out/acipher_ta.o
                0x000000000001e000                _DYNAMIC

.tdata
 *(SORT_BY_ALIGNMENT(.tdata) SORT_BY_ALIGNMENT(.tdata.*) SORT_BY_ALIGNMENT(.gnu.linkonce.td.*))

.tbss
 *(SORT_BY_ALIGNMENT(.tbss) SORT_BY_ALIGNMENT(.tbss.*) SORT_BY_ALIGNMENT(.gnu.linkonce.tb.*))
 *(SORT_BY_ALIGNMENT(.tcommon))

.got            0x000000000001e088       0x70
 *(SORT_BY_ALIGNMENT(.got.plt))
 .got.plt       0x000000000001e088        0xc out/acipher_ta.o
                0x000000000001e088                _GLOBAL_OFFSET_TABLE_
 *(SORT_BY_ALIGNMENT(.got))
 .got           0x000000000001e094       0x64 out/acipher_ta.o

.rel.text
 *(SORT_BY_ALIGNMENT(.rel.text))
 *(SORT_BY_ALIGNMENT(.rel.gnu.linkonce.t*))

.rela.text
 *(SORT_BY_ALIGNMENT(.rela.text))
 *(SORT_BY_ALIGNMENT(.rela.gnu.linkonce.t*))

.rel.data
 *(SORT_BY_ALIGNMENT(.rel.data))
 *(SORT_BY_ALIGNMENT(.rel.gnu.linkonce.d*))

.rela.data
 *(SORT_BY_ALIGNMENT(.rela.data))
 *(SORT_BY_ALIGNMENT(.rela.gnu.linkonce.d*))

.rel.tdata
 *(SORT_BY_ALIGNMENT(.rel.tdata) SORT_BY_ALIGNMENT(.rel.tdata.*) SORT_BY_ALIGNMENT(.rel.gnu.linkonce.td.*))

.rela.tdata
 *(SORT_BY_ALIGNMENT(.rela.tdata) SORT_BY_ALIGNMENT(.rela.tdata.*) SORT_BY_ALIGNMENT(.rela.gnu.linkonce.td.*))

.rel.tbss
 *(SORT_BY_ALIGNMENT(.rel.tbss) SORT_BY_ALIGNMENT(.rel.tbss.*) SORT_BY_ALIGNMENT(.rel.gnu.linkonce.tb.*))

.rela.tbss
 *(SORT_BY_ALIGNMENT(.rela.tbss) SORT_BY_ALIGNMENT(.rela.tbss.*) SORT_BY_ALIGNMENT(.rela.gnu.linkonce.tb.*))

.rel.rodata
 *(SORT_BY_ALIGNMENT(.rel.rodata))
 *(SORT_BY_ALIGNMENT(.rel.gnu.linkonce.r*))

.rela.rodata
 *(SORT_BY_ALIGNMENT(.rela.rodata))
 *(SORT_BY_ALIGNMENT(.rela.gnu.linkonce.r*))

.rel.dyn        0x000000000001e0f8      0x128
 *(SORT_BY_ALIGNMENT(.rel.dyn))
 .rel.data.rel.ro
                0x000000000001e0f8        0x0 out/acipher_ta.o
 .rel.iplt      0x000000000001e0f8        0x0 out/acipher_ta.o
 .rel.data.rel.ro.local
                0x000000000001e0f8       0xf0 out/acipher_ta.o
 .rel.data.rel.local
                0x000000000001e1e8       0x30 out/acipher_ta.o
 .rel.data.rel  0x000000000001e218        0x8 out/acipher_ta.o

.rel.got        0x000000000001e220       0xc8
 *(SORT_BY_ALIGNMENT(.rel.got))
 .rel.got       0x000000000001e220       0xc8 out/acipher_ta.o

.rela.got
 *(SORT_BY_ALIGNMENT(.rela.got))

.rel.ctors
 *(SORT_BY_ALIGNMENT(.rel.ctors))

.rela.ctors
 *(SORT_BY_ALIGNMENT(.rela.ctors))

.rel.dtors
 *(SORT_BY_ALIGNMENT(.rel.dtors))

.rela.dtors
 *(SORT_BY_ALIGNMENT(.rela.dtors))

.rel.init
 *(SORT_BY_ALIGNMENT(.rel.init))

.rela.init
 *(SORT_BY_ALIGNMENT(.rela.init))

.rel.fini
 *(SORT_BY_ALIGNMENT(.rel.fini))

.rela.fini
 *(SORT_BY_ALIGNMENT(.rela.fini))

.rel.bss        0x000000000001e2e8        0x0
 *(SORT_BY_ALIGNMENT(.rel.bss))
 .rel.bss       0x000000000001e2e8        0x0 out/acipher_ta.o

.rela.bss
 *(SORT_BY_ALIGNMENT(.rela.bss))

.rel.plt        0x000000000001e2e8        0x0
 *(SORT_BY_ALIGNMENT(.rel.plt))