Archive member included to satisfy reference by file (symbol)

/home/palatrauss/optee_with_ftpm_ta/optee_os/out/arm/export-ta_arm32/lib/libutils.a(stack_check.o)
                              out/aes_ta.o (__stack_chk_guard)
/home/palatrauss/optee_with_ftpm_ta/optee_os/out/arm/export-ta_arm32/lib/libutils.a(trace.o)
                              out/aes_ta.o (trace_printf)
/home/palatrauss/optee_with_ftpm_ta/optee_os/out/arm/export-ta_arm32/lib/libutils.a(aeabi_unwind.o)
                              out/aes_ta.o (__aeabi_unwind_cpp_pr0)
/home/palatrauss/optee_with_ftpm_ta/optee_os/out/arm/export-ta_arm32/lib/libutils.a(snprintk.o)
                              /home/palatrauss/optee_with_ftpm_ta/optee_os/out/arm/export-ta_arm32/lib/libutils.a(trace.o) (snprintk)
/home/palatrauss/optee_with_ftpm_ta/optee_os/out/arm/export-ta_arm32/lib/libutils.a(memchr.o)
                              /home/palatrauss/optee_with_ftpm_ta/optee_os/out/arm/export-ta_arm32/lib/libutils.a(snprintk.o) (memchr)
/home/palatrauss/optee_with_ftpm_ta/optee_os/out/arm/export-ta_arm32/lib/libutils.a(strlen.o)
                              /home/palatrauss/optee_with_ftpm_ta/optee_os/out/arm/export-ta_arm32/lib/libutils.a(snprintk.o) (strlen)
/home/palatrauss/optee_with_ftpm_ta/optee_os/out/arm/export-ta_arm32/lib/libutils.a(arm32_aeabi_ldivmod_a32.o)
                              /home/palatrauss/optee_with_ftpm_ta/optee_os/out/arm/export-ta_arm32/lib/libutils.a(snprintk.o) (__aeabi_uldivmod)
/home/palatrauss/optee_with_ftpm_ta/optee_os/out/arm/export-ta_arm32/lib/libutils.a(arm32_aeabi_ldivmod.o)
                              /home/palatrauss/optee_with_ftpm_ta/optee_os/out/arm/export-ta_arm32/lib/libutils.a(arm32_aeabi_ldivmod_a32.o) (__ul_divmod)
/home/palatrauss/optee_with_ftpm_ta/optee_os/out/arm/export-ta_arm32/lib/libutee.a(trace_ext.o)
                              /home/palatrauss/optee_with_ftpm_ta/optee_os/out/arm/export-ta_arm32/lib/libutils.a(trace.o) (trace_ext_puts)
/home/palatrauss/optee_with_ftpm_ta/optee_os/out/arm/export-ta_arm32/lib/libutee.a(tee_api.o)
                              out/aes_ta.o (__GP11_TEE_Malloc)
/home/palatrauss/optee_with_ftpm_ta/optee_os/out/arm/export-ta_arm32/lib/libutee.a(tee_api_objects.o)
                              out/aes_ta.o (__GP11_TEE_AllocateTransientObject)
/home/palatrauss/optee_with_ftpm_ta/optee_os/out/arm/export-ta_arm32/lib/libutee.a(tee_api_operations.o)
                              out/aes_ta.o (TEE_AllocateOperation)
/home/palatrauss/optee_with_ftpm_ta/optee_os/out/arm/export-ta_arm32/lib/libutee.a(tee_api_panic.o)
                              /home/palatrauss/optee_with_ftpm_ta/optee_os/out/arm/export-ta_arm32/lib/libutee.a(tee_api.o) (TEE_Panic)
/home/palatrauss/optee_with_ftpm_ta/optee_os/out/arm/export-ta_arm32/lib/libutee.a(tee_system_pta.o)
                              /home/palatrauss/optee_with_ftpm_ta/optee_os/out/arm/export-ta_arm32/lib/libutee.a(tee_api.o) (tee_map_zi)
/home/palatrauss/optee_with_ftpm_ta/optee_os/out/arm/export-ta_arm32/lib/libutee.a(user_ta_entry.o)
                              /home/palatrauss/optee_with_ftpm_ta/optee_os/out/arm/export-ta_arm32/lib/libutee.a(tee_api.o) (ta_param_types)
/home/palatrauss/optee_with_ftpm_ta/optee_os/out/arm/export-ta_arm32/lib/libutee.a(user_ta_entry_compat.o)
                              out/user_ta_header.o (__ta_open_sess)
/home/palatrauss/optee_with_ftpm_ta/optee_os/out/arm/export-ta_arm32/lib/libutee.a(utee_syscalls_a32.o)
                              /home/palatrauss/optee_with_ftpm_ta/optee_os/out/arm/export-ta_arm32/lib/libutils.a(stack_check.o) (_utee_panic)
/home/palatrauss/optee_with_ftpm_ta/optee_os/out/arm/export-ta_arm32/lib/libutee.a(abort.o)
                              /home/palatrauss/optee_with_ftpm_ta/optee_os/out/arm/export-ta_arm32/lib/libutee.a(user_ta_entry.o) (abort)
/home/palatrauss/optee_with_ftpm_ta/optee_os/out/arm/export-ta_arm32/lib/libutee.a(assert.o)
                              /home/palatrauss/optee_with_ftpm_ta/optee_os/out/arm/export-ta_arm32/lib/libutee.a(tee_api_operations.o) (_assert_log)
/home/palatrauss/optee_with_ftpm_ta/optee_os/out/arm/export-ta_arm32/lib/libutee.a(tee_api_arith_mpi.o)
                              /home/palatrauss/optee_with_ftpm_ta/optee_os/out/arm/export-ta_arm32/lib/libutee.a(user_ta_entry.o) (_TEE_MathAPI_Init)
/home/palatrauss/optee_with_ftpm_ta/optee_os/out/arm/export-ta_arm32/lib/libutee.a(tee_api_property.o)
                              /home/palatrauss/optee_with_ftpm_ta/optee_os/out/arm/export-ta_arm32/lib/libutee.a(user_ta_entry.o) (TEE_GetPropertyAsU32)
/home/palatrauss/optee_with_ftpm_ta/optee_os/out/arm/export-ta_arm32/lib/libutee.a(tcb.o)
                              /home/palatrauss/optee_with_ftpm_ta/optee_os/out/arm/export-ta_arm32/lib/libutee.a(user_ta_entry.o) (__utee_tcb_init)
/home/palatrauss/optee_with_ftpm_ta/optee_os/out/arm/export-ta_arm32/lib/libmbedtls.a(bignum.o)
[...]
Memory Configuration

Name             Origin             Length             Attributes
*default*        0x0000000000000000 0xffffffffffffffff

Linker script and memory map


.text           0x0000000000000000    0x1a70a
                0x0000000000000000                __text_start = .
 *(SORT_BY_ALIGNMENT(.text) SORT_BY_ALIGNMENT(.text.*))
 .text          0x0000000000000000      0x88c out/aes_ta.o
                0x00000000000006e8                TA_CreateEntryPoint
                0x00000000000006fc                TA_DestroyEntryPoint
                0x000000000000070c                __GP11_TA_OpenSessionEntryPoint
                0x0000000000000784                TA_CloseSessionEntryPoint
                0x00000000000007ec                __GP11_TA_InvokeCommandEntryPoint
 .text          0x000000000000088c       0xcc out/user_ta_header.o
                0x000000000000088c                __ta_entry_c
                0x00000000000008d4                tahead_get_trace_level
                0x00000000000008e8                TA_OpenSessionEntryPoint
                0x000000000000091c                TA_InvokeCommandEntryPoint
 .text.__ta_entry
                0x0000000000000958        0x4 out/ta_entry_a32.o
                0x0000000000000958                __ta_entry
 .text          0x000000000000095c       0x34 /home/palatrauss/optee_with_ftpm_ta/optee_os/out/arm/export-ta_arm32/lib/libutils.a(stack_check.o)
                0x000000000000095c                __stack_chk_fail
 .text          0x0000000000000990      0x704 /home/palatrauss/optee_with_ftpm_ta/optee_os/out/arm/export-ta_arm32/lib/libutils.a(trace.o)
                0x0000000000000990                trace_set_level
                0x00000000000009d8                trace_get_level
                0x0000000000000aec                trace_printf
                0x0000000000000b5c                trace_vprintf
                0x0000000000001074                dhex_dump
 .text          0x0000000000001094     0x10a0 /home/palatrauss/optee_with_ftpm_ta/optee_os/out/arm/export-ta_arm32/lib/libutils.a(snprintk.o)
                0x0000000000001094                snprintk
                0x0000000000001104                vsnprintk
                0x0000000000001132                __vsnprintf
                0x00000000000011d8                __vsprintf
 .text.__aeabi_ldivmod
                0x0000000000002134       0x18 /home/palatrauss/optee_with_ftpm_ta/optee_os/out/arm/export-ta_arm32/lib/libutils.a(arm32_aeabi_ldivmod_a32.o)
                0x0000000000002134                __aeabi_ldivmod
 .text.__aeabi_uldivmod
                0x000000000000214c       0x18 /home/palatrauss/optee_with_ftpm_ta/optee_os/out/arm/export-ta_arm32/lib/libutils.a(arm32_aeabi_ldivmod_a32.o)
                0x000000000000214c                __aeabi_uldivmod
 .text          0x0000000000002164      0x350 /home/palatrauss/optee_with_ftpm_ta/optee_os/out/arm/export-ta_arm32/lib/libutils.a(arm32_aeabi_ldivmod.o)
                0x000000000000230a                __ul_divmod
                0x00000000000023a0                __l_divmod
 .text          0x00000000000024b4      0x1bc /home/palatrauss/optee_with_ftpm_ta/optee_os/out/arm/export-ta_arm32/lib/libutee.a(trace_ext.o)
                0x00000000000024b4                trace_ext_puts
                0x00000000000024d8                trace_ext_get_thread_id
                0x00000000000024ec                printf
                0x00000000000025cc                puts
                0x0000000000002604                putchar
 .text          0x0000000000002670     0x16fc /home/palatrauss/optee_with_ftpm_ta/optee_os/out/arm/export-ta_arm32/lib/libutee.a(tee_api.o)
                0x0000000000003024                TEE_OpenTASession
                0x0000000000003170                __GP11_TEE_OpenTASession
                0x00000000000032b4                TEE_CloseTASession
                0x00000000000032e4                TEE_InvokeTACommand
                0x0000000000003460                __GP11_TEE_InvokeTACommand
                0x00000000000035d4                TEE_GetCancellationFlag
                0x0000000000003640                TEE_UnmaskCancellation
                0x00000000000036ac                TEE_MaskCancellation
                0x0000000000003718                TEE_CheckMemoryAccessRights
                0x00000000000037ac                __GP11_TEE_CheckMemoryAccessRights
                0x00000000000037d0                TEE_SetInstanceData
                0x00000000000037f4                TEE_GetInstanceData
                0x0000000000003810                TEE_MemMove
                0x0000000000003834                __GP11_TEE_MemMove
                0x0000000000003858                TEE_MemCompare
                0x000000000000387c                __GP11_TEE_MemCompare
                0x00000000000038a0                TEE_MemFill
                0x00000000000038c4                __GP11_TEE_MemFill
                0x00000000000038e6                TEE_GetSystemTime
                0x0000000000003912                TEE_Wait
                0x000000000000394a                TEE_GetTAPersistentTime
                0x00000000000039ce                TEE_SetTAPersistentTime
                0x0000000000003a14                TEE_GetREETime
                0x0000000000003a40                TEE_Malloc
                0x0000000000003b68                __GP11_TEE_Malloc
                0x0000000000003ba8                TEE_Realloc
                0x0000000000003c80                __GP11_TEE_Realloc
                0x0000000000003ca0                TEE_Free
                0x0000000000003d00                TEE_CacheClean
                0x0000000000003d24                TEE_CacheFlush
                0x0000000000003d48                TEE_CacheInvalidate
 .text          0x0000000000003d6c     0x212c /home/palatrauss/optee_with_ftpm_ta/optee_os/out/arm/export-ta_arm32/lib/libutee.a(tee_api_objects.o)
                0x0000000000003d6c                __utee_from_attr
                0x0000000000003eea                __utee_from_gp11_attr
                0x000000000000406e                TEE_GetObjectInfo
                0x000000000000415c                __GP11_TEE_GetObjectInfo
                0x000000000000424c                TEE_GetObjectInfo1
                0x0000000000004318                __GP11_TEE_GetObjectInfo1
                0x00000000000043e4                TEE_RestrictObjectUsage
                0x0000000000004484                TEE_RestrictObjectUsage1
                0x00000000000044d0                TEE_GetObjectBufferAttribute
                0x00000000000045f8                __GP11_TEE_GetObjectBufferAttribute
                0x000000000000467c                TEE_GetObjectValueAttribute
                0x00000000000047c0                TEE_CloseObject
                0x00000000000047f2                TEE_AllocateTransientObject
                0x000000000000482e                __GP11_TEE_AllocateTransientObject
                0x00000000000048cc                TEE_FreeTransientObject
                0x0000000000004980                TEE_ResetTransientObject
                0x0000000000004a34                TEE_PopulateTransientObject
                0x0000000000004bec                __GP11_TEE_PopulateTransientObject
                0x0000000000004da4                TEE_InitRefAttribute
                0x0000000000004dec                __GP11_TEE_InitRefAttribute
                0x0000000000004e34                TEE_InitValueAttribute
                0x0000000000004e7c                __GP11_TEE_InitValueAttribute
                0x0000000000004ec4                TEE_CopyObjectAttributes
                0x0000000000004f64                TEE_CopyObjectAttributes1
                0x0000000000005088                TEE_GenerateKey
                0x00000000000051e4                __GP11_TEE_GenerateKey
                0x0000000000005344                TEE_OpenPersistentObject
                0x0000000000005424                __GP11_TEE_OpenPersistentObject
                0x0000000000005450                TEE_CreatePersistentObject
                0x000000000000557c                __GP11_TEE_CreatePersistentObject
                0x00000000000055be                TEE_CloseAndDeletePersistentObject
                0x00000000000055f0                TEE_CloseAndDeletePersistentObject1
                0x0000000000005636                TEE_RenamePersistentObject
                0x00000000000056a6                __GP11_TEE_RenamePersistentObject
                0x00000000000056ca                TEE_AllocatePersistentObjectEnumerator
                0x0000000000005758                TEE_FreePersistentObjectEnumerator
                0x000000000000578a                TEE_ResetPersistentObjectEnumerator
                0x00000000000057bc                TEE_StartPersistentObjectEnumerator
                0x0000000000005816                TEE_GetNextPersistentObject
                0x0000000000005954                __GP11_TEE_GetNextPersistentObject
                0x0000000000005a90                TEE_ReadObjectData
                0x0000000000005b58                __GP11_TEE_ReadObjectData
                0x0000000000005bdc                TEE_WriteObjectData
                0x0000000000005c5a                __GP11_TEE_WriteObjectData
                0x0000000000005c7e                TEE_TruncateObjectData
                0x0000000000005cea                __GP11_TEE_TruncateObjectData
                0x0000000000005d0a                TEE_SeekObjectData
                0x0000000000005e5c                __GP11_TEE_SeekObjectData
 .text          0x0000000000005e98     0x59d0 /home/palatrauss/optee_with_ftpm_ta/optee_os/out/arm/export-ta_arm32/lib/libutee.a(tee_api_operations.o)
                0x0000000000006414                TEE_AllocateOperation
                0x00000000000073a6                TEE_FreeOperation
                0x00000000000073ea                __GP11_TEE_FreeOperation
                0x0000000000007412                TEE_GetOperationInfo
                0x0000000000007480                TEE_GetOperationInfoMultiple
                0x000000000000767c                __GP11_TEE_GetOperationInfoMultiple
                0x000000000000775a                TEE_ResetOperation
                0x0000000000007796                TEE_SetOperationKey
                0x0000000000007920                __GP11_TEE_SetOperationKey
                0x0000000000007bc8                TEE_SetOperationKey2
                0x0000000000007c0a                __GP11_TEE_SetOperationKey2
                0x0000000000007c44                TEE_CopyOperation
                0x0000000000007de6                TEE_DigestUpdate
                0x0000000000007e42                __GP11_TEE_DigestUpdate
                0x0000000000007e62                TEE_DigestDoFinal
                0x0000000000007fd4                __GP11_TEE_DigestDoFinal
                0x0000000000008060                TEE_DigestExtract
                0x0000000000008248                TEE_CipherInit
                0x0000000000008334                __GP11_TEE_CipherInit
                0x00000000000086d0                TEE_CipherUpdate
                0x00000000000088e4                __GP11_TEE_CipherUpdate
                0x0000000000008970                TEE_CipherDoFinal
                0x0000000000008c60                __GP11_TEE_CipherDoFinal
                0x0000000000008cf8                TEE_MACInit
                0x0000000000008d6a                __GP11_TEE_MACInit
                0x0000000000008d8a                TEE_MACUpdate
                0x0000000000008e0c                __GP11_TEE_MACUpdate
                0x0000000000008e2c                TEE_MACComputeFinal
                0x0000000000008f58                __GP11_TEE_MACComputeFinal
                0x0000000000008fe4                TEE_MACCompareFinal
                0x000000000000910c                __GP11_TEE_MACCompareFinal
                0x0000000000009138                TEE_AEInit
                0x0000000000009226                __GP11_TEE_AEInit
                0x0000000000009256                TEE_AEUpdateAAD
                0x00000000000092de                __GP11_TEE_AEUpdateAAD
                0x00000000000094b8                TEE_AEUpdate
                0x0000000000009578                __GP11_TEE_AEUpdate
                0x0000000000009678                TEE_AEEncryptFinal
                0x00000000000098f8                __GP11_TEE_AEEncryptFinal
                0x00000000000099b0                TEE_AEDecryptFinal
                0x0000000000009be0                __GP11_TEE_AEDecryptFinal
                0x0000000000009c78                TEE_AsymmetricEncrypt
                0x0000000000009e9c                __GP11_TEE_AsymmetricEncrypt
                0x000000000000a0a4                TEE_AsymmetricDecrypt
                0x000000000000a2c8                __GP11_TEE_AsymmetricDecrypt
                0x000000000000a4d0                TEE_AsymmetricSignDigest
                0x000000000000a6c8                __GP11_TEE_AsymmetricSignDigest
                0x000000000000a8c0                TEE_AsymmetricVerifyDigest
                0x000000000000aa84                __GP11_TEE_AsymmetricVerifyDigest
                0x000000000000ac4c                TEE_DeriveKey
                0x000000000000ae64                __GP11_TEE_DeriveKey
                0x000000000000b07c                TEE_GenerateRandom
                0x000000000000b0a8                __GP11_TEE_GenerateRandom
                0x000000000000b0c6                rand
                0x000000000000b120                TEE_IsAlgorithmSupported
 .text          0x000000000000b868      0x310 /home/palatrauss/optee_with_ftpm_ta/optee_os/out/arm/export-ta_arm32/lib/libutee.a(tee_api_panic.o)
                0x000000000000b868                TEE_Panic
                0x000000000000b8e6                __utee_check_outbuf_annotation
                0x000000000000b940                __utee_check_gp11_outbuf_annotation
                0x000000000000b998                __utee_check_instring_annotation
                0x000000000000b9d8                __utee_check_outstring_annotation
                0x000000000000ba30                __utee_check_gp11_outstring_annotation
                0x000000000000ba88                __utee_check_out_annotation
                0x000000000000babc                __utee_check_attr_in_annotation
                0x000000000000bb00                __utee_check_gp11_attr_in_annotation
                0x000000000000bb44                __utee_check_inout_annotation
 .text          0x000000000000bb78      0x414 /home/palatrauss/optee_with_ftpm_ta/optee_os/out/arm/export-ta_arm32/lib/libutee.a(tee_system_pta.o)
                0x000000000000bcd8                tee_map_zi
                0x000000000000bda4                tee_unmap
                0x000000000000be88                tee_invoke_supp_plugin
 .text          0x000000000000bf8c      0xc40 /home/palatrauss/optee_with_ftpm_ta/optee_os/out/arm/export-ta_arm32/lib/libutee.a(user_ta_entry.o)
                0x000000000000c18c                __utee_call_elf_init_fn
                0x000000000000c3b0                __utee_call_elf_fini_fn
                0x000000000000cb58                __utee_entry
 .text          0x000000000000cbcc      0x2cc /home/palatrauss/optee_with_ftpm_ta/optee_os/out/arm/export-ta_arm32/lib/libutee.a(user_ta_entry_compat.o)
                0x000000000000cd54                __ta_open_sess
                0x000000000000cdec                __ta_invoke_cmd
 .text          0x000000000000ce98        0x0 /home/palatrauss/optee_with_ftpm_ta/optee_os/out/arm/export-ta_arm32/lib/libutee.a(utee_syscalls_a32.o)
 .text._utee_panic
                0x000000000000ce98       0x14 /home/palatrauss/optee_with_ftpm_ta/optee_os/out/arm/export-ta_arm32/lib/libutee.a(utee_syscalls_a32.o)
                0x000000000000ce98                _utee_panic
 .text._utee_return
                0x000000000000ceac       0x14 /home/palatrauss/optee_with_ftpm_ta/optee_os/out/arm/export-ta_arm32/lib/libutee.a(utee_syscalls_a32.o)
                0x000000000000ceac                _utee_return
 .text._utee_log
                0x000000000000cec0       0x14 /home/palatrauss/optee_with_ftpm_ta/optee_os/out/arm/export-ta_arm32/lib/libutee.a(utee_syscalls_a32.o)
                0x000000000000cec0                _utee_log
 .text.__utee_panic
                0x000000000000ced4       0x14 /home/palatrauss/optee_with_ftpm_ta/optee_os/out/arm/export-ta_arm32/lib/libutee.a(utee_syscalls_a32.o)
                0x000000000000ced4                __utee_panic
 .text._utee_get_property
                0x000000000000cee8       0x18 /home/palatrauss/optee_with_ftpm_ta/optee_os/out/arm/export-ta_arm32/lib/libutee.a(utee_syscalls_a32.o)
                0x000000000000cee8                _utee_get_property
 .text._utee_get_property_name_to_index
                0x000000000000cf00       0x14 /home/palatrauss/optee_with_ftpm_ta/optee_os/out/arm/export-ta_arm32/lib/libutee.a(utee_syscalls_a32.o)
                0x000000000000cf00                _utee_get_property_name_to_index
 .text._utee_open_ta_session
                0x000000000000cf14       0x18 /home/palatrauss/optee_with_ftpm_ta/optee_os/out/arm/export-ta_arm32/lib/libutee.a(utee_syscalls_a32.o)
                0x000000000000cf14                _utee_open_ta_session
 .text._utee_close_ta_session
                0x000000000000cf2c       0x14 /home/palatrauss/optee_with_ftpm_ta/optee_os/out/arm/export-ta_arm32/lib/libutee.a(utee_syscalls_a32.o)
                0x000000000000cf2c                _utee_close_ta_session
 .text._utee_invoke_ta_command
                0x000000000000cf40       0x18 /home/palatrauss/optee_with_ftpm_ta/optee_os/out/arm/export-ta_arm32/lib/libutee.a(utee_syscalls_a32.o)
                0x000000000000cf40                _utee_invoke_ta_command
 .text._utee_get_cancellation_flag
                0x000000000000cf58       0x14 /home/palatrauss/optee_with_ftpm_ta/optee_os/out/arm/export-ta_arm32/lib/libutee.a(utee_syscalls_a32.o)
                0x000000000000cf58                _utee_get_cancellation_flag
 .text._utee_check_access_rights
                0x000000000000cf6c       0x14 /home/palatrauss/optee_with_ftpm_ta/optee_os/out/arm/export-ta_arm32/lib/libutee.a(utee_syscalls_a32.o)
                0x000000000000cf6c                _utee_check_access_rights
 .text._utee_unmask_cancellation
                0x000000000000cf80       0x14 /home/palatrauss/optee_with_ftpm_ta/optee_os/out/arm/export-ta_arm32/lib/libutee.a(utee_syscalls_a32.o)
                0x000000000000cf80                _utee_unmask_cancellation
 .text._utee_mask_cancellation
                0x000000000000cf94       0x14 /home/palatrauss/optee_with_ftpm_ta/optee_os/out/arm/export-ta_arm32/lib/libutee.a(utee_syscalls_a32.o)
                0x000000000000cf94                _utee_mask_cancellation
 .text._utee_wait
                0x000000000000cfa8       0x14 /home/palatrauss/optee_with_ftpm_ta/optee_os/out/arm/export-ta_arm32/lib/libutee.a(utee_syscalls_a32.o)
                0x000000000000cfa8                _utee_wait
 .text._utee_get_time
                0x000000000000cfbc       0x14 /home/palatrauss/optee_with_ftpm_ta/optee_os/out/arm/export-ta_arm32/lib/libutee.a(utee_syscalls_a32.o)
                0x000000000000cfbc                _utee_get_time
 .text._utee_set_ta_time
                0x000000000000cfd0       0x14 /home/palatrauss/optee_with_ftpm_ta/optee_os/out/arm/export-ta_arm32/lib/libutee.a(utee_syscalls_a32.o)
                0x000000000000cfd0                _utee_set_ta_time
 .text._utee_cryp_state_alloc
                0x000000000000cfe4       0x18 /home/palatrauss/optee_with_ftpm_ta/optee_os/out/arm/export-ta_arm32/lib/libutee.a(utee_syscalls_a32.o)
                0x000000000000cfe4                _utee_cryp_state_alloc
 .text._utee_cryp_state_copy
                0x000000000000cffc       0x14 /home/palatrauss/optee_with_ftpm_ta/optee_os/out/arm/export-ta_arm32/lib/libutee.a(utee_syscalls_a32.o)
                0x000000000000cffc                _utee_cryp_state_copy
 .text._utee_cryp_state_free
                0x000000000000d010       0x14 /home/palatrauss/optee_with_ftpm_ta/optee_os/out/arm/export-ta_arm32/lib/libutee.a(utee_syscalls_a32.o)
                0x000000000000d010                _utee_cryp_state_free
 .text._utee_hash_init
                0x000000000000d024       0x14 /home/palatrauss/optee_with_ftpm_ta/optee_os/out/arm/export-ta_arm32/lib/libutee.a(utee_syscalls_a32.o)
                0x000000000000d024                _utee_hash_init
 .text._utee_hash_update
                0x000000000000d038       0x14 /home/palatrauss/optee_with_ftpm_ta/optee_os/out/arm/export-ta_arm32/lib/libutee.a(utee_syscalls_a32.o)
                0x000000000000d038                _utee_hash_update
 .text._utee_hash_final
                0x000000000000d04c       0x18 /home/palatrauss/optee_with_ftpm_ta/optee_os/out/arm/export-ta_arm32/lib/libutee.a(utee_syscalls_a32.o)
                0x000000000000d04c                _utee_hash_final
 .text._utee_cipher_init
                0x000000000000d064       0x14 /home/palatrauss/optee_with_ftpm_ta/optee_os/out/arm/export-ta_arm32/lib/libutee.a(utee_syscalls_a32.o)
                0x000000000000d064                _utee_cipher_init
 .text._utee_cipher_update
                0x000000000000d078       0x18 /home/palatrauss/optee_with_ftpm_ta/optee_os/out/arm/export-ta_arm32/lib/libutee.a(utee_syscalls_a32.o)
                0x000000000000d078                _utee_cipher_update
 .text._utee_cipher_final
                0x000000000000d090       0x18 /home/palatrauss/optee_with_ftpm_ta/optee_os/out/arm/export-ta_arm32/lib/libutee.a(utee_syscalls_a32.o)
                0x000000000000d090                _utee_cipher_final
 .text._utee_cryp_obj_get_info
                0x000000000000d0a8       0x14 /home/palatrauss/optee_with_ftpm_ta/optee_os/out/arm/export-ta_arm32/lib/libutee.a(utee_syscalls_a32.o)
                0x000000000000d0a8                _utee_cryp_obj_get_info
 .text._utee_cryp_obj_restrict_usage
                0x000000000000d0bc       0x14 /home/palatrauss/optee_with_ftpm_ta/optee_os/out/arm/export-ta_arm32/lib/libutee.a(utee_syscalls_a32.o)
                0x000000000000d0bc                _utee_cryp_obj_restrict_usage
 .text._utee_cryp_obj_get_attr
                0x000000000000d0d0       0x14 /home/palatrauss/optee_with_ftpm_ta/optee_os/out/arm/export-ta_arm32/lib/libutee.a(utee_syscalls_a32.o)
                0x000000000000d0d0                _utee_cryp_obj_get_attr
 .text._utee_cryp_obj_alloc
                0x000000000000d0e4       0x14 /home/palatrauss/optee_with_ftpm_ta/optee_os/out/arm/export-ta_arm32/lib/libutee.a(utee_syscalls_a32.o)
                0x000000000000d0e4                _utee_cryp_obj_alloc
 .text._utee_cryp_obj_close
                0x000000000000d0f8       0x14 /home/palatrauss/optee_with_ftpm_ta/optee_os/out/arm/export-ta_arm32/lib/libutee.a(utee_syscalls_a32.o)
                0x000000000000d0f8                _utee_cryp_obj_close
 .text._utee_cryp_obj_reset
                0x000000000000d10c       0x14 /home/palatrauss/optee_with_ftpm_ta/optee_os/out/arm/export-ta_arm32/lib/libutee.a(utee_syscalls_a32.o)
                0x000000000000d10c                _utee_cryp_obj_reset
 .text._utee_cryp_obj_populate
                0x000000000000d120       0x14 /home/palatrauss/optee_with_ftpm_ta/optee_os/out/arm/export-ta_arm32/lib/libutee.a(utee_syscalls_a32.o)
                0x000000000000d120                _utee_cryp_obj_populate
 .text._utee_cryp_obj_copy
                0x000000000000d134       0x14 /home/palatrauss/optee_with_ftpm_ta/optee_os/out/arm/export-ta_arm32/lib/libutee.a(utee_syscalls_a32.o)
                0x000000000000d134                _utee_cryp_obj_copy
 .text._utee_cryp_derive_key
                0x000000000000d148       0x14 /home/palatrauss/optee_with_ftpm_ta/optee_os/out/arm/export-ta_arm32/lib/libutee.a(utee_syscalls_a32.o)
                0x000000000000d148                _utee_cryp_derive_key
 .text._utee_cryp_random_number_generate
                0x000000000000d15c       0x14 /home/palatrauss/optee_with_ftpm_ta/optee_os/out/arm/export-ta_arm32/lib/libutee.a(utee_syscalls_a32.o)
                0x000000000000d15c                _utee_cryp_random_number_generate
 .text._utee_authenc_init
                0x000000000000d170       0x18 /home/palatrauss/optee_with_ftpm_ta/optee_os/out/arm/export-ta_arm32/lib/libutee.a(utee_syscalls_a32.o)
                0x000000000000d170                _utee_authenc_init
 .text._utee_authenc_update_aad
                0x000000000000d188       0x14 /home/palatrauss/optee_with_ftpm_ta/optee_os/out/arm/export-ta_arm32/lib/libutee.a(utee_syscalls_a32.o)
                0x000000000000d188                _utee_authenc_update_aad
 .text._utee_authenc_update_payload
                0x000000000000d19c       0x18 /home/palatrauss/optee_with_ftpm_ta/optee_os/out/arm/export-ta_arm32/lib/libutee.a(utee_syscalls_a32.o)
                0x000000000000d19c                _utee_authenc_update_payload
 .text._utee_authenc_enc_final
                0x000000000000d1b4       0x18 /home/palatrauss/optee_with_ftpm_ta/optee_os/out/arm/export-ta_arm32/lib/libutee.a(utee_syscalls_a32.o)
                0x000000000000d1b4                _utee_authenc_enc_final
 .text._utee_authenc_dec_final
                0x000000000000d1cc       0x18 /home/palatrauss/optee_with_ftpm_ta/optee_os/out/arm/export-ta_arm32/lib/libutee.a(utee_syscalls_a32.o)
                0x000000000000d1cc                _utee_authenc_dec_final
 .text._utee_asymm_operate
                0x000000000000d1e4       0x18 /home/palatrauss/optee_with_ftpm_ta/optee_os/out/arm/export-ta_arm32/lib/libutee.a(utee_syscalls_a32.o)
                0x000000000000d1e4                _utee_asymm_operate
 .text._utee_asymm_verify
                0x000000000000d1fc       0x18 /home/palatrauss/optee_with_ftpm_ta/optee_os/out/arm/export-ta_arm32/lib/libutee.a(utee_syscalls_a32.o)
                0x000000000000d1fc                _utee_asymm_verify
 .text._utee_storage_obj_open
                0x000000000000d214       0x18 /home/palatrauss/optee_with_ftpm_ta/optee_os/out/arm/export-ta_arm32/lib/libutee.a(utee_syscalls_a32.o)
                0x000000000000d214                _utee_storage_obj_open
 .text._utee_storage_obj_create
                0x000000000000d22c       0x18 /home/palatrauss/optee_with_ftpm_ta/optee_os/out/arm/export-ta_arm32/lib/libutee.a(utee_syscalls_a32.o)
                0x000000000000d22c                _utee_storage_obj_create
 .text._utee_storage_obj_del
                0x000000000000d244       0x14 /home/palatrauss/optee_with_ftpm_ta/optee_os/out/arm/export-ta_arm32/lib/libutee.a(utee_syscalls_a32.o)
                0x000000000000d244                _utee_storage_obj_del
 .text._utee_storage_obj_rename
                0x000000000000d258       0x14 /home/palatrauss/optee_with_ftpm_ta/optee_os/out/arm/export-ta_arm32/lib/libutee.a(utee_syscalls_a32.o)
                0x000000000000d258                _utee_storage_obj_rename
 .text._utee_storage_alloc_enum
                0x000000000000d26c       0x14 /home/palatrauss/optee_with_ftpm_ta/optee_os/out/arm/export-ta_arm32/lib/libutee.a(utee_syscalls_a32.o)
                0x000000000000d26c                _utee_storage_alloc_enum
 .text._utee_storage_free_enum
                0x000000000000d280       0x14 /home/palatrauss/optee_with_ftpm_ta/optee_os/out/arm/export-ta_arm32/lib/libutee.a(utee_syscalls_a32.o)
                0x000000000000d280                _utee_storage_free_enum
 .text._utee_storage_reset_enum
                0x000000000000d294       0x14 /home/palatrauss/optee_with_ftpm_ta/optee_os/out/arm/export-ta_arm32/lib/libutee.a(utee_syscalls_a32.o)
                0x000000000000d294                _utee_storage_reset_enum
 .text._utee_storage_start_enum
                0x000000000000d2a8       0x14 /home/palatrauss/optee_with_ftpm_ta/optee_os/out/arm/export-ta_arm32/lib/libutee.a(utee_syscalls_a32.o)
                0x000000000000d2a8                _utee_storage_start_enum
 .text._utee_storage_next_enum
                0x000000000000d2bc       0x14 /home/palatrauss/optee_with_ftpm_ta/optee_os/out/arm/export-ta_arm32/lib/libutee.a(utee_syscalls_a32.o)
                0x000000000000d2bc                _utee_storage_next_enum
 .text._utee_storage_obj_read
                0x000000000000d2d0       0x14 /home/palatrauss/optee_with_ftpm_ta/optee_os/out/arm/export-ta_arm32/lib/libutee.a(utee_syscalls_a32.o)
                0x000000000000d2d0                _utee_storage_obj_read
 .text._utee_storage_obj_write
                0x000000000000d2e4       0x14 /home/palatrauss/optee_with_ftpm_ta/optee_os/out/arm/export-ta_arm32/lib/libutee.a(utee_syscalls_a32.o)
                0x000000000000d2e4                _utee_storage_obj_write
 .text._utee_storage_obj_trunc
                0x000000000000d2f8       0x14 /home/palatrauss/optee_with_ftpm_ta/optee_os/out/arm/export-ta_arm32/lib/libutee.a(utee_syscalls_a32.o)
                0x000000000000d2f8                _utee_storage_obj_trunc
 .text._utee_storage_obj_seek
                0x000000000000d30c       0x14 /home/palatrauss/optee_with_ftpm_ta/optee_os/out/arm/export-ta_arm32/lib/libutee.a(utee_syscalls_a32.o)
                0x000000000000d30c                _utee_storage_obj_seek
 .text._utee_cryp_obj_generate_key
                0x000000000000d320       0x14 /home/palatrauss/optee_with_ftpm_ta/optee_os/out/arm/export-ta_arm32/lib/libutee.a(utee_syscalls_a32.o)
                0x000000000000d320                _utee_cryp_obj_generate_key
 .text._utee_cache_operation
                0x000000000000d334       0x14 /home/palatrauss/optee_with_ftpm_ta/optee_os/out/arm/export-ta_arm32/lib/libutee.a(utee_syscalls_a32.o)
                0x000000000000d334                _utee_cache_operation
 .text          0x000000000000d348       0x20 /home/palatrauss/optee_with_ftpm_ta/optee_os/out/arm/export-ta_arm32/lib/libutee.a(abort.o)
                0x000000000000d348                abort
 .text          0x000000000000d368       0x5c /home/palatrauss/optee_with_ftpm_ta/optee_os/out/arm/export-ta_arm32/lib/libutee.a(assert.o)
                0x000000000000d368                _assert_log
                0x000000000000d3b0                _assert_break
 .text          0x000000000000d3c4     0x2690 /home/palatrauss/optee_with_ftpm_ta/optee_os/out/arm/export-ta_arm32/lib/libutee.a(tee_api_arith_mpi.o)
                0x000000000000d424                _TEE_MathAPI_Init
                0x000000000000d5bc                TEE_BigIntInit
                0x000000000000d624                __GP11_TEE_BigIntInit
                0x000000000000d642                TEE_BigIntConvertFromOctetString
                0x000000000000d6f0                __GP11_TEE_BigIntConvertFromOctetString
                0x000000000000d718                TEE_BigIntConvertToOctetString
                0x000000000000d7d4                __GP11_TEE_BigIntConvertToOctetString
                0x000000000000d844                TEE_BigIntConvertFromS32
                0x000000000000d8f8                TEE_BigIntConvertToS32
                0x000000000000da00                TEE_BigIntCmp
                0x000000000000da8c                TEE_BigIntCmpS32
                0x000000000000dafc                TEE_BigIntShiftRight
                0x000000000000dce8                __GP11_TEE_BigIntShiftRight
                0x000000000000dd0a                TEE_BigIntGetBit
                0x000000000000dd84                TEE_BigIntGetBitCount
                0x000000000000ddf0                TEE_BigIntSetBit
                0x000000000000dea4                TEE_BigIntAssign
                0x000000000000df14                TEE_BigIntAbs
                0x000000000000e230                TEE_BigIntAdd
                0x000000000000e264                TEE_BigIntSub
                0x000000000000e298                TEE_BigIntNeg
                0x000000000000e37c                TEE_BigIntMul
                0x000000000000e490                TEE_BigIntSquare
                0x000000000000e4b0                TEE_BigIntDiv
                0x000000000000e650                TEE_BigIntMod
                0x000000000000e6bc                TEE_BigIntAddMod
                0x000000000000e6f4                TEE_BigIntSubMod
                0x000000000000e72c                TEE_BigIntMulMod
                0x000000000000e764                TEE_BigIntSquareMod
                0x000000000000e788                TEE_BigIntInvMod
                0x000000000000e8c8                TEE_BigIntRelativePrime
                0x000000000000ea1c                TEE_BigIntExpMod
                0x000000000000f370                TEE_BigIntComputeExtendedGcd
                0x000000000000f668                TEE_BigIntIsProbablePrime
                0x000000000000f704                TEE_BigIntInitFMM
                0x000000000000f722                __GP11_TEE_BigIntInitFMM
                0x000000000000f740                TEE_BigIntInitFMMContext
                0x000000000000f75c                __GP11_TEE_BigIntInitFMMContext
                0x000000000000f77e                TEE_BigIntInitFMMContext1
                0x000000000000f79e                TEE_BigIntFMMSizeInU32
                0x000000000000f7c4                __GP11_TEE_BigIntFMMSizeInU32
                0x000000000000f7e0                TEE_BigIntFMMContextSizeInU32
                0x000000000000f7fc                __GP11_TEE_BigIntFMMContextSizeInU32
                0x000000000000f818                TEE_BigIntConvertToFMM
                0x000000000000f83c                TEE_BigIntConvertFromFMM
                0x000000000000f90c                TEE_BigIntComputeFMM
 .text          0x000000000000fa54     0x101c /home/palatrauss/optee_with_ftpm_ta/optee_os/out/arm/export-ta_arm32/lib/libutee.a(tee_api_property.o)
                0x000000000000fe74                TEE_GetPropertyAsString
                0x0000000000010108                __GP11_TEE_GetPropertyAsString
                0x0000000000010188                TEE_GetPropertyAsBool
                0x0000000000010254                TEE_GetPropertyAsU32
                0x000000000001031c                TEE_GetPropertyAsU64
                0x00000000000103e4                __GP11_TEE_GetPropertyAsBinaryBlock
                0x00000000000104bc                TEE_GetPropertyAsBinaryBlock
                0x000000000001053c                TEE_GetPropertyAsUUID
                0x0000000000010604                TEE_GetPropertyAsIdentity
                0x00000000000106cc                TEE_AllocatePropertyEnumerator
                0x000000000001073c                TEE_ResetPropertyEnumerator
                0x0000000000010760                TEE_FreePropertyEnumerator
                0x000000000001077e                TEE_StartPropertyEnumerator
                0x00000000000107b2                __GP11_TEE_GetPropertyName
                0x00000000000108f0                TEE_GetPropertyName
                0x0000000000010970                TEE_GetNextProperty
 .text          0x0000000000010a70      0x468 /home/palatrauss/optee_with_ftpm_ta/optee_os/out/arm/export-ta_arm32/lib/libutee.a(tcb.o)
                0x0000000000010a90                __utee_tcb_init
                0x0000000000010d98                __tls_get_addr
                0x0000000000010dd0                dl_iterate_phdr
 .text          0x0000000000010ed8     0x467c /home/palatrauss/optee_with_ftpm_ta/optee_os/out/arm/export-ta_arm32/lib/libmbedtls.a(bignum.o)
                0x0000000000011136                mbedtls_mpi_lt_mpi_ct
                0x0000000000011250                mbedtls_mpi_safe_cond_assign
                0x0000000000011318                mbedtls_mpi_safe_cond_swap
                0x0000000000011406                mbedtls_mpi_init
                0x0000000000011424                mbedtls_mpi_init_mempool
                0x0000000000011460                mbedtls_mpi_free
                0x00000000000114fc                mbedtls_mpi_grow
                0x0000000000011614                mbedtls_mpi_shrink
                0x00000000000117e2                mbedtls_mpi_copy
                0x00000000000118de                mbedtls_mpi_swap
                0x000000000001197c                mbedtls_mpi_lset
                0x00000000000119fa                mbedtls_mpi_get_bit
                0x0000000000011a48                mbedtls_mpi_set_bit
                0x0000000000011b12                mbedtls_mpi_lsb
                0x0000000000011b7c                mbedtls_mpi_bitlen
                0x0000000000011ba2                mbedtls_mpi_size
                0x0000000000011c48                mbedtls_mpi_read_string
                0x0000000000011f68                mbedtls_mpi_write_string
                0x0000000000012190                mbedtls_mpi_read_binary_le
                0x00000000000121f4                mbedtls_mpi_read_binary
                0x0000000000012258                mbedtls_mpi_write_binary_le
                0x0000000000012284                mbedtls_mpi_write_binary
                0x00000000000122b0                mbedtls_mpi_shift_l
                0x0000000000012328                mbedtls_mpi_shift_r
                0x000000000001235a                mbedtls_mpi_cmp_abs
                0x0000000000012476                mbedtls_mpi_cmp_mpi
                0x00000000000125e8                mbedtls_mpi_cmp_int
                0x0000000000012674                mbedtls_mpi_add_abs
                0x00000000000127a2                mbedtls_mpi_sub_abs
                0x00000000000129b2                mbedtls_mpi_add_mpi
                0x00000000000129da                mbedtls_mpi_sub_mpi
                0x0000000000012a02                mbedtls_mpi_add_int
                0x0000000000012a90                mbedtls_mpi_sub_int
                0x0000000000012b20                mbedtls_mpi_mul_mpi
                0x0000000000012cd4                mbedtls_mpi_mul_int
                0x0000000000012e56                mbedtls_mpi_div_mpi
                0x0000000000013480                mbedtls_mpi_div_int
                0x0000000000013510                mbedtls_mpi_mod_mpi
                0x00000000000135a4                mbedtls_mpi_mod_int
                0x00000000000136c6                mbedtls_mpi_montg_init
                0x00000000000136ec                mbedtls_mpi_montmul
                0x000000000001374c                mbedtls_mpi_montred
                0x0000000000013844                mbedtls_mpi_exp_mod
                0x00000000000140e8                mbedtls_mpi_gcd
                0x00000000000142dc                mbedtls_mpi_fill_random
                0x000000000001434c                mbedtls_mpi_random
                0x00000000000143ca                mbedtls_mpi_inv_mod
                0x0000000000014c2c                mbedtls_mpi_is_prime_ext
                0x0000000000014d0c                mbedtls_mpi_gen_prime
                0x0000000000015038                mbedtls_mpi_self_test
 .text          0x0000000000015554     0x1f04 /home/palatrauss/optee_with_ftpm_ta/optee_os/out/arm/export-ta_arm32/lib/libmbedtls.a(bignum_core.o)
                0x00000000000157d0                mbedtls_mpi_core_clz
                0x00000000000157ee                mbedtls_mpi_core_bitlen
                0x0000000000015874                mbedtls_mpi_core_bigendian_to_host
                0x00000000000158e6                mbedtls_mpi_core_uint_le_mpi
                0x0000000000015956                mbedtls_mpi_core_lt_ct
                0x0000000000015a32                mbedtls_mpi_core_cond_assign
                0x0000000000015aaa                mbedtls_mpi_core_cond_swap
                0x0000000000015b56                mbedtls_mpi_core_read_le
                0x0000000000015c04                mbedtls_mpi_core_read_be
                0x0000000000015c98                mbedtls_mpi_core_write_le
                0x0000000000015d6a                mbedtls_mpi_core_write_be
                0x0000000000015e4a                mbedtls_mpi_core_shift_r
                0x0000000000015f9c                mbedtls_mpi_core_shift_l
                0x00000000000160b4                mbedtls_mpi_core_add
                0x000000000001615e                mbedtls_mpi_core_add_if
                0x000000000001620e                mbedtls_mpi_core_sub
                0x00000000000162b8                mbedtls_mpi_core_mla
                0x0000000000016c4c                mbedtls_mpi_core_mul
                0x0000000000016cbe                mbedtls_mpi_core_montmul_init
                0x0000000000016d24                mbedtls_mpi_core_montmul
                0x0000000000016e00                mbedtls_mpi_core_get_mont_r2_unsafe
                0x0000000000016ec4                mbedtls_mpi_core_fill_random
                0x0000000000016f6a                mbedtls_mpi_core_random
                0x0000000000017072                mbedtls_mpi_core_exp_mod_working_limbs
                0x000000000001717c                mbedtls_mpi_core_exp_mod
                0x00000000000172e6                mbedtls_mpi_core_sub_int
                0x0000000000017354                mbedtls_mpi_core_check_zero_ct
                0x00000000000173a8                mbedtls_mpi_core_to_mont_rep
                0x00000000000173de                mbedtls_mpi_core_from_mont_rep
 .text          0x0000000000017458      0x520 /home/palatrauss/optee_with_ftpm_ta/optee_os/out/arm/export-ta_arm32/lib/libmbedtls.a(constant_time.o)
                0x0000000000017670                mbedtls_ct_memcmp
                0x00000000000176e8                mbedtls_ct_memcmp_partial
                0x0000000000017790                mbedtls_ct_memmove_left
                0x000000000001784a                mbedtls_ct_memcpy_if
                0x00000000000178cc                mbedtls_ct_memcpy_offset
                0x000000000001791a                mbedtls_ct_zeroize_if
 .text          0x0000000000017978       0x90 /home/palatrauss/optee_with_ftpm_ta/optee_os/out/arm/export-ta_arm32/lib/libmbedtls.a(platform_util.o)
                0x0000000000017978                mbedtls_platform_zeroize
                0x00000000000179dc                mbedtls_zeroize_and_free
 .text          0x0000000000017a08     0x1e80 /home/palatrauss/optee_with_ftpm_ta/optee_os/out/arm/export-ta_arm32/lib/libutils.a(bget_malloc.o)
                0x0000000000017b00                bget
                0x0000000000017e94                bgetz
                0x0000000000017f38                bgetr
                0x0000000000017ffc                brel
                0x000000000001830c                bpool
                0x00000000000183fc                bstats
                0x00000000000185e6                bget_main_test
                0x0000000000018be4                malloc_reset_stats
                0x0000000000018c2e                malloc_get_stats
                0x0000000000018e14                raw_memalign
                0x0000000000018eec                raw_malloc
                0x0000000000018f1a                raw_free
                0x0000000000018f50                raw_calloc
                0x0000000000019054                raw_realloc
                0x00000000000191a0                malloc
                0x000000000001923c                calloc
                0x00000000000192be                realloc
                0x000000000001930c                memalign
                0x0000000000019360                aligned_alloc
                0x00000000000193c2                free
                0x00000000000193e0                free_wipe
                0x00000000000194ac                raw_malloc_get_ctx_size
                0x00000000000194c0                raw_malloc_init_ctx
                0x00000000000194ee                raw_malloc_add_pool
                0x0000000000019624                raw_malloc_buffer_overlaps_heap
                0x00000000000196e0                raw_malloc_buffer_is_within_alloced
                0x00000000000197d4                raw_malloc_get_stats
                0x0000000000019806                malloc_add_pool
                0x0000000000019830                malloc_buffer_is_within_alloced
                0x000000000001985c                malloc_buffer_overlaps_heap
 .text          0x0000000000019888       0xa4 /home/palatrauss/optee_with_ftpm_ta/optee_os/out/arm/export-ta_arm32/lib/libutils.a(snprintf.o)
                0x0000000000019888                snprintf
                0x00000000000198fc                vsnprintf
 .text          0x000000000001992c      0x2a8 /home/palatrauss/optee_with_ftpm_ta/optee_os/out/arm/export-ta_arm32/lib/libutils.a(mempool.o)
                0x0000000000019a10                mempool_alloc_pool
                0x0000000000019a80                mempool_alloc
                0x0000000000019af0                mempool_calloc
                0x0000000000019ba0                mempool_free
 .text          0x0000000000019bd4      0x438 /home/palatrauss/optee_with_ftpm_ta/optee_os/out/arm/export-ta_arm32/lib/libutils.a(base64.o)
                0x0000000000019bd4                base64_enc_len
                0x0000000000019c0a                base64_enc
                0x0000000000019e10                base64_dec
 .text          0x000000000001a00c       0x30 /home/palatrauss/optee_with_ftpm_ta/optee_os/out/arm/export-ta_arm32/lib/libutils.a(aeabi_unwind.o)
                0x000000000001a00c                __aeabi_unwind_cpp_pr0
                0x000000000001a01c                __aeabi_unwind_cpp_pr1
                0x000000000001a02c                __aeabi_unwind_cpp_pr2
 .text          0x000000000001a03c      0x114 /home/palatrauss/optee_with_ftpm_ta/optee_os/out/arm/export-ta_arm32/lib/libutils.a(memchr.o)
                0x000000000001a03c                memchr
 .text          0x000000000001a150       0x8a /home/palatrauss/optee_with_ftpm_ta/optee_os/out/arm/export-ta_arm32/lib/libutils.a(strlen.o)
                0x000000000001a150                strlen
 .text          0x000000000001a1da       0xf2 /home/palatrauss/optee_with_ftpm_ta/optee_os/out/arm/export-ta_arm32/lib/libutils.a(memcpy.o)
                0x000000000001a1da                memcpy
 .text          0x000000000001a2cc      0x13e /home/palatrauss/optee_with_ftpm_ta/optee_os/out/arm/export-ta_arm32/lib/libutils.a(memmove.o)
                0x000000000001a2cc                memmove
 .text          0x000000000001a40a      0x11c /home/palatrauss/optee_with_ftpm_ta/optee_os/out/arm/export-ta_arm32/lib/libutils.a(memset.o)
                0x000000000001a40a                memset
 .text          0x000000000001a526       0xae /home/palatrauss/optee_with_ftpm_ta/optee_os/out/arm/export-ta_arm32/lib/libutils.a(strcmp.o)
                0x000000000001a526                strcmp
 .text          0x000000000001a5d4       0x82 /home/palatrauss/optee_with_ftpm_ta/optee_os/out/arm/export-ta_arm32/lib/libutils.a(strlcpy.o)
                0x000000000001a5d4                strlcpy
 .text          0x000000000001a656       0xb4 /home/palatrauss/optee_with_ftpm_ta/optee_os/out/arm/export-ta_arm32/lib/libutils.a(consttime_memcmp.o)
                0x000000000001a656                consttime_memcmp
 .text          0x000000000001a70a        0x0 out/ta_entry_a32.o
 .text          0x000000000001a70a        0x0 /home/palatrauss/optee_with_ftpm_ta/optee_os/out/arm/export-ta_arm32/lib/libutils.a(arm32_aeabi_ldivmod_a32.o)
 *(SORT_BY_ALIGNMENT(.stub))
 *(SORT_BY_ALIGNMENT(.glue_7))
 .glue_7        0x000000000001a70a        0x0 linker stubs
 *(SORT_BY_ALIGNMENT(.glue_7t))
 .glue_7t       0x000000000001a70a        0x0 linker stubs
 *(SORT_BY_ALIGNMENT(.gnu.linkonce.t.*))
 *(SORT_BY_ALIGNMENT(.vfp11_veneer))
 .vfp11_veneer  0x000000000001a70a        0x0 linker stubs
                0x000000000001a70a                __text_end = .

.v4_bx          0x000000000001a70c        0x0
 .v4_bx         0x000000000001a70c        0x0 linker stubs

.iplt           0x000000000001a70c        0x0
 .iplt          0x000000000001a70c        0x0 out/aes_ta.o

.note.gnu.property
 *(SORT_BY_ALIGNMENT(.note.gnu.property))

.plt            0x000000000001a70c        0x0
 *(SORT_BY_ALIGNMENT(.plt))
 .plt           0x000000000001a70c        0x0 out/aes_ta.o

.eh_frame_hdr
 *(SORT_BY_ALIGNMENT(.eh_frame_hdr))
 *(SORT_BY_ALIGNMENT(.eh_frame_entry) SORT_BY_ALIGNMENT(.eh_frame_entry.*))

.eh_frame
 *(SORT_BY_ALIGNMENT(.eh_frame))
 *(SORT_BY_ALIGNMENT(.eh_frame.*))

.gcc_except_table
 *(SORT_BY_ALIGNMENT(.gcc_except_table) SORT_BY_ALIGNMENT(.gcc_except_table.*))

.rodata         0x000000000001a70c     0x1545
 *(SORT_BY_ALIGNMENT(.gnu.linkonce.r.*))
 *(SORT_BY_ALIGNMENT(.rodata) SORT_BY_ALIGNMENT(.rodata.*))
 .rodata.aes_ta.c
                0x000000000001a70c      0x2aa out/aes_ta.o
 *fill*         0x000000000001a9b6        0x2 
 .rodata.user_ta_header.c
                0x000000000001a9b8      0x168 out/user_ta_header.o
                0x000000000001a9b8                trace_ext_prefix
                0x000000000001a9bc                ta_heap_size
                0x000000000001a9c0                __ta_no_share_heap_size
                0x000000000001ab1c                ta_num_props
 .rodata.lib/libutils/isoc/stack_check.c
                0x000000000001ab20       0x18 /home/palatrauss/optee_with_ftpm_ta/optee_os/out/arm/export-ta_arm32/lib/libutils.a(stack_check.o)
 .rodata.lib/libutils/ext/trace.c
                0x000000000001ab38       0x29 /home/palatrauss/optee_with_ftpm_ta/optee_os/out/arm/export-ta_arm32/lib/libutils.a(trace.o)
 *fill*         0x000000000001ab61        0x3 
 .rodata.lib/libutils/ext/snprintk.c
                0x000000000001ab64       0x7d /home/palatrauss/optee_with_ftpm_ta/optee_os/out/arm/export-ta_arm32/lib/libutils.a(snprintk.o)
 *fill*         0x000000000001abe1        0x3 
 .rodata.lib/libutee/trace_ext.c
                0x000000000001abe4        0x2 /home/palatrauss/optee_with_ftpm_ta/optee_os/out/arm/export-ta_arm32/lib/libutee.a(trace_ext.o)
 *fill*         0x000000000001abe6        0x2 
 .rodata.lib/libutee/tee_api.c
                0x000000000001abe8       0x23 /home/palatrauss/optee_with_ftpm_ta/optee_os/out/arm/export-ta_arm32/lib/libutee.a(tee_api.o)
 *fill*         0x000000000001ac0b        0x1 
 .rodata.lib/libutee/tee_api_operations.c
                0x000000000001ac0c       0x4e /home/palatrauss/optee_with_ftpm_ta/optee_os/out/arm/export-ta_arm32/lib/libutee.a(tee_api_operations.o)
 *fill*         0x000000000001ac5a        0x2 
 .rodata.lib/libutee/tee_api_panic.c
                0x000000000001ac5c       0x68 /home/palatrauss/optee_with_ftpm_ta/optee_os/out/arm/export-ta_arm32/lib/libutee.a(tee_api_panic.o)
 .rodata.lib/libutee/tee_system_pta.c
                0x000000000001acc4       0x8b /home/palatrauss/optee_with_ftpm_ta/optee_os/out/arm/export-ta_arm32/lib/libutee.a(tee_system_pta.o)
 *fill*         0x000000000001ad4f        0x1 
 .rodata.lib/libutee/user_ta_entry.c
                0x000000000001ad50       0x6a /home/palatrauss/optee_with_ftpm_ta/optee_os/out/arm/export-ta_arm32/lib/libutee.a(user_ta_entry.o)
 *fill*         0x000000000001adba        0x2 
 .rodata.lib/libutee/abort.c
                0x000000000001adbc        0x7 /home/palatrauss/optee_with_ftpm_ta/optee_os/out/arm/export-ta_arm32/lib/libutee.a(abort.o)
 *fill*         0x000000000001adc3        0x1 
 .rodata.lib/libutee/assert.c
                0x000000000001adc4       0x27 /home/palatrauss/optee_with_ftpm_ta/optee_os/out/arm/export-ta_arm32/lib/libutee.a(assert.o)
 *fill*         0x000000000001adeb        0x1 
 .rodata.lib/libutee/tee_api_arith_mpi.c
                0x000000000001adec      0x249 /home/palatrauss/optee_with_ftpm_ta/optee_os/out/arm/export-ta_arm32/lib/libutee.a(tee_api_arith_mpi.o)
 *fill*         0x000000000001b035        0x3 
 .rodata.lib/libutee/tee_api_property.c
                0x000000000001b038       0xa4 /home/palatrauss/optee_with_ftpm_ta/optee_os/out/arm/export-ta_arm32/lib/libutee.a(tee_api_property.o)
 .rodata.lib/libutee/tcb.c
                0x000000000001b0dc       0xb4 /home/palatrauss/optee_with_ftpm_ta/optee_os/out/arm/export-ta_arm32/lib/libutee.a(tcb.o)
 .rodata.lib/libmbedtls/mbedtls/library/bignum.c
                0x000000000001b190      0x54a /home/palatrauss/optee_with_ftpm_ta/optee_os/out/arm/export-ta_arm32/lib/libmbedtls.a(bignum.o)
 *fill*         0x000000000001b6da        0x2 
 .rodata.lib/libutils/isoc/bget_malloc.c
                0x000000000001b6dc      0x478 /home/palatrauss/optee_with_ftpm_ta/optee_os/out/arm/export-ta_arm32/lib/libutils.a(bget_malloc.o)
 .rodata.lib/libutils/ext/mempool.c
                0x000000000001bb54       0xba /home/palatrauss/optee_with_ftpm_ta/optee_os/out/arm/export-ta_arm32/lib/libutils.a(mempool.o)
 *fill*         0x000000000001bc0e        0x2 
 .rodata.lib/libutils/ext/base64.c
                0x000000000001bc10       0x41 /home/palatrauss/optee_with_ftpm_ta/optee_os/out/arm/export-ta_arm32/lib/libutils.a(base64.o)

.gnu.version_d  0x000000000001bc54        0x0
 .gnu.version_d
                0x000000000001bc54        0x0 out/aes_ta.o

.gnu.version    0x000000000001bc52        0x0
 .gnu.version   0x000000000001bc52        0x0 out/aes_ta.o

.gnu.version_r  0x000000000001bc54        0x0
 .gnu.version_r
                0x000000000001bc54        0x0 out/aes_ta.o

.gnu.hash       0x000000000001bc54       0x30
 .gnu.hash      0x000000000001bc54       0x30 out/aes_ta.o

.ta_head        0x000000000001bc88       0x20
 .ta_head       0x000000000001bc88       0x20 out/user_ta_header.o
                0x000000000001bc88                ta_head

.ARM.extab      0x000000000001bca8     0x17c8
 *(SORT_BY_ALIGNMENT(.ARM.extab*) SORT_BY_ALIGNMENT(.gnu.linkonce.armextab.*))
 .ARM.extab     0x000000000001bca8       0x78 out/aes_ta.o
 .ARM.extab     0x000000000001bd20       0x24 out/user_ta_header.o
 .ARM.extab     0x000000000001bd44       0x60 /home/palatrauss/optee_with_ftpm_ta/optee_os/out/arm/export-ta_arm32/lib/libutils.a(trace.o)
 .ARM.extab     0x000000000001bda4       0x3c /home/palatrauss/optee_with_ftpm_ta/optee_os/out/arm/export-ta_arm32/lib/libutils.a(snprintk.o)
 .ARM.extab     0x000000000001bde0        0xc /home/palatrauss/optee_with_ftpm_ta/optee_os/out/arm/export-ta_arm32/lib/libutils.a(memchr.o)
 .ARM.extab     0x000000000001bdec        0xc /home/palatrauss/optee_with_ftpm_ta/optee_os/out/arm/export-ta_arm32/lib/libutils.a(strlen.o)
 .ARM.extab.text.__aeabi_ldivmod
                0x000000000001bdf8        0xc /home/palatrauss/optee_with_ftpm_ta/optee_os/out/arm/export-ta_arm32/lib/libutils.a(arm32_aeabi_ldivmod_a32.o)
 .ARM.extab.text.__aeabi_uldivmod
                0x000000000001be04        0xc /home/palatrauss/optee_with_ftpm_ta/optee_os/out/arm/export-ta_arm32/lib/libutils.a(arm32_aeabi_ldivmod_a32.o)
 .ARM.extab     0x000000000001be10       0x30 /home/palatrauss/optee_with_ftpm_ta/optee_os/out/arm/export-ta_arm32/lib/libutils.a(arm32_aeabi_ldivmod.o)
 .ARM.extab     0x000000000001be40       0x34 /home/palatrauss/optee_with_ftpm_ta/optee_os/out/arm/export-ta_arm32/lib/libutee.a(trace_ext.o)
 .ARM.extab     0x000000000001be74      0x1e0 /home/palatrauss/optee_with_ftpm_ta/optee_os/out/arm/export-ta_arm32/lib/libutee.a(tee_api.o)
 .ARM.extab     0x000000000001c054      0x210 /home/palatrauss/optee_with_ftpm_ta/optee_os/out/arm/export-ta_arm32/lib/libutee.a(tee_api_objects.o)
 .ARM.extab     0x000000000001c264      0x258 /home/palatrauss/optee_with_ftpm_ta/optee_os/out/arm/export-ta_arm32/lib/libutee.a(tee_api_operations.o)
 .ARM.extab     0x000000000001c4bc       0x90 /home/palatrauss/optee_with_ftpm_ta/optee_os/out/arm/export-ta_arm32/lib/libutee.a(tee_api_panic.o)
 .ARM.extab     0x000000000001c54c       0x60 /home/palatrauss/optee_with_ftpm_ta/optee_os/out/arm/export-ta_arm32/lib/libutee.a(tee_system_pta.o)
 .ARM.extab     0x000000000001c5ac       0xcc /home/palatrauss/optee_with_ftpm_ta/optee_os/out/arm/export-ta_arm32/lib/libutee.a(user_ta_entry.o)
 .ARM.extab     0x000000000001c678       0x30 /home/palatrauss/optee_with_ftpm_ta/optee_os/out/arm/export-ta_arm32/lib/libutee.a(user_ta_entry_compat.o)
 .ARM.extab.text._utee_panic
                0x000000000001c6a8        0xc /home/palatrauss/optee_with_ftpm_ta/optee_os/out/arm/export-ta_arm32/lib/libutee.a(utee_syscalls_a32.o)
 .ARM.extab     0x000000000001c6b4        0xc /home/palatrauss/optee_with_ftpm_ta/optee_os/out/arm/export-ta_arm32/lib/libutee.a(assert.o)
 .ARM.extab     0x000000000001c6c0      0x2a0 /home/palatrauss/optee_with_ftpm_ta/optee_os/out/arm/export-ta_arm32/lib/libutee.a(tee_api_arith_mpi.o)
 .ARM.extab     0x000000000001c960       0xf0 /home/palatrauss/optee_with_ftpm_ta/optee_os/out/arm/export-ta_arm32/lib/libutee.a(tee_api_property.o)
 .ARM.extab     0x000000000001ca50       0x30 /home/palatrauss/optee_with_ftpm_ta/optee_os/out/arm/export-ta_arm32/lib/libutee.a(tcb.o)
 .ARM.extab     0x000000000001ca80      0x360 /home/palatrauss/optee_with_ftpm_ta/optee_os/out/arm/export-ta_arm32/lib/libmbedtls.a(bignum.o)
 .ARM.extab     0x000000000001cde0      0x228 /home/palatrauss/optee_with_ftpm_ta/optee_os/out/arm/export-ta_arm32/lib/libmbedtls.a(bignum_core.o)
 .ARM.extab     0x000000000001d008       0xcc /home/palatrauss/optee_with_ftpm_ta/optee_os/out/arm/export-ta_arm32/lib/libmbedtls.a(constant_time.o)
 .ARM.extab     0x000000000001d0d4       0x18 /home/palatrauss/optee_with_ftpm_ta/optee_os/out/arm/export-ta_arm32/lib/libmbedtls.a(platform_util.o)
 .ARM.extab     0x000000000001d0ec      0x2a0 /home/palatrauss/optee_with_ftpm_ta/optee_os/out/arm/export-ta_arm32/lib/libutils.a(bget_malloc.o)
 .ARM.extab     0x000000000001d38c       0x18 /home/palatrauss/optee_with_ftpm_ta/optee_os/out/arm/export-ta_arm32/lib/libutils.a(snprintf.o)
 .ARM.extab     0x000000000001d3a4        0xc /home/palatrauss/optee_with_ftpm_ta/optee_os/out/arm/export-ta_arm32/lib/libutils.a(memcpy.o)
 .ARM.extab     0x000000000001d3b0        0xc /home/palatrauss/optee_with_ftpm_ta/optee_os/out/arm/export-ta_arm32/lib/libutils.a(memmove.o)
 .ARM.extab     0x000000000001d3bc        0xc /home/palatrauss/optee_with_ftpm_ta/optee_os/out/arm/export-ta_arm32/lib/libutils.a(memset.o)
 .ARM.extab     0x000000000001d3c8        0xc /home/palatrauss/optee_with_ftpm_ta/optee_os/out/arm/export-ta_arm32/lib/libutils.a(strcmp.o)
 .ARM.extab     0x000000000001d3d4       0x60 /home/palatrauss/optee_with_ftpm_ta/optee_os/out/arm/export-ta_arm32/lib/libutils.a(mempool.o)
 .ARM.extab     0x000000000001d434        0xc /home/palatrauss/optee_with_ftpm_ta/optee_os/out/arm/export-ta_arm32/lib/libutils.a(consttime_memcmp.o)
 .ARM.extab     0x000000000001d440       0x30 /home/palatrauss/optee_with_ftpm_ta/optee_os/out/arm/export-ta_arm32/lib/libutils.a(base64.o)
 .ARM.extab.text.__ta_entry
                0x000000000001d470        0x0 out/ta_entry_a32.o
 .ARM.extab     0x000000000001d470        0x0 /home/palatrauss/optee_with_ftpm_ta/optee_os/out/arm/export-ta_arm32/lib/libutils.a(stack_check.o)
 .ARM.extab     0x000000000001d470        0x0 /home/palatrauss/optee_with_ftpm_ta/optee_os/out/arm/export-ta_arm32/lib/libutils.a(aeabi_unwind.o)
 .ARM.extab.text._utee_return
                0x000000000001d470        0x0 /home/palatrauss/optee_with_ftpm_ta/optee_os/out/arm/export-ta_arm32/lib/libutee.a(utee_syscalls_a32.o)
 .ARM.extab.text._utee_log
                0x000000000001d470        0x0 /home/palatrauss/optee_with_ftpm_ta/optee_os/out/arm/export-ta_arm32/lib/libutee.a(utee_syscalls_a32.o)
 .ARM.extab.text.__utee_panic
                0x000000000001d470        0x0 /home/palatrauss/optee_with_ftpm_ta/optee_os/out/arm/export-ta_arm32/lib/libutee.a(utee_syscalls_a32.o)
 .ARM.extab.text._utee_get_property
                0x000000000001d470        0x0 /home/palatrauss/optee_with_ftpm_ta/optee_os/out/arm/export-ta_arm32/lib/libutee.a(utee_syscalls_a32.o)
 .ARM.extab.text._utee_get_property_name_to_index
                0x000000000001d470        0x0 /home/palatrauss/optee_with_ftpm_ta/optee_os/out/arm/export-ta_arm32/lib/libutee.a(utee_syscalls_a32.o)
 .ARM.extab.text._utee_open_ta_session
                0x000000000001d470        0x0 /home/palatrauss/optee_with_ftpm_ta/optee_os/out/arm/export-ta_arm32/lib/libutee.a(utee_syscalls_a32.o)
 .ARM.extab.text._utee_close_ta_session
                0x000000000001d470        0x0 /home/palatrauss/optee_with_ftpm_ta/optee_os/out/arm/export-ta_arm32/lib/libutee.a(utee_syscalls_a32.o)
 .ARM.extab.text._utee_invoke_ta_command
                0x000000000001d470        0x0 /home/palatrauss/optee_with_ftpm_ta/optee_os/out/arm/export-ta_arm32/lib/libutee.a(utee_syscalls_a32.o)
 .ARM.extab.text._utee_get_cancellation_flag
                0x000000000001d470        0x0 /home/palatrauss/optee_with_ftpm_ta/optee_os/out/arm/export-ta_arm32/lib/libutee.a(utee_syscalls_a32.o)
 .ARM.extab.text._utee_check_access_rights
                0x000000000001d470        0x0 /home/palatrauss/optee_with_ftpm_ta/optee_os/out/arm/export-ta_arm32/lib/libutee.a(utee_syscalls_a32.o)
 .ARM.extab.text._utee_unmask_cancellation
                0x000000000001d470        0x0 /home/palatrauss/optee_with_ftpm_ta/optee_os/out/arm/export-ta_arm32/lib/libutee.a(utee_syscalls_a32.o)
 .ARM.extab.text._utee_mask_cancellation
                0x000000000001d470        0x0 /home/palatrauss/optee_with_ftpm_ta/optee_os/out/arm/export-ta_arm32/lib/libutee.a(utee_syscalls_a32.o)
 .ARM.extab.text._utee_wait
                0x000000000001d470        0x0 /home/palatrauss/optee_with_ftpm_ta/optee_os/out/arm/export-ta_arm32/lib/libutee.a(utee_syscalls_a32.o)
 .ARM.extab.text._utee_get_time
                0x000000000001d470        0x0 /home/palatrauss/optee_with_ftpm_ta/optee_os/out/arm/export-ta_arm32/lib/libutee.a(utee_syscalls_a32.o)
 .ARM.extab.text._utee_set_ta_time
                0x000000000001d470        0x0 /home/palatrauss/optee_with_ftpm_ta/optee_os/out/arm/export-ta_arm32/lib/libutee.a(utee_syscalls_a32.o)
 .ARM.extab.text._utee_cryp_state_alloc
                0x000000000001d470        0x0 /home/palatrauss/optee_with_ftpm_ta/optee_os/out/arm/export-ta_arm32/lib/libutee.a(utee_syscalls_a32.o)
 .ARM.extab.text._utee_cryp_state_copy
                0x000000000001d470        0x0 /home/palatrauss/optee_with_ftpm_ta/optee_os/out/arm/export-ta_arm32/lib/libutee.a(utee_syscalls_a32.o)
 .ARM.extab.text._utee_cryp_state_free
                0x000000000001d470        0x0 /home/palatrauss/optee_with_ftpm_ta/optee_os/out/arm/export-ta_arm32/lib/libutee.a(utee_syscalls_a32.o)
 .ARM.extab.text._utee_hash_init
                0x000000000001d470        0x0 /home/palatrauss/optee_with_ftpm_ta/optee_os/out/arm/export-ta_arm32/lib/libutee.a(utee_syscalls_a32.o)
 .ARM.extab.text._utee_hash_update
                0x000000000001d470        0x0 /home/palatrauss/optee_with_ftpm_ta/optee_os/out/arm/export-ta_arm32/lib/libutee.a(utee_syscalls_a32.o)
 .ARM.extab.text._utee_hash_final
                0x000000000001d470        0x0 /home/palatrauss/optee_with_ftpm_ta/optee_os/out/arm/export-ta_arm32/lib/libutee.a(utee_syscalls_a32.o)
 .ARM.extab.text._utee_cipher_init
                0x000000000001d470        0x0 /home/palatrauss/optee_with_ftpm_ta/optee_os/out/arm/export-ta_arm32/lib/libutee.a(utee_syscalls_a32.o)
 .ARM.extab.text._utee_cipher_update
                0x000000000001d470        0x0 /home/palatrauss/optee_with_ftpm_ta/optee_os/out/arm/export-ta_arm32/lib/libutee.a(utee_syscalls_a32.o)
 .ARM.extab.text._utee_cipher_final
                0x000000000001d470        0x0 /home/palatrauss/optee_with_ftpm_ta/optee_os/out/arm/export-ta_arm32/lib/libutee.a(utee_syscalls_a32.o)
 .ARM.extab.text._utee_cryp_obj_get_info
                0x000000000001d470        0x0 /home/palatrauss/optee_with_ftpm_ta/optee_os/out/arm/export-ta_arm32/lib/libutee.a(utee_syscalls_a32.o)
 .ARM.extab.text._utee_cryp_obj_restrict_usage
                0x000000000001d470        0x0 /home/palatrauss/optee_with_ftpm_ta/optee_os/out/arm/export-ta_arm32/lib/libutee.a(utee_syscalls_a32.o)
 .ARM.extab.text._utee_cryp_obj_get_attr
                0x000000000001d470        0x0 /home/palatrauss/optee_with_ftpm_ta/optee_os/out/arm/export-ta_arm32/lib/libutee.a(utee_syscalls_a32.o)
 .ARM.extab.text._utee_cryp_obj_alloc
                0x000000000001d470        0x0 /home/palatrauss/optee_with_ftpm_ta/optee_os/out/arm/export-ta_arm32/lib/libutee.a(utee_syscalls_a32.o)
 .ARM.extab.text._utee_cryp_obj_close
                0x000000000001d470        0x0 /home/palatrauss/optee_with_ftpm_ta/optee_os/out/arm/export-ta_arm32/lib/libutee.a(utee_syscalls_a32.o)
 .ARM.extab.text._utee_cryp_obj_reset
                0x000000000001d470        0x0 /home/palatrauss/optee_with_ftpm_ta/optee_os/out/arm/export-ta_arm32/lib/libutee.a(utee_syscalls_a32.o)
 .ARM.extab.text._utee_cryp_obj_populate
                0x000000000001d470        0x0 /home/palatrauss/optee_with_ftpm_ta/optee_os/out/arm/export-ta_arm32/lib/libutee.a(utee_syscalls_a32.o)
 .ARM.extab.text._utee_cryp_obj_copy
                0x000000000001d470        0x0 /home/palatrauss/optee_with_ftpm_ta/optee_os/out/arm/export-ta_arm32/lib/libutee.a(utee_syscalls_a32.o)
 .ARM.extab.text._utee_cryp_derive_key
                0x000000000001d470        0x0 /home/palatrauss/optee_with_ftpm_ta/optee_os/out/arm/export-ta_arm32/lib/libutee.a(utee_syscalls_a32.o)
 .ARM.extab.text._utee_cryp_random_number_generate
                0x000000000001d470        0x0 /home/palatrauss/optee_with_ftpm_ta/optee_os/out/arm/export-ta_arm32/lib/libutee.a(utee_syscalls_a32.o)
 .ARM.extab.text._utee_authenc_init
                0x000000000001d470        0x0 /home/palatrauss/optee_with_ftpm_ta/optee_os/out/arm/export-ta_arm32/lib/libutee.a(utee_syscalls_a32.o)
 .ARM.extab.text._utee_authenc_update_aad
                0x000000000001d470        0x0 /home/palatrauss/optee_with_ftpm_ta/optee_os/out/arm/export-ta_arm32/lib/libutee.a(utee_syscalls_a32.o)
 .ARM.extab.text._utee_authenc_update_payload
                0x000000000001d470        0x0 /home/palatrauss/optee_with_ftpm_ta/optee_os/out/arm/export-ta_arm32/lib/libutee.a(utee_syscalls_a32.o)
 .ARM.extab.text._utee_authenc_enc_final
                0x000000000001d470        0x0 /home/palatrauss/optee_with_ftpm_ta/optee_os/out/arm/export-ta_arm32/lib/libutee.a(utee_syscalls_a32.o)
 .ARM.extab.text._utee_authenc_dec_final
                0x000000000001d470        0x0 /home/palatrauss/optee_with_ftpm_ta/optee_os/out/arm/export-ta_arm32/lib/libutee.a(utee_syscalls_a32.o)
 .ARM.extab.text._utee_asymm_operate
                0x000000000001d470        0x0 /home/palatrauss/optee_with_ftpm_ta/optee_os/out/arm/export-ta_arm32/lib/libutee.a(utee_syscalls_a32.o)
 .ARM.extab.text._utee_asymm_verify
                0x000000000001d470        0x0 /home/palatrauss/optee_with_ftpm_ta/optee_os/out/arm/export-ta_arm32/lib/libutee.a(utee_syscalls_a32.o)
 .ARM.extab.text._utee_storage_obj_open
                0x000000000001d470        0x0 /home/palatrauss/optee_with_ftpm_ta/optee_os/out/arm/export-ta_arm32/lib/libutee.a(utee_syscalls_a32.o)
 .ARM.extab.text._utee_storage_obj_create
                0x000000000001d470        0x0 /home/palatrauss/optee_with_ftpm_ta/optee_os/out/arm/export-ta_arm32/lib/libutee.a(utee_syscalls_a32.o)
 .ARM.extab.text._utee_storage_obj_del
                0x000000000001d470        0x0 /home/palatrauss/optee_with_ftpm_ta/optee_os/out/arm/export-ta_arm32/lib/libutee.a(utee_syscalls_a32.o)
 .ARM.extab.text._utee_storage_obj_rename
                0x000000000001d470        0x0 /home/palatrauss/optee_with_ftpm_ta/optee_os/out/arm/export-ta_arm32/lib/libutee.a(utee_syscalls_a32.o)
 .ARM.extab.text._utee_storage_alloc_enum
                0x000000000001d470        0x0 /home/palatrauss/optee_with_ftpm_ta/optee_os/out/arm/export-ta_arm32/lib/libutee.a(utee_syscalls_a32.o)
 .ARM.extab.text._utee_storage_free_enum
                0x000000000001d470        0x0 /home/palatrauss/optee_with_ftpm_ta/optee_os/out/arm/export-ta_arm32/lib/libutee.a(utee_syscalls_a32.o)
 .ARM.extab.text._utee_storage_reset_enum
                0x000000000001d470        0x0 /home/palatrauss/optee_with_ftpm_ta/optee_os/out/arm/export-ta_arm32/lib/libutee.a(utee_syscalls_a32.o)
 .ARM.extab.text._utee_storage_start_enum
                0x000000000001d470        0x0 /home/palatrauss/optee_with_ftpm_ta/optee_os/out/arm/export-ta_arm32/lib/libutee.a(utee_syscalls_a32.o)
 .ARM.extab.text._utee_storage_next_enum
                0x000000000001d470        0x0 /home/palatrauss/optee_with_ftpm_ta/optee_os/out/arm/export-ta_arm32/lib/libutee.a(utee_syscalls_a32.o)
 .ARM.extab.text._utee_storage_obj_read
                0x000000000001d470        0x0 /home/palatrauss/optee_with_ftpm_ta/optee_os/out/arm/export-ta_arm32/lib/libutee.a(utee_syscalls_a32.o)
 .ARM.extab.text._utee_storage_obj_write
                0x000000000001d470        0x0 /home/palatrauss/optee_with_ftpm_ta/optee_os/out/arm/export-ta_arm32/lib/libutee.a(utee_syscalls_a32.o)
 .ARM.extab.text._utee_storage_obj_trunc
                0x000000000001d470        0x0 /home/palatrauss/optee_with_ftpm_ta/optee_os/out/arm/export-ta_arm32/lib/libutee.a(utee_syscalls_a32.o)
 .ARM.extab.text._utee_storage_obj_seek
                0x000000000001d470        0x0 /home/palatrauss/optee_with_ftpm_ta/optee_os/out/arm/export-ta_arm32/lib/libutee.a(utee_syscalls_a32.o)
 .ARM.extab.text._utee_cryp_obj_generate_key
                0x000000000001d470        0x0 /home/palatrauss/optee_with_ftpm_ta/optee_os/out/arm/export-ta_arm32/lib/libutee.a(utee_syscalls_a32.o)
 .ARM.extab.text._utee_cache_operation
                0x000000000001d470        0x0 /home/palatrauss/optee_with_ftpm_ta/optee_os/out/arm/export-ta_arm32/lib/libutee.a(utee_syscalls_a32.o)
 .ARM.extab     0x000000000001d470        0x0 /home/palatrauss/optee_with_ftpm_ta/optee_os/out/arm/export-ta_arm32/lib/libutee.a(abort.o)
 .ARM.extab     0x000000000001d470        0x0 /home/palatrauss/optee_with_ftpm_ta/optee_os/out/arm/export-ta_arm32/lib/libutils.a(strlcpy.o)
                [!provide]                        PROVIDE (__exidx_start = .)

.ARM.exidx      0x000000000001d470     0x10d8
 *(SORT_BY_ALIGNMENT(.ARM.exidx*) SORT_BY_ALIGNMENT(.gnu.linkonce.armexidx.*))
 .ARM.exidx     0x000000000001d470       0x58 out/aes_ta.o
                                         0x60 (size before relaxing)
 .ARM.exidx     0x000000000001d4c8       0x20 out/user_ta_header.o
 .ARM.exidx.text.__ta_entry
                0x000000000001d4e8        0x8 out/ta_entry_a32.o
 .ARM.exidx     0x000000000001d4f0        0x8 /home/palatrauss/optee_with_ftpm_ta/optee_os/out/arm/export-ta_arm32/lib/libutils.a(stack_check.o)
 .ARM.exidx     0x000000000001d4f8       0x48 /home/palatrauss/optee_with_ftpm_ta/optee_os/out/arm/export-ta_arm32/lib/libutils.a(trace.o)
 .ARM.exidx     0x000000000001d540       0x30 /home/palatrauss/optee_with_ftpm_ta/optee_os/out/arm/export-ta_arm32/lib/libutils.a(snprintk.o)
 .ARM.exidx.text.__aeabi_ldivmod
                0x000000000001d570        0x8 /home/palatrauss/optee_with_ftpm_ta/optee_os/out/arm/export-ta_arm32/lib/libutils.a(arm32_aeabi_ldivmod_a32.o)
 .ARM.exidx.text.__aeabi_uldivmod
                0x000000000001d578        0x8 /home/palatrauss/optee_with_ftpm_ta/optee_os/out/arm/export-ta_arm32/lib/libutils.a(arm32_aeabi_ldivmod_a32.o)
 .ARM.exidx     0x000000000001d580       0x20 /home/palatrauss/optee_with_ftpm_ta/optee_os/out/arm/export-ta_arm32/lib/libutils.a(arm32_aeabi_ldivmod.o)
 .ARM.exidx     0x000000000001d5a0       0x28 /home/palatrauss/optee_with_ftpm_ta/optee_os/out/arm/export-ta_arm32/lib/libutee.a(trace_ext.o)
 .ARM.exidx     0x000000000001d5c8      0x148 /home/palatrauss/optee_with_ftpm_ta/optee_os/out/arm/export-ta_arm32/lib/libutee.a(tee_api.o)
 .ARM.exidx     0x000000000001d710      0x170 /home/palatrauss/optee_with_ftpm_ta/optee_os/out/arm/export-ta_arm32/lib/libutee.a(tee_api_objects.o)
                                        0x180 (size before relaxing)
 .ARM.exidx     0x000000000001d880      0x1d0 /home/palatrauss/optee_with_ftpm_ta/optee_os/out/arm/export-ta_arm32/lib/libutee.a(tee_api_operations.o)
                                        0x208 (size before relaxing)
 .ARM.exidx     0x000000000001da50       0x60 /home/palatrauss/optee_with_ftpm_ta/optee_os/out/arm/export-ta_arm32/lib/libutee.a(tee_api_panic.o)
 .ARM.exidx     0x000000000001dab0       0x40 /home/palatrauss/optee_with_ftpm_ta/optee_os/out/arm/export-ta_arm32/lib/libutee.a(tee_system_pta.o)
 .ARM.exidx     0x000000000001daf0       0xa0 /home/palatrauss/optee_with_ftpm_ta/optee_os/out/arm/export-ta_arm32/lib/libutee.a(user_ta_entry.o)
                                         0xa8 (size before relaxing)
 .ARM.exidx     0x000000000001db90       0x20 /home/palatrauss/optee_with_ftpm_ta/optee_os/out/arm/export-ta_arm32/lib/libutee.a(user_ta_entry_compat.o)
 .ARM.exidx.text._utee_panic
                0x000000000001dbb0        0x8 /home/palatrauss/optee_with_ftpm_ta/optee_os/out/arm/export-ta_arm32/lib/libutee.a(utee_syscalls_a32.o)
 .ARM.exidx.text._utee_return
                0x000000000001dbb8        0x8 /home/palatrauss/optee_with_ftpm_ta/optee_os/out/arm/export-ta_arm32/lib/libutee.a(utee_syscalls_a32.o)
 .ARM.exidx.text._utee_log
                0x000000000001dbc0        0x0 /home/palatrauss/optee_with_ftpm_ta/optee_os/out/arm/export-ta_arm32/lib/libutee.a(utee_syscalls_a32.o)
                                          0x8 (size before relaxing)
 .ARM.exidx.text.__utee_panic
                0x000000000001dbc0        0x0 /home/palatrauss/optee_with_ftpm_ta/optee_os/out/arm/export-ta_arm32/lib/libutee.a(utee_syscalls_a32.o)
                                          0x8 (size before relaxing)
 .ARM.exidx.text._utee_get_property
                0x000000000001dbc0        0x0 /home/palatrauss/optee_with_ftpm_ta/optee_os/out/arm/export-ta_arm32/lib/libutee.a(utee_syscalls_a32.o)
                                          0x8 (size before relaxing)
 .ARM.exidx.text._utee_get_property_name_to_index
                0x000000000001dbc0        0x0 /home/palatrauss/optee_with_ftpm_ta/optee_os/out/arm/export-ta_arm32/lib/libutee.a(utee_syscalls_a32.o)
                                          0x8 (size before relaxing)
 .ARM.exidx.text._utee_open_ta_session
                0x000000000001dbc0        0x0 /home/palatrauss/optee_with_ftpm_ta/optee_os/out/arm/export-ta_arm32/lib/libutee.a(utee_syscalls_a32.o)
                                          0x8 (size before relaxing)
 .ARM.exidx.text._utee_close_ta_session
                0x000000000001dbc0        0x0 /home/palatrauss/optee_with_ftpm_ta/optee_os/out/arm/export-ta_arm32/lib/libutee.a(utee_syscalls_a32.o)
                                          0x8 (size before relaxing)
 .ARM.exidx.text._utee_invoke_ta_command
                0x000000000001dbc0        0x0 /home/palatrauss/optee_with_ftpm_ta/optee_os/out/arm/export-ta_arm32/lib/libutee.a(utee_syscalls_a32.o)
                                          0x8 (size before relaxing)
 .ARM.exidx.text._utee_get_cancellation_flag
                0x000000000001dbc0        0x0 /home/palatrauss/optee_with_ftpm_ta/optee_os/out/arm/export-ta_arm32/lib/libutee.a(utee_syscalls_a32.o)
                                          0x8 (size before relaxing)
 .ARM.exidx.text._utee_check_access_rights
                0x000000000001dbc0        0x0 /home/palatrauss/optee_with_ftpm_ta/optee_os/out/arm/export-ta_arm32/lib/libutee.a(utee_syscalls_a32.o)
                                          0x8 (size before relaxing)
 .ARM.exidx.text._utee_unmask_cancellation
                0x000000000001dbc0        0x0 /home/palatrauss/optee_with_ftpm_ta/optee_os/out/arm/export-ta_arm32/lib/libutee.a(utee_syscalls_a32.o)
                                          0x8 (size before relaxing)
 .ARM.exidx.text._utee_mask_cancellation
                0x000000000001dbc0        0x0 /home/palatrauss/optee_with_ftpm_ta/optee_os/out/arm/export-ta_arm32/lib/libutee.a(utee_syscalls_a32.o)
                                          0x8 (size before relaxing)
 .ARM.exidx.text._utee_wait
                0x000000000001dbc0        0x0 /home/palatrauss/optee_with_ftpm_ta/optee_os/out/arm/export-ta_arm32/lib/libutee.a(utee_syscalls_a32.o)
                                          0x8 (size before relaxing)
 .ARM.exidx.text._utee_get_time
                0x000000000001dbc0        0x0 /home/palatrauss/optee_with_ftpm_ta/optee_os/out/arm/export-ta_arm32/lib/libutee.a(utee_syscalls_a32.o)
                                          0x8 (size before relaxing)
 .ARM.exidx.text._utee_set_ta_time
                0x000000000001dbc0        0x0 /home/palatrauss/optee_with_ftpm_ta/optee_os/out/arm/export-ta_arm32/lib/libutee.a(utee_syscalls_a32.o)
                                          0x8 (size before relaxing)
 .ARM.exidx.text._utee_cryp_state_alloc
                0x000000000001dbc0        0x0 /home/palatrauss/optee_with_ftpm_ta/optee_os/out/arm/export-ta_arm32/lib/libutee.a(utee_syscalls_a32.o)
                                          0x8 (size before relaxing)
 .ARM.exidx.text._utee_cryp_state_copy
                0x000000000001dbc0        0x0 /home/palatrauss/optee_with_ftpm_ta/optee_os/out/arm/export-ta_arm32/lib/libutee.a(utee_syscalls_a32.o)
                                          0x8 (size before relaxing)
 .ARM.exidx.text._utee_cryp_state_free
                0x000000000001dbc0        0x0 /home/palatrauss/optee_with_ftpm_ta/optee_os/out/arm/export-ta_arm32/lib/libutee.a(utee_syscalls_a32.o)
                                          0x8 (size before relaxing)
 .ARM.exidx.text._utee_hash_init
                0x000000000001dbc0        0x0 /home/palatrauss/optee_with_ftpm_ta/optee_os/out/arm/export-ta_arm32/lib/libutee.a(utee_syscalls_a32.o)
                                          0x8 (size before relaxing)
 .ARM.exidx.text._utee_hash_update
                0x000000000001dbc0        0x0 /home/palatrauss/optee_with_ftpm_ta/optee_os/out/arm/export-ta_arm32/lib/libutee.a(utee_syscalls_a32.o)
                                          0x8 (size before relaxing)
 .ARM.exidx.text._utee_hash_final
                0x000000000001dbc0        0x0 /home/palatrauss/optee_with_ftpm_ta/optee_os/out/arm/export-ta_arm32/lib/libutee.a(utee_syscalls_a32.o)
                                          0x8 (size before relaxing)
 .ARM.exidx.text._utee_cipher_init
                0x000000000001dbc0        0x0 /home/palatrauss/optee_with_ftpm_ta/optee_os/out/arm/export-ta_arm32/lib/libutee.a(utee_syscalls_a32.o)
                                          0x8 (size before relaxing)
 .ARM.exidx.text._utee_cipher_update
                0x000000000001dbc0        0x0 /home/palatrauss/optee_with_ftpm_ta/optee_os/out/arm/export-ta_arm32/lib/libutee.a(utee_syscalls_a32.o)
                                          0x8 (size before relaxing)
 .ARM.exidx.text._utee_cipher_final
                0x000000000001dbc0        0x0 /home/palatrauss/optee_with_ftpm_ta/optee_os/out/arm/export-ta_arm32/lib/libutee.a(utee_syscalls_a32.o)
                                          0x8 (size before relaxing)
 .ARM.exidx.text._utee_cryp_obj_get_info
                0x000000000001dbc0        0x0 /home/palatrauss/optee_with_ftpm_ta/optee_os/out/arm/export-ta_arm32/lib/libutee.a(utee_syscalls_a32.o)
                                          0x8 (size before relaxing)
 .ARM.exidx.text._utee_cryp_obj_restrict_usage
                0x000000000001dbc0        0x0 /home/palatrauss/optee_with_ftpm_ta/optee_os/out/arm/export-ta_arm32/lib/libutee.a(utee_syscalls_a32.o)
                                          0x8 (size before relaxing)
 .ARM.exidx.text._utee_cryp_obj_get_attr
                0x000000000001dbc0        0x0 /home/palatrauss/optee_with_ftpm_ta/optee_os/out/arm/export-ta_arm32/lib/libutee.a(utee_syscalls_a32.o)
                                          0x8 (size before relaxing)
 .ARM.exidx.text._utee_cryp_obj_alloc
                0x000000000001dbc0        0x0 /home/palatrauss/optee_with_ftpm_ta/optee_os/out/arm/export-ta_arm32/lib/libutee.a(utee_syscalls_a32.o)
                                          0x8 (size before relaxing)
 .ARM.exidx.text._utee_cryp_obj_close
                0x000000000001dbc0        0x0 /home/palatrauss/optee_with_ftpm_ta/optee_os/out/arm/export-ta_arm32/lib/libutee.a(utee_syscalls_a32.o)
                                          0x8 (size before relaxing)
 .ARM.exidx.text._utee_cryp_obj_reset
                0x000000000001dbc0        0x0 /home/palatrauss/optee_with_ftpm_ta/optee_os/out/arm/export-ta_arm32/lib/libutee.a(utee_syscalls_a32.o)
                                          0x8 (size before relaxing)
 .ARM.exidx.text._utee_cryp_obj_populate
                0x000000000001dbc0        0x0 /home/palatrauss/optee_with_ftpm_ta/optee_os/out/arm/export-ta_arm32/lib/libutee.a(utee_syscalls_a32.o)
                                          0x8 (size before relaxing)
 .ARM.exidx.text._utee_cryp_obj_copy
                0x000000000001dbc0        0x0 /home/palatrauss/optee_with_ftpm_ta/optee_os/out/arm/export-ta_arm32/lib/libutee.a(utee_syscalls_a32.o)
                                          0x8 (size before relaxing)
 .ARM.exidx.text._utee_cryp_derive_key
                0x000000000001dbc0        0x0 /home/palatrauss/optee_with_ftpm_ta/optee_os/out/arm/export-ta_arm32/lib/libutee.a(utee_syscalls_a32.o)
                                          0x8 (size before relaxing)
 .ARM.exidx.text._utee_cryp_random_number_generate
                0x000000000001dbc0        0x0 /home/palatrauss/optee_with_ftpm_ta/optee_os/out/arm/export-ta_arm32/lib/libutee.a(utee_syscalls_a32.o)
                                          0x8 (size before relaxing)
 .ARM.exidx.text._utee_authenc_init
                0x000000000001dbc0        0x0 /home/palatrauss/optee_with_ftpm_ta/optee_os/out/arm/export-ta_arm32/lib/libutee.a(utee_syscalls_a32.o)
                                          0x8 (size before relaxing)
 .ARM.exidx.text._utee_authenc_update_aad
                0x000000000001dbc0        0x0 /home/palatrauss/optee_with_ftpm_ta/optee_os/out/arm/export-ta_arm32/lib/libutee.a(utee_syscalls_a32.o)
                                          0x8 (size before relaxing)
 .ARM.exidx.text._utee_authenc_update_payload
                0x000000000001dbc0        0x0 /home/palatrauss/optee_with_ftpm_ta/optee_os/out/arm/export-ta_arm32/lib/libutee.a(utee_syscalls_a32.o)
                                          0x8 (size before relaxing)
 .ARM.exidx.text._utee_authenc_enc_final
                0x000000000001dbc0        0x0 /home/palatrauss/optee_with_ftpm_ta/optee_os/out/arm/export-ta_arm32/lib/libutee.a(utee_syscalls_a32.o)
                                          0x8 (size before relaxing)
 .ARM.exidx.text._utee_authenc_dec_final
                0x000000000001dbc0        0x0 /home/palatrauss/optee_with_ftpm_ta/optee_os/out/arm/export-ta_arm32/lib/libutee.a(utee_syscalls_a32.o)
                                          0x8 (size before relaxing)
 .ARM.exidx.text._utee_asymm_operate
                0x000000000001dbc0        0x0 /home/palatrauss/optee_with_ftpm_ta/optee_os/out/arm/export-ta_arm32/lib/libutee.a(utee_syscalls_a32.o)
                                          0x8 (size before relaxing)
 .ARM.exidx.text._utee_asymm_verify
                0x000000000001dbc0        0x0 /home/palatrauss/optee_with_ftpm_ta/optee_os/out/arm/export-ta_arm32/lib/libutee.a(utee_syscalls_a32.o)
                                          0x8 (size before relaxing)
 .ARM.exidx.text._utee_storage_obj_open
                0x000000000001dbc0        0x0 /home/palatrauss/optee_with_ftpm_ta/optee_os/out/arm/export-ta_arm32/lib/libutee.a(utee_syscalls_a32.o)
                                          0x8 (size before relaxing)
 .ARM.exidx.text._utee_storage_obj_create
                0x000000000001dbc0        0x0 /home/palatrauss/optee_with_ftpm_ta/optee_os/out/arm/export-ta_arm32/lib/libutee.a(utee_syscalls_a32.o)
                                          0x8 (size before relaxing)
 .ARM.exidx.text._utee_storage_obj_del
                0x000000000001dbc0        0x0 /home/palatrauss/optee_with_ftpm_ta/optee_os/out/arm/export-ta_arm32/lib/libutee.a(utee_syscalls_a32.o)
                                          0x8 (size before relaxing)
 .ARM.exidx.text._utee_storage_obj_rename
                0x000000000001dbc0        0x0 /home/palatrauss/optee_with_ftpm_ta/optee_os/out/arm/export-ta_arm32/lib/libutee.a(utee_syscalls_a32.o)
                                          0x8 (size before relaxing)
 .ARM.exidx.text._utee_storage_alloc_enum
                0x000000000001dbc0        0x0 /home/palatrauss/optee_with_ftpm_ta/optee_os/out/arm/export-ta_arm32/lib/libutee.a(utee_syscalls_a32.o)
                                          0x8 (size before relaxing)
 .ARM.exidx.text._utee_storage_free_enum
                0x000000000001dbc0        0x0 /home/palatrauss/optee_with_ftpm_ta/optee_os/out/arm/export-ta_arm32/lib/libutee.a(utee_syscalls_a32.o)
                                          0x8 (size before relaxing)
 .ARM.exidx.text._utee_storage_reset_enum
                0x000000000001dbc0        0x0 /home/palatrauss/optee_with_ftpm_ta/optee_os/out/arm/export-ta_arm32/lib/libutee.a(utee_syscalls_a32.o)
                                          0x8 (size before relaxing)
 .ARM.exidx.text._utee_storage_start_enum
                0x000000000001dbc0        0x0 /home/palatrauss/optee_with_ftpm_ta/optee_os/out/arm/export-ta_arm32/lib/libutee.a(utee_syscalls_a32.o)
                                          0x8 (size before relaxing)
 .ARM.exidx.text._utee_storage_next_enum
                0x000000000001dbc0        0x0 /home/palatrauss/optee_with_ftpm_ta/optee_os/out/arm/export-ta_arm32/lib/libutee.a(utee_syscalls_a32.o)
                                          0x8 (size before relaxing)
 .ARM.exidx.text._utee_storage_obj_read
                0x000000000001dbc0        0x0 /home/palatrauss/optee_with_ftpm_ta/optee_os/out/arm/export-ta_arm32/lib/libutee.a(utee_syscalls_a32.o)
                                          0x8 (size before relaxing)
 .ARM.exidx.text._utee_storage_obj_write
                0x000000000001dbc0        0x0 /home/palatrauss/optee_with_ftpm_ta/optee_os/out/arm/export-ta_arm32/lib/libutee.a(utee_syscalls_a32.o)
                                          0x8 (size before relaxing)
 .ARM.exidx.text._utee_storage_obj_trunc
                0x000000000001dbc0        0x0 /home/palatrauss/optee_with_ftpm_ta/optee_os/out/arm/export-ta_arm32/lib/libutee.a(utee_syscalls_a32.o)
                                          0x8 (size before relaxing)
 .ARM.exidx.text._utee_storage_obj_seek
                0x000000000001dbc0        0x0 /home/palatrauss/optee_with_ftpm_ta/optee_os/out/arm/export-ta_arm32/lib/libutee.a(utee_syscalls_a32.o)
                                          0x8 (size before relaxing)
 .ARM.exidx.text._utee_cryp_obj_generate_key
                0x000000000001dbc0        0x0 /home/palatrauss/optee_with_ftpm_ta/optee_os/out/arm/export-ta_arm32/lib/libutee.a(utee_syscalls_a32.o)
                                          0x8 (size before relaxing)
 .ARM.exidx.text._utee_cache_operation
                0x000000000001dbc0        0x0 /home/palatrauss/optee_with_ftpm_ta/optee_os/out/arm/export-ta_arm32/lib/libutee.a(utee_syscalls_a32.o)
                                          0x8 (size before relaxing)
 .ARM.exidx     0x000000000001dbc0        0x8 /home/palatrauss/optee_with_ftpm_ta/optee_os/out/arm/export-ta_arm32/lib/libutee.a(abort.o)
 .ARM.exidx     0x000000000001dbc8       0x10 /home/palatrauss/optee_with_ftpm_ta/optee_os/out/arm/export-ta_arm32/lib/libutee.a(assert.o)
 .ARM.exidx     0x000000000001dbd8      0x1c0 /home/palatrauss/optee_with_ftpm_ta/optee_os/out/arm/export-ta_arm32/lib/libutee.a(tee_api_arith_mpi.o)
 .ARM.exidx     0x000000000001dd98       0xa0 /home/palatrauss/optee_with_ftpm_ta/optee_os/out/arm/export-ta_arm32/lib/libutee.a(tee_api_property.o)
 .ARM.exidx     0x000000000001de38       0x20 /home/palatrauss/optee_with_ftpm_ta/optee_os/out/arm/export-ta_arm32/lib/libutee.a(tcb.o)
 .ARM.exidx     0x000000000001de58      0x250 /home/palatrauss/optee_with_ftpm_ta/optee_os/out/arm/export-ta_arm32/lib/libmbedtls.a(bignum.o)
 .ARM.exidx     0x000000000001e0a8      0x170 /home/palatrauss/optee_with_ftpm_ta/optee_os/out/arm/export-ta_arm32/lib/libmbedtls.a(bignum_core.o)
 .ARM.exidx     0x000000000001e218       0x88 /home/palatrauss/optee_with_ftpm_ta/optee_os/out/arm/export-ta_arm32/lib/libmbedtls.a(constant_time.o)
 .ARM.exidx     0x000000000001e2a0       0x10 /home/palatrauss/optee_with_ftpm_ta/optee_os/out/arm/export-ta_arm32/lib/libmbedtls.a(platform_util.o)
 .ARM.exidx     0x000000000001e2b0      0x1d8 /home/palatrauss/optee_with_ftpm_ta/optee_os/out/arm/export-ta_arm32/lib/libutils.a(bget_malloc.o)
 .ARM.exidx     0x000000000001e488       0x10 /home/palatrauss/optee_with_ftpm_ta/optee_os/out/arm/export-ta_arm32/lib/libutils.a(snprintf.o)
 .ARM.exidx     0x000000000001e498       0x40 /home/palatrauss/optee_with_ftpm_ta/optee_os/out/arm/export-ta_arm32/lib/libutils.a(mempool.o)
 .ARM.exidx     0x000000000001e4d8       0x20 /home/palatrauss/optee_with_ftpm_ta/optee_os/out/arm/export-ta_arm32/lib/libutils.a(base64.o)
 .ARM.exidx     0x000000000001e4f8        0x8 /home/palatrauss/optee_with_ftpm_ta/optee_os/out/arm/export-ta_arm32/lib/libutils.a(aeabi_unwind.o)
                                         0x18 (size before relaxing)
 .ARM.exidx     0x000000000001e500        0x8 /home/palatrauss/optee_with_ftpm_ta/optee_os/out/arm/export-ta_arm32/lib/libutils.a(memchr.o)
 .ARM.exidx     0x000000000001e508        0x8 /home/palatrauss/optee_with_ftpm_ta/optee_os/out/arm/export-ta_arm32/lib/libutils.a(strlen.o)
 .ARM.exidx     0x000000000001e510        0x8 /home/palatrauss/optee_with_ftpm_ta/optee_os/out/arm/export-ta_arm32/lib/libutils.a(memcpy.o)
 .ARM.exidx     0x000000000001e518        0x8 /home/palatrauss/optee_with_ftpm_ta/optee_os/out/arm/export-ta_arm32/lib/libutils.a(memmove.o)
 .ARM.exidx     0x000000000001e520        0x8 /home/palatrauss/optee_with_ftpm_ta/optee_os/out/arm/export-ta_arm32/lib/libutils.a(memset.o)
 .ARM.exidx     0x000000000001e528        0x8 /home/palatrauss/optee_with_ftpm_ta/optee_os/out/arm/export-ta_arm32/lib/libutils.a(strcmp.o)
 .ARM.exidx     0x000000000001e530        0x8 /home/palatrauss/optee_with_ftpm_ta/optee_os/out/arm/export-ta_arm32/lib/libutils.a(strlcpy.o)
 .ARM.exidx     0x000000000001e538       0x10 /home/palatrauss/optee_with_ftpm_ta/optee_os/out/arm/export-ta_arm32/lib/libutils.a(consttime_memcmp.o)
                                          0x8 (size before relaxing)
                [!provide]                        PROVIDE (__exidx_end = .)

.ctors
 *(SORT_BY_ALIGNMENT(.ctors))

.dtors
 *(SORT_BY_ALIGNMENT(.dtors))

.dynsym         0x000000000001e548       0x70
 *(SORT_BY_ALIGNMENT(.dynsym))
 .dynsym        0x000000000001e548       0x70 out/aes_ta.o

.dynstr         0x000000000001e5b8       0x36
 *(SORT_BY_ALIGNMENT(.dynstr))
 .dynstr        0x000000000001e5b8       0x36 out/aes_ta.o

.hash           0x000000000001e5f0       0x30
 *(SORT_BY_ALIGNMENT(.hash))
 .hash          0x000000000001e5f0       0x30 out/aes_ta.o
                0x000000000001f000                . = ALIGN (0x1000)

.dynamic        0x000000000001f000       0x88
 *(SORT_BY_ALIGNMENT(.dynamic))
 .dynamic       0x000000000001f000       0x88 out/aes_ta.o
                0x000000000001f000                _DYNAMIC

.tdata
 *(SORT_BY_ALIGNMENT(.tdata) SORT_BY_ALIGNMENT(.tdata.*) SORT_BY_ALIGNMENT(.gnu.linkonce.td.*))

.tbss
 *(SORT_BY_ALIGNMENT(.tbss) SORT_BY_ALIGNMENT(.tbss.*) SORT_BY_ALIGNMENT(.gnu.linkonce.tb.*))
 *(SORT_BY_ALIGNMENT(.tcommon))

.got            0x000000000001f088       0x70
 *(SORT_BY_ALIGNMENT(.got.plt))
 .got.plt       0x000000000001f088        0xc out/aes_ta.o
                0x000000000001f088                _GLOBAL_OFFSET_TABLE_
 *(SORT_BY_ALIGNMENT(.got))
 .got           0x000000000001f094       0x64 out/aes_ta.o

.rel.text
 *(SORT_BY_ALIGNMENT(.rel.text))
 *(SORT_BY_ALIGNMENT(.rel.gnu.linkonce.t*))

.rela.text
 *(SORT_BY_ALIGNMENT(.rela.text))
 *(SORT_BY_ALIGNMENT(.rela.gnu.linkonce.t*))

.rel.data
 *(SORT_BY_ALIGNMENT(.rel.data))
 *(SORT_BY_ALIGNMENT(.rel.gnu.linkonce.d*))

.rela.data
 *(SORT_BY_ALIGNMENT(.rela.data))
 *(SORT_BY_ALIGNMENT(.rela.gnu.linkonce.d*))

.rel.tdata
 *(SORT_BY_ALIGNMENT(.rel.tdata) SORT_BY_ALIGNMENT(.rel.tdata.*) SORT_BY_ALIGNMENT(.rel.gnu.linkonce.td.*))

.rela.tdata
 *(SORT_BY_ALIGNMENT(.rela.tdata) SORT_BY_ALIGNMENT(.rela.tdata.*) SORT_BY_ALIGNMENT(.rela.gnu.linkonce.td.*))

.rel.tbss
 *(SORT_BY_ALIGNMENT(.rel.tbss) SORT_BY_ALIGNMENT(.rel.tbss.*) SORT_BY_ALIGNMENT(.rel.gnu.linkonce.tb.*))

.rela.tbss
 *(SORT_BY_ALIGNMENT(.rela.tbss) SORT_BY_ALIGNMENT(.rela.tbss.*) SORT_BY_ALIGNMENT(.rela.gnu.linkonce.tb.*))

.rel.rodata
 *(SORT_BY_ALIGNMENT(.rel.rodata))
 *(SORT_BY_ALIGNMENT(.rel.gnu.linkonce.r*))

.rela.rodata
 *(SORT_BY_ALIGNMENT(.rela.rodata))
 *(SORT_BY_ALIGNMENT(.rela.gnu.linkonce.r*))

.rel.dyn        0x000000000001f0f8      0x128
 *(SORT_BY_ALIGNMENT(.rel.dyn))
 .rel.data.rel.ro
                0x000000000001f0f8        0x0 out/aes_ta.o
 .rel.iplt      0x000000000001f0f8        0x0 out/aes_ta.o
 .rel.data.rel.ro.local
                0x000000000001f0f8       0xf0 out/aes_ta.o
 .rel.data.rel.local
                0x000000000001f1e8       0x30 out/aes_ta.o
 .rel.data.rel  0x000000000001f218        0x8 out/aes_ta.o

.rel.got        0x000000000001f220       0xc8
 *(SORT_BY_ALIGNMENT(.rel.got))
 .rel.got       0x000000000001f220       0xc8 out/aes_ta.o

.rela.got
 *(SORT_BY_ALIGNMENT(.rela.got))

.rel.ctors
 *(SORT_BY_ALIGNMENT(.rel.ctors))

.rela.ctors
 *(SORT_BY_ALIGNMENT(.rela.ctors))

.rel.dtors
 *(SORT_BY_ALIGNMENT(.rel.dtors))

.rela.dtors
 *(SORT_BY_ALIGNMENT(.rela.dtors))

.rel.init
 *(SORT_BY_ALIGNMENT(.rel.init))

.rela.init
 *(SORT_BY_ALIGNMENT(.rela.init))

.rel.fini
 *(SORT_BY_ALIGNMENT(.rel.fini))

.rela.fini
 *(SORT_BY_ALIGNMENT(.rela.fini))

.rel.bss        0x000000000001f2e8        0x0
 *(SORT_BY_ALIGNMENT(.rel.bss))
 .rel.bss       0x000000000001f2e8        0x0 out/aes_ta.o

.rela.bss
 *(SORT_BY_ALIGNMENT(.rela.bss))

.rel.plt        0x000000000001f2e8        0x0
 *(SORT_BY_ALIGNMENT(.rel.plt))
 .rel.plt       0x000000000001f2e8        0x0 out/aes_ta.o

.rela.plt
 *(SORT_BY_ALIGNMENT(.rela.plt))
